Microchip MPLAB XC8 Compiler V2.40

Linker command line:

-W-3 \
  --edf=C:\Program Files\Microchip\xc8\v2.40\pic\dat\20220703182018_en.msgs \
  -cn -h+dist/default/debug\final-project-darciea-matti.X.debug.sym \
  --cmf=dist/default/debug\final-project-darciea-matti.X.debug.cmf -z \
  -Q18F67K40 -oC:\Users\darci\AppData\Local\Temp\xcAsmds.4 \
  --defsym=__MPLAB_BUILD=1 --fixupoverflow=error \
  -Mdist/default/debug/final-project-darciea-matti.X.debug.map \
  --md=C:\Users\darci\AppData\Local\Temp\xcAsmds.dat -E1 -ver=XC8 Compiler \
  --acfsm=1493 -ACODE=00h-01FFFFh -ACONST=00h-01FFFFh \
  -ASMALLCONST=0E00h-0EFFhx498 -AMEDIUMCONST=0E00h-0FFFFh,010E00h-01FFFFh \
  -ACOMRAM=01h-05Fh -AABS1=00h-0DE9h -ABIGRAM=01h-0DE9h \
  -ARAM=060h-0FFh,0100h-01FFhx12,0D00h-0DE9h -ABANK0=060h-0FFh \
  -ABANK1=0100h-01FFh -ABANK2=0200h-02FFh -ABANK3=0300h-03FFh \
  -ABANK4=0400h-04FFh -ABANK5=0500h-05FFh -ABANK6=0600h-06FFh \
  -ABANK7=0700h-07FFh -ABANK8=0800h-08FFh -ABANK9=0900h-09FFh \
  -ABANK10=0A00h-0AFFh -ABANK11=0B00h-0BFFh -ABANK12=0C00h-0CFFh \
  -ABANK13=0D00h-0DE9h \
  -ASFR=0DEFh-0DFFh,0E00h-0EFFh,0F00h-0F5Fh,0F60h-0FFFh \
  -ABIGSFR=0DEFh-0FFFh -ACONFIG=0300000h-030000Bh -AIDLOC=0200000h-020000Fh \
  -AEEDATA=0310000h-03103FFh -peeprom_data=EEDATA \
  -preset_vec=00h,intcode,intcodelo,powerup,init -pramtop=0E00h \
  -psmallconst=SMALLCONST -pmediumconst=MEDIUMCONST -pconst=CONST \
  -AFARRAM=00h-00h \
  -prdata=COMRAM,nvrram=COMRAM,nvbit=COMRAM,rbss=COMRAM,rbit=COMRAM \
  -pfarbss=FARRAM,fardata=FARRAM,nvFARRAM=FARRAM \
  -pintsave_regs=BIGRAM,bigbss=BIGRAM,bigdata=BIGRAM -pbss=RAM \
  -pidata=CODE,irdata=CODE,ibigdata=CODE,ifardata=CODE -prparam=COMRAM \
  C:\Users\darci\AppData\Local\Temp\xcAsmds.o \
  dist/default/debug\final-project-darciea-matti.X.debug.o 

Object code version is 3.11

Machine type is 18F67K40



                Name                               Link     Load   Length Selector   Space Scale
C:\Users\darci\AppData\Local\Temp\xcAsmds.o
                idloc                            200000   200000       10        0       5
                config                           300000   300000        C        0       4
                init                                  2        2        4        0       0
                reset_vec                             0        0        2        0       0
dist/default/debug\final-project-darciea-matti.X.debug.o
                idloc                            200000   200000       10        0       5
                config                           300000   300000        C        0       4
                smallconst                          E00      E00       2A      700       0
                text27                             1D10     1D10       22      715       0
                text26                             1C98     1C98       2A      715       0
                text25                             1CC2     1CC2       28      715       0
                text24                             1DB8     1DB8        A      715       0
                text23                             1DAE     1DAE        A      715       0
                text22                             1DA2     1DA2        C      715       0
                text21                             1D52     1D52       20      715       0
                text20                             1C34     1C34       34      715       0
                text19                             19E2     19E2       76      715       0
                text18                             18E0     18E0       88      715       0
                text17                             1D32     1D32       20      715       0
                text16                             1D8A     1D8A       18      715       0
                text15                             1C68     1C68       30      715       0
                text14                             1A58     1A58       74      715       0
                text13                             1CEA     1CEA       26      715       0
                text12                             13E8     13E8      16C      715       0
                text11                             1260     1260      188      715       0
                text10                             1554     1554      164      715       0
                text9                              1BF4     1BF4       40      715       0
                text8                              1DC2     1DC2        2      715       0
                text7                              1816     1816       CA      715       0
                text6                              1B70     1B70       44      715       0
                text5                              1968     1968       7A      715       0
                text4                               E2A      E2A      27E      715       0
                text3                              16B8     16B8      15E      715       0
                text2                              1B1E     1B1E       52      715       0
                text1                              1ACC     1ACC       52      715       0
                text0                              10A8     10A8      1B8      715       0
                cstackCOMRAM                          1        1       5E        1       1
                cstackBANK0                          60       60       4F       60       1
                bssBANK1                            100      100       5C      100       1
                dataBANK0                            CB       CB       18       60       1
                bssBANK0                             AF       AF       1C       60       1
                bssCOMRAM                            5F       5F        1        1       1
                cinit                              1BB4     1BB4       40      715       0
                idataBANK0                         1D72     1D72       18      715       0

TOTAL           Name                               Link     Load   Length     Space
        CLASS   CODE           
                init                                  2        2        4         0
                reset_vec                             0        0        2         0
                text27                             1D10     1D10       22         0
                text26                             1C98     1C98       2A         0
                text25                             1CC2     1CC2       28         0
                text24                             1DB8     1DB8        A         0
                text23                             1DAE     1DAE        A         0
                text22                             1DA2     1DA2        C         0
                text21                             1D52     1D52       20         0
                text20                             1C34     1C34       34         0
                text19                             19E2     19E2       76         0
                text18                             18E0     18E0       88         0
                text17                             1D32     1D32       20         0
                text16                             1D8A     1D8A       18         0
                text15                             1C68     1C68       30         0
                text14                             1A58     1A58       74         0
                text13                             1CEA     1CEA       26         0
                text12                             13E8     13E8      16C         0
                text11                             1260     1260      188         0
                text10                             1554     1554      164         0
                text9                              1BF4     1BF4       40         0
                text8                              1DC2     1DC2        2         0
                text7                              1816     1816       CA         0
                text6                              1B70     1B70       44         0
                text5                              1968     1968       7A         0
                text4                               E2A      E2A      27E         0
                text3                              16B8     16B8      15E         0
                text2                              1B1E     1B1E       52         0
                text1                              1ACC     1ACC       52         0
                text0                              10A8     10A8      1B8         0
                cinit                              1BB4     1BB4       40         0
                idataBANK0                         1D72     1D72       18         0

        CLASS   CONST          

        CLASS   SMALLCONST     
                smallconst                          E00      E00       2A         0

        CLASS   MEDIUMCONST    

        CLASS   COMRAM         
                cstackCOMRAM                          1        1       5E         1
                bssCOMRAM                            5F       5F        1         1

        CLASS   ABS1           

        CLASS   BIGRAM         

        CLASS   RAM            

        CLASS   BANK0          
                cstackBANK0                          60       60       4F         1
                dataBANK0                            CB       CB       18         1
                bssBANK0                             AF       AF       1C         1

        CLASS   BANK1          
                bssBANK1                            100      100       5C         1

        CLASS   BANK2          

        CLASS   BANK3          

        CLASS   BANK4          

        CLASS   BANK5          

        CLASS   BANK6          

        CLASS   BANK7          

        CLASS   BANK8          

        CLASS   BANK9          

        CLASS   BANK10         

        CLASS   BANK11         

        CLASS   BANK12         

        CLASS   BANK13         

        CLASS   SFR            

        CLASS   BIGSFR         

        CLASS   CONFIG         
                config                           300000   300000        C         4

        CLASS   IDLOC          
                idloc                            200000   200000       10         5

        CLASS   EEDATA         

        CLASS   FARRAM         

        CLASS   HEAP           

        CLASS   STACK          



SEGMENTS        Name                           Load    Length   Top    Selector   Space  Class

                reset_vec                      000000  000006  000006         0       0  CODE    
                cstackCOMRAM                   000001  00005F  000060         1       1  COMRAM  
                cstackBANK0                    000060  000083  0000E3        60       1  BANK0   
                bssBANK1                       000100  00005C  00015C       100       1  BANK1   
                smallconst                     000E00  00002A  000E2A       700       0  SMALLCON
                text4                          000E2A  000F9A  001DC4       715       0  CODE    


UNUSED ADDRESS RANGES

        Name                Unused          Largest block    Delta
        BANK0            0000E3-0000FF               1D
        BANK1            00015C-0001FF               A4
        BANK10           000A00-000AFF              100
        BANK11           000B00-000BFF              100
        BANK12           000C00-000CFF              100
        BANK13           000D00-000DE9               EA
        BANK2            000200-0002FF              100
        BANK3            000300-0003FF              100
        BANK4            000400-0004FF              100
        BANK5            000500-0005FF              100
        BANK6            000600-0006FF              100
        BANK7            000700-0007FF              100
        BANK8            000800-0008FF              100
        BANK9            000900-0009FF              100
        BIGRAM           0000E3-0000FF               1D
                         00015C-000DE9              C8E
        BIGSFR           000DEF-000FFF              211
        CODE             000006-000DFF              DFA
                         001DC4-01FFFF            1E23C
        CONST            000006-000DFF              DFA
                         001DC4-01FFFF            1E23C
        EEDATA           310000-3103FF              400
        MEDIUMCONST      001DC4-00FFFF             E23C
                         010E00-01FFFF             F200
        RAM              0000E3-0000FF               1D
                         00015C-000DE9              100
        SFR              000DEF-000FFF              100
        SMALLCONST       001DC4-01FFFF              100

                                  Symbol Table

?___aodiv                       cstackCOMRAM 000001
?___aomod                       cstackCOMRAM 000001
?___lwdiv                       cstackCOMRAM 000007
?___wmul                        cstackCOMRAM 000001
?_abs                           cstackCOMRAM 000013
?_sprintf                       cstackCOMRAM 000059
?_vfprintf                      cstackCOMRAM 000051
I2C_2_Master_Write@data_byte    cstackCOMRAM 000002
_ANSELDbits                     (abs)        000EA7
_BAUD4CONbits                   (abs)        000EE9
_CCP1CONbits                    (abs)        000FAB
_CCP2CONbits                    (abs)        000FA7
_CCP3CONbits                    (abs)        000F26
_CCP4CONbits                    (abs)        000F22
_CCPR1H                         (abs)        000FAA
_CCPR2H                         (abs)        000FA6
_CCPR3H                         (abs)        000F25
_CCPR4H                         (abs)        000F21
_CCPTMRS0bits                   (abs)        000FAD
_EUSART4RXbuf                   bssBANK0     0000AF
_EUSART4TXbuf                   bssBANK1     000100
_I2C_2_Master_Idle              text25       001CC2
_I2C_2_Master_Init              text26       001C98
_I2C_2_Master_Start             text24       001DB8
_I2C_2_Master_Stop              text23       001DAE
_I2C_2_Master_Write             text22       001DA2
_LATAbits                       (abs)        000F79
_LATDbits                       (abs)        000F7C
_LATFbits                       (abs)        000F7E
_LATGbits                       (abs)        000F7F
_LATHbits                       (abs)        000F80
_LEDSon_init                    text27       001D10
_PIE4bits                       (abs)        000E2D
_PIR4bits                       (abs)        000E37
_PORTFbits                      (abs)        000F8E
_RC0PPS                         (abs)        000E62
_RC4REG                         (abs)        000EE3
_RC4STAbits                     (abs)        000EE7
_RC7PPS                         (abs)        000E69
_RD5PPS                         (abs)        000E6F
_RD6PPS                         (abs)        000E70
_RE2PPS                         (abs)        000E74
_RE4PPS                         (abs)        000E76
_RG6PPS                         (abs)        000E88
_RX4PPS                         (abs)        000E15
_RxBufReadCnt                   bssBANK0     0000C9
_RxBufWriteCnt                  bssBANK0     0000CA
_SP4BRGH                        (abs)        000EE6
_SP4BRGL                        (abs)        000EE5
_SSP2ADD                        (abs)        000ED6
_SSP2BUF                        (abs)        000ED5
_SSP2CLKPPS                     (abs)        000E1C
_SSP2CON1bits                   (abs)        000ED9
_SSP2CON2                       (abs)        000EDA
_SSP2CON2bits                   (abs)        000EDA
_SSP2DATPPS                     (abs)        000E1D
_SSP2STAT                       (abs)        000ED8
_T2CLKCONbits                   (abs)        000FBF
_T2CONbits                      (abs)        000FBD
_T2HLTbits                      (abs)        000FBE
_T2PR                           (abs)        000FBC
_TRISAbits                      (abs)        000F81
_TRISCbits                      (abs)        000F83
_TRISDbits                      (abs)        000F84
_TRISEbits                      (abs)        000F85
_TRISFbits                      (abs)        000F86
_TRISGbits                      (abs)        000F87
_TRISHbits                      (abs)        000F88
_TX4REG                         (abs)        000EE4
_TX4STAbits                     (abs)        000EE8
_TxBufReadCnt                   bssBANK0     0000C8
_TxBufWriteCnt                  bssCOMRAM    00005F
__HRAM                          (abs)        000000
__Habs1                         abs1         000000
__Hbank0                        bank0        000000
__Hbank1                        bank1        000000
__Hbank10                       bank10       000000
__Hbank11                       bank11       000000
__Hbank12                       bank12       000000
__Hbank13                       bank13       000000
__Hbank2                        bank2        000000
__Hbank3                        bank3        000000
__Hbank4                        bank4        000000
__Hbank5                        bank5        000000
__Hbank6                        bank6        000000
__Hbank7                        bank7        000000
__Hbank8                        bank8        000000
__Hbank9                        bank9        000000
__Hbigbss                       bigbss       000000
__Hbigdata                      bigdata      000000
__Hbigram                       bigram       000000
__Hbigsfr                       bigsfr       000000
__Hbss                          bss          000000
__HbssBANK0                     bssBANK0     000000
__HbssBANK1                     bssBANK1     000000
__HbssCOMRAM                    bssCOMRAM    000000
__Hcinit                        cinit        000000
__Hclrtext                      clrtext      000000
__Hcomram                       comram       000000
__Hconfig                       config       30000C
__Hconst                        const        000000
__HcstackBANK0                  cstackBANK0  000000
__HcstackCOMRAM                 cstackCOMRAM 000000
__Hdata                         data         000000
__HdataBANK0                    dataBANK0    000000
__Heeprom_data                  eeprom_data  000000
__Hfarbss                       farbss       000000
__Hfardata                      fardata      000000
__Hheap                         heap         000000
__Hibigdata                     ibigdata     000000
__Hidata                        idata        000000
__HidataBANK0                   idataBANK0   000000
__Hidloc                        idloc        200010
__Hifardata                     ifardata     000000
__Hinit                         init         000006
__Hintcode                      intcode      000002
__Hintcode_body                 intcode_body 000000
__Hintcodelo                    intcodelo    000002
__Hintentry                     intentry     000000
__Hintret                       intret       000000
__Hintsave_regs                 intsave_regs 000000
__Hirdata                       irdata       000000
__Hmediumconst                  mediumconst  000000
__HnvFARRAM                     nvFARRAM     000000
__Hnvbit                        nvbit        000000
__Hnvrram                       nvrram       000000
__Hparam                        rparam       000000
__Hpowerup                      powerup      000002
__Hram                          ram          000000
__Hramtop                       ramtop       000E00
__Hrbit                         rbit         000000
__Hrbss                         rbss         000000
__Hrdata                        rdata        000000
__Hreset_vec                    reset_vec    000002
__Hrparam                       rparam       000000
__Hsfr                          sfr          000000
__Hsmallconst                   smallconst   000E2A
__Hspace_0                      (abs)        001DC4
__Hspace_1                      (abs)        00015C
__Hspace_2                      (abs)        000000
__Hspace_4                      (abs)        60000C
__Hstack                        stack        000000
__Hstruct                       struct       000000
__Htemp                         temp         000000
__Htext                         text         000000
__Htext0                        text0        000000
__Htext1                        text1        000000
__Htext10                       text10       000000
__Htext11                       text11       000000
__Htext12                       text12       000000
__Htext13                       text13       000000
__Htext14                       text14       000000
__Htext15                       text15       000000
__Htext16                       text16       000000
__Htext17                       text17       000000
__Htext18                       text18       000000
__Htext19                       text19       000000
__Htext2                        text2        000000
__Htext20                       text20       000000
__Htext21                       text21       000000
__Htext22                       text22       000000
__Htext23                       text23       000000
__Htext24                       text24       000000
__Htext25                       text25       000000
__Htext26                       text26       000000
__Htext27                       text27       000000
__Htext3                        text3        000000
__Htext4                        text4        000000
__Htext5                        text5        000000
__Htext6                        text6        000000
__Htext7                        text7        000000
__Htext8                        text8        000000
__Htext9                        text9        000000
__LRAM                          (abs)        000001
__Labs1                         abs1         000000
__Lbank0                        bank0        000000
__Lbank1                        bank1        000000
__Lbank10                       bank10       000000
__Lbank11                       bank11       000000
__Lbank12                       bank12       000000
__Lbank13                       bank13       000000
__Lbank2                        bank2        000000
__Lbank3                        bank3        000000
__Lbank4                        bank4        000000
__Lbank5                        bank5        000000
__Lbank6                        bank6        000000
__Lbank7                        bank7        000000
__Lbank8                        bank8        000000
__Lbank9                        bank9        000000
__Lbigbss                       bigbss       000000
__Lbigdata                      bigdata      000000
__Lbigram                       bigram       000000
__Lbigsfr                       bigsfr       000000
__Lbss                          bss          000000
__LbssBANK0                     bssBANK0     000000
__LbssBANK1                     bssBANK1     000000
__LbssCOMRAM                    bssCOMRAM    000000
__Lcinit                        cinit        000000
__Lclrtext                      clrtext      000000
__Lcomram                       comram       000000
__Lconfig                       config       000000
__Lconst                        const        000000
__LcstackBANK0                  cstackBANK0  000000
__LcstackCOMRAM                 cstackCOMRAM 000000
__Ldata                         data         000000
__LdataBANK0                    dataBANK0    000000
__Leeprom_data                  eeprom_data  000000
__Lfarbss                       farbss       000000
__Lfardata                      fardata      000000
__Lheap                         heap         000000
__Libigdata                     ibigdata     000000
__Lidata                        idata        000000
__LidataBANK0                   idataBANK0   000000
__Lidloc                        idloc        000000
__Lifardata                     ifardata     000000
__Linit                         init         000002
__Lintcode                      intcode      000002
__Lintcode_body                 intcode_body 000000
__Lintcodelo                    intcodelo    000002
__Lintentry                     intentry     000000
__Lintret                       intret       000000
__Lintsave_regs                 intsave_regs 000000
__Lirdata                       irdata       000000
__Lmediumconst                  mediumconst  000000
__LnvFARRAM                     nvFARRAM     000000
__Lnvbit                        nvbit        000000
__Lnvrram                       nvrram       000000
__Lparam                        rparam       000000
__Lpowerup                      powerup      000002
__Lram                          ram          000000
__Lramtop                       ramtop       000E00
__Lrbit                         rbit         000000
__Lrbss                         rbss         000000
__Lrdata                        rdata        000000
__Lreset_vec                    reset_vec    000000
__Lrparam                       rparam       000000
__Lsfr                          sfr          000000
__Lsmallconst                   smallconst   000E00
__Lspace_0                      (abs)        000000
__Lspace_1                      (abs)        000000
__Lspace_2                      (abs)        000000
__Lspace_4                      (abs)        000000
__Lstack                        stack        000000
__Lstruct                       struct       000000
__Ltemp                         temp         000000
__Ltext                         text         000000
__Ltext0                        text0        000000
__Ltext1                        text1        000000
__Ltext10                       text10       000000
__Ltext11                       text11       000000
__Ltext12                       text12       000000
__Ltext13                       text13       000000
__Ltext14                       text14       000000
__Ltext15                       text15       000000
__Ltext16                       text16       000000
__Ltext17                       text17       000000
__Ltext18                       text18       000000
__Ltext19                       text19       000000
__Ltext2                        text2        000000
__Ltext20                       text20       000000
__Ltext21                       text21       000000
__Ltext22                       text22       000000
__Ltext23                       text23       000000
__Ltext24                       text24       000000
__Ltext25                       text25       000000
__Ltext26                       text26       000000
__Ltext27                       text27       000000
__Ltext3                        text3        000000
__Ltext4                        text4        000000
__Ltext5                        text5        000000
__Ltext6                        text6        000000
__Ltext7                        text7        000000
__Ltext8                        text8        000000
__Ltext9                        text9        000000
__S0                            (abs)        001DC4
__S1                            (abs)        00015C
__S4                            (abs)        000000
__S5                            (abs)        000000
___aodiv                        text11       001260
___aodiv@counter                cstackCOMRAM 000011
___aodiv@dividend               cstackCOMRAM 000001
___aodiv@divisor                cstackCOMRAM 000009
___aodiv@quotient               cstackCOMRAM 000013
___aodiv@sign                   cstackCOMRAM 000012
___aomod                        text10       001554
___aomod@counter                cstackCOMRAM 000011
___aomod@dividend               cstackCOMRAM 000001
___aomod@divisor                cstackCOMRAM 000009
___aomod@sign                   cstackCOMRAM 000012
___heap_hi                      (abs)        000000
___heap_lo                      (abs)        000000
___inthi_sp                     stack        000000
___intlo_sp                     stack        000000
___lwdiv                        text14       001A58
___lwdiv@counter                cstackCOMRAM 00000D
___lwdiv@dividend               cstackCOMRAM 000007
___lwdiv@divisor                cstackCOMRAM 000009
___lwdiv@quotient               cstackCOMRAM 00000B
___param_bank                   (abs)        000000
___rparam_used                  (abs)        000001
___sp                           stack        000000
___wmul                         text13       001CEA
___wmul@multiplicand            cstackCOMRAM 000003
___wmul@multiplier              cstackCOMRAM 000001
___wmul@product                 cstackCOMRAM 000005
__accesstop                     (abs)        000060
__activetblptr                  (abs)        000003
__end_of_I2C_2_Master_Idle      text25       001CEA
__end_of_I2C_2_Master_Init      text26       001CC2
__end_of_I2C_2_Master_Start     text24       001DC2
__end_of_I2C_2_Master_Stop      text23       001DB8
__end_of_I2C_2_Master_Write     text22       001DAE
__end_of_LEDSon_init            text27       001D32
__end_of___aodiv                text11       0013E8
__end_of___aomod                text10       0016B8
__end_of___lwdiv                text14       001ACC
__end_of___wmul                 text13       001D10
__end_of__initialization        cinit        001BEE
__end_of_abs                    text9        001C34
__end_of_color_click_init       text20       001C68
__end_of_color_writetoaddr      text21       001D72
__end_of_determine_card         text19       001A58
__end_of_dtoa                   text4        0010A8
__end_of_fputc                  text7        0018E0
__end_of_fputs                  text6        001BB4
__end_of_initDCmotorsPWM        text18       001968
__end_of_initUSART4             text17       001D52
__end_of_main                   text0        001260
__end_of_pad                    text5        0019E2
__end_of_putch                  text8        001DC4
__end_of_sendCharSerial4        text16       001DA2
__end_of_sendStringSerial4      text15       001C98
__end_of_setMotorPWM            text12       001554
__end_of_sprintf                text1        001B1E
__end_of_vfpfcnvrt              text3        001816
__end_of_vfprintf               text2        001B70
__initialization                cinit        001BB4
__mediumconst                   mediumconst  000000
__pbssBANK0                     bssBANK0     0000AF
__pbssBANK1                     bssBANK1     000100
__pbssCOMRAM                    bssCOMRAM    00005F
__pcinit                        cinit        001BB4
__pcstackBANK0                  cstackBANK0  000060
__pcstackCOMRAM                 cstackCOMRAM 000001
__pdataBANK0                    dataBANK0    0000CB
__pidataBANK0                   idataBANK0   001D72
__psmallconst                   smallconst   000E00
__ptext0                        text0        0010A8
__ptext1                        text1        001ACC
__ptext10                       text10       001554
__ptext11                       text11       001260
__ptext12                       text12       0013E8
__ptext13                       text13       001CEA
__ptext14                       text14       001A58
__ptext15                       text15       001C68
__ptext16                       text16       001D8A
__ptext17                       text17       001D32
__ptext18                       text18       0018E0
__ptext19                       text19       0019E2
__ptext2                        text2        001B1E
__ptext20                       text20       001C34
__ptext21                       text21       001D52
__ptext22                       text22       001DA2
__ptext23                       text23       001DAE
__ptext24                       text24       001DB8
__ptext25                       text25       001CC2
__ptext26                       text26       001C98
__ptext27                       text27       001D10
__ptext3                        text3        0016B8
__ptext4                        text4        000E2A
__ptext5                        text5        001968
__ptext6                        text6        001B70
__ptext7                        text7        001816
__ptext8                        text8        001DC2
__ptext9                        text9        001BF4
__ramtop                        ramtop       000E00
__smallconst                    smallconst   000E00
_abs                            text9        001BF4
_color_click_init               text20       001C34
_color_writetoaddr              text21       001D52
_dbuf                           bssBANK1     00013C
_determine_card                 text19       0019E2
_dtoa                           text4        000E2A
_dtoa$2241                      cstackCOMRAM 00002E
_flags                          bssBANK0     0000C7
_fputc                          text7        001816
_fputs                          text6        001B70
_initDCmotorsPWM                text18       0018E0
_initUSART4                     text17       001D32
_main                           text0        0010A8
_pad                            text5        001968
_prec                           bssBANK0     0000C5
_putch                          text8        001DC2
_sendCharSerial4                text16       001D8A
_sendStringSerial4              text15       001C68
_setMotorPWM                    text12       0013E8
_sprintf                        text1        001ACC
_vfpfcnvrt                      text3        0016B8
_vfprintf                       text2        001B1E
_width                          bssBANK0     0000C3
abs@a                           cstackCOMRAM 000013
color_writetoaddr@address       cstackCOMRAM 000004
color_writetoaddr@value         cstackCOMRAM 000003
determine_card@current_smallest cstackCOMRAM 000007
determine_card@i                cstackCOMRAM 000009
determine_card@master_closeness cstackCOMRAM 000001
dtoa@d                          cstackCOMRAM 00001E
dtoa@fp                         cstackCOMRAM 00001C
dtoa@i                          cstackCOMRAM 00003C
dtoa@n                          cstackCOMRAM 000034
dtoa@p                          cstackCOMRAM 000030
dtoa@s                          cstackCOMRAM 00003E
dtoa@w                          cstackCOMRAM 000032
end_of_initialization           cinit        001BEE
fputc@c                         cstackCOMRAM 000001
fputc@fp                        cstackCOMRAM 000003
fputs@c                         cstackCOMRAM 00000E
fputs@fp                        cstackCOMRAM 00000C
fputs@i                         cstackCOMRAM 00000F
fputs@s                         cstackCOMRAM 00000A
intlevel0                       text         000000
intlevel1                       text         000000
intlevel2                       text         000000
intlevel3                       text         000000
isa$std                         (abs)        000001
isa$xinst                       (abs)        000000
main@F14635                     dataBANK0    0000CB
main@F14641                     dataBANK0    0000DD
main@PWMcycle                   cstackBANK0  00009C
main@buf                        cstackBANK0  000081
main@card                       cstackBANK0  00009B
main@expected_values            cstackBANK0  00006F
main@master_closeness           cstackBANK0  000095
main@motorL                     cstackBANK0  00009D
main@motorR                     cstackBANK0  0000A6
pad@buf                         cstackCOMRAM 000013
pad@fp                          cstackCOMRAM 000011
pad@i                           cstackCOMRAM 000018
pad@p                           cstackCOMRAM 000015
pad@w                           cstackCOMRAM 00001A
sendCharSerial4@charToSend      cstackCOMRAM 000001
sendStringSerial4@string        cstackCOMRAM 000002
setMotorPWM@m                   cstackCOMRAM 00000E
setMotorPWM@negDuty             cstackCOMRAM 000013
setMotorPWM@posDuty             cstackCOMRAM 000012
sprintf@ap                      cstackBANK0  000060
sprintf@f                       cstackBANK0  000062
sprintf@fmt                     cstackCOMRAM 00005B
sprintf@s                       cstackCOMRAM 000059
stackhi                         (abs)        000000
stacklo                         (abs)        000000
start                           init         000002
start_initialization            cinit        001BB4
vfpfcnvrt@ap                    cstackCOMRAM 000043
vfpfcnvrt@convarg               cstackCOMRAM 000047
vfpfcnvrt@cp                    cstackCOMRAM 00004F
vfpfcnvrt@fmt                   cstackCOMRAM 000041
vfpfcnvrt@fp                    cstackCOMRAM 00003F
vfprintf@ap                     cstackCOMRAM 000055
vfprintf@cfmt                   cstackCOMRAM 000057
vfprintf@fmt                    cstackCOMRAM 000053
vfprintf@fp                     cstackCOMRAM 000051


MODULE INFORMATION

Module		Function		Class		Link	Load	Size
C:\Program Files\Microchip\xc8\v2.40\pic\sources\c99\common\nf_fputc.c
		_fputc         		CODE           	1816	0000	202

C:\Program Files\Microchip\xc8\v2.40\pic\sources\c99\common\nf_fputc.c estimated size: 202

serial.c
		_sendStringSerial4		CODE           	1C68	0000	48
		_sendCharSerial4		CODE           	1D8A	0000	24
		_initUSART4    		CODE           	1D32	0000	32

serial.c estimated size: 104

C:\Program Files\Microchip\xc8\v2.40\pic\sources\c99\common\nf_sprintf.c
		_sprintf       		CODE           	1ACC	0000	82

C:\Program Files\Microchip\xc8\v2.40\pic\sources\c99\common\nf_sprintf.c estimated size: 82

C:\Program Files\Microchip\xc8\v2.40\pic\sources\c99\common\lwdiv.c
		___lwdiv       		CODE           	1A58	0000	116

C:\Program Files\Microchip\xc8\v2.40\pic\sources\c99\common\lwdiv.c estimated size: 116

color.c
		_color_writetoaddr		CODE           	1D52	0000	32
		_color_click_init		CODE           	1C34	0000	52

color.c estimated size: 84

C:\Program Files\Microchip\xc8\v2.40\pic\sources\c99\common\Umul16.c
		___wmul        		CODE           	1CEA	0000	38

C:\Program Files\Microchip\xc8\v2.40\pic\sources\c99\common\Umul16.c estimated size: 38

dc_motor.c
		_initDCmotorsPWM		CODE           	18E0	0000	136
		_setMotorPWM   		CODE           	13E8	0000	364

dc_motor.c estimated size: 500

C:\Program Files\Microchip\xc8\v2.40\pic\sources\c99\common\abs.c
		_abs           		CODE           	1BF4	0000	64

C:\Program Files\Microchip\xc8\v2.40\pic\sources\c99\common\abs.c estimated size: 64

i2c.c
		_I2C_2_Master_Start		CODE           	1DB8	0000	10
		_I2C_2_Master_Idle		CODE           	1CC2	0000	40
		_I2C_2_Master_Init		CODE           	1C98	0000	42
		_I2C_2_Master_Stop		CODE           	1DAE	0000	10
		_I2C_2_Master_Write		CODE           	1DA2	0000	12

i2c.c estimated size: 114

LEDsOn.c
		_LEDSon_init   		CODE           	1D10	0000	34

LEDsOn.c estimated size: 34

C:\Program Files\Microchip\xc8\v2.40\pic\sources\c99\common\nf_fputs.c
		_fputs         		CODE           	1B70	0000	68

C:\Program Files\Microchip\xc8\v2.40\pic\sources\c99\common\nf_fputs.c estimated size: 68

C:\Program Files\Microchip\xc8\v2.40\pic\sources\c99\common\aomod.c
		___aomod       		CODE           	1554	0000	356

C:\Program Files\Microchip\xc8\v2.40\pic\sources\c99\common\aomod.c estimated size: 356

shared
		__initialization		CODE           	1BB4	0000	58

shared estimated size: 58

C:\Program Files\Microchip\xc8\v2.40\pic\sources\c99\common\putch.c
		_putch         		CODE           	1DC2	0000	2

C:\Program Files\Microchip\xc8\v2.40\pic\sources\c99\common\putch.c estimated size: 2

C:\Program Files\Microchip\xc8\v2.40\pic\sources\c99\common\doprnt.c
		_vfpfcnvrt     		CODE           	16B8	0000	350
		_pad           		CODE           	1968	0000	122
		_dtoa          		CODE           	0E2A	0000	638
		_vfprintf      		CODE           	1B1E	0000	82

C:\Program Files\Microchip\xc8\v2.40\pic\sources\c99\common\doprnt.c estimated size: 1192

colour_identify.c
		_determine_card		CODE           	19E2	0000	118

colour_identify.c estimated size: 118

main.c
		_main          		CODE           	10A8	0000	440

main.c estimated size: 440

C:\Program Files\Microchip\xc8\v2.40\pic\sources\c99\common\aodiv.c
		___aodiv       		CODE           	1260	0000	392

C:\Program Files\Microchip\xc8\v2.40\pic\sources\c99\common\aodiv.c estimated size: 392

