Microchip MPLAB XC8 Compiler V2.40

Linker command line:

-W-3 \
  --edf=C:\Program Files\Microchip\xc8\v2.40\pic\dat\20220703182018_en.msgs \
  -cn -h+dist/default/debug\final-project-darciea-matti.X.debug.sym \
  --cmf=dist/default/debug\final-project-darciea-matti.X.debug.cmf -z \
  -Q18F67K40 -oC:\Users\darci\AppData\Local\Temp\xcAse54.4 \
  --defsym=__MPLAB_BUILD=1 --fixupoverflow=error \
  -Mdist/default/debug/final-project-darciea-matti.X.debug.map \
  --md=C:\Users\darci\AppData\Local\Temp\xcAse54.dat -E1 -ver=XC8 Compiler \
  --acfsm=1493 -ACODE=00h-01FFFFh -ACONST=00h-01FFFFh \
  -ASMALLCONST=0E00h-0EFFhx498 -AMEDIUMCONST=0E00h-0FFFFh,010E00h-01FFFFh \
  -ACOMRAM=01h-05Fh -AABS1=00h-0DE9h -ABIGRAM=01h-0DE9h \
  -ARAM=060h-0FFh,0100h-01FFhx12,0D00h-0DE9h -ABANK0=060h-0FFh \
  -ABANK1=0100h-01FFh -ABANK2=0200h-02FFh -ABANK3=0300h-03FFh \
  -ABANK4=0400h-04FFh -ABANK5=0500h-05FFh -ABANK6=0600h-06FFh \
  -ABANK7=0700h-07FFh -ABANK8=0800h-08FFh -ABANK9=0900h-09FFh \
  -ABANK10=0A00h-0AFFh -ABANK11=0B00h-0BFFh -ABANK12=0C00h-0CFFh \
  -ABANK13=0D00h-0DE9h \
  -ASFR=0DEFh-0DFFh,0E00h-0EFFh,0F00h-0F5Fh,0F60h-0FFFh \
  -ABIGSFR=0DEFh-0FFFh -ACONFIG=0300000h-030000Bh -AIDLOC=0200000h-020000Fh \
  -AEEDATA=0310000h-03103FFh -peeprom_data=EEDATA \
  -preset_vec=00h,intcode,intcodelo,powerup,init -pramtop=0E00h \
  -psmallconst=SMALLCONST -pmediumconst=MEDIUMCONST -pconst=CONST \
  -AFARRAM=00h-00h \
  -prdata=COMRAM,nvrram=COMRAM,nvbit=COMRAM,rbss=COMRAM,rbit=COMRAM \
  -pfarbss=FARRAM,fardata=FARRAM,nvFARRAM=FARRAM \
  -pintsave_regs=BIGRAM,bigbss=BIGRAM,bigdata=BIGRAM -pbss=RAM \
  -pidata=CODE,irdata=CODE,ibigdata=CODE,ifardata=CODE -prparam=COMRAM \
  C:\Users\darci\AppData\Local\Temp\xcAse54.o \
  dist/default/debug\final-project-darciea-matti.X.debug.o 

Object code version is 3.11

Machine type is 18F67K40



                Name                               Link     Load   Length Selector   Space Scale
C:\Users\darci\AppData\Local\Temp\xcAse54.o
                idloc                            200000   200000       10        0       5
                config                           300000   300000        C        0       4
                init                                  2        2        4        0       0
                reset_vec                             0        0        2        0       0
dist/default/debug\final-project-darciea-matti.X.debug.o
                idloc                            200000   200000       10        0       5
                config                           300000   300000        C        0       4
                smallconst                          E00      E00       12      700       0
                text29                             1C20     1C20       22      709       0
                text28                             1BA8     1BA8       2A      709       0
                text27                             1BD2     1BD2       28      709       0
                text26                             1CBA     1CBA        A      709       0
                text25                             1CB0     1CB0        A      709       0
                text24                             1C9A     1C9A        C      709       0
                text23                             1C62     1C62       20      709       0
                text22                             1B44     1B44       34      709       0
                text21                             1AC2     1AC2       42      709       0
                text20                             1CA6     1CA6        A      709       0
                text19                             1998     1998       50      709       0
                text18                             17D0     17D0       88      709       0
                text17                             1C42     1C42       20      709       0
                text16                             1C82     1C82       18      709       0
                text15                             1B78     1B78       30      709       0
                text14                             18D2     18D2       74      709       0
                text13                             1BFA     1BFA       26      709       0
                text12                             1216     1216      16C      709       0
                text11                             108E     108E      188      709       0
                text10                             1382     1382      164      709       0
                text9                              1B04     1B04       40      709       0
                text8                              1CCE     1CCE        2      E67       0
                text7                              1706     1706       CA      709       0
                text6                              1A7E     1A7E       44      709       0
                text5                              1858     1858       7A      709       0
                text4                               E12      E12      27C      709       0
                text3                              14E6     14E6      14E      709       0
                text2                              19E8     19E8       4E      709       0
                text1                              1946     1946       52      709       0
                text0                              1634     1634       D2      709       0
                cstackCOMRAM                          1        1       5E        1       1
                cstackBANK0                          60       60       40       60       1
                bssBANK1                            100      100       3C      100       1
                dataBANK0                            DC       DC        9       60       1
                bssBANK0                             A0       A0       3C       60       1
                bssCOMRAM                            5F       5F        1        1       1
                cinit                              1A36     1A36       48      709       0
                idataBANK0                         1CC4     1CC4        9      709       0

TOTAL           Name                               Link     Load   Length     Space
        CLASS   CODE           
                init                                  2        2        4         0
                reset_vec                             0        0        2         0
                text29                             1C20     1C20       22         0
                text28                             1BA8     1BA8       2A         0
                text27                             1BD2     1BD2       28         0
                text26                             1CBA     1CBA        A         0
                text25                             1CB0     1CB0        A         0
                text24                             1C9A     1C9A        C         0
                text23                             1C62     1C62       20         0
                text22                             1B44     1B44       34         0
                text21                             1AC2     1AC2       42         0
                text20                             1CA6     1CA6        A         0
                text19                             1998     1998       50         0
                text18                             17D0     17D0       88         0
                text17                             1C42     1C42       20         0
                text16                             1C82     1C82       18         0
                text15                             1B78     1B78       30         0
                text14                             18D2     18D2       74         0
                text13                             1BFA     1BFA       26         0
                text12                             1216     1216      16C         0
                text11                             108E     108E      188         0
                text10                             1382     1382      164         0
                text9                              1B04     1B04       40         0
                text8                              1CCE     1CCE        2         0
                text7                              1706     1706       CA         0
                text6                              1A7E     1A7E       44         0
                text5                              1858     1858       7A         0
                text4                               E12      E12      27C         0
                text3                              14E6     14E6      14E         0
                text2                              19E8     19E8       4E         0
                text1                              1946     1946       52         0
                text0                              1634     1634       D2         0
                cinit                              1A36     1A36       48         0
                idataBANK0                         1CC4     1CC4        9         0

        CLASS   CONST          

        CLASS   SMALLCONST     
                smallconst                          E00      E00       12         0

        CLASS   MEDIUMCONST    

        CLASS   COMRAM         
                cstackCOMRAM                          1        1       5E         1
                bssCOMRAM                            5F       5F        1         1

        CLASS   ABS1           

        CLASS   BIGRAM         

        CLASS   RAM            

        CLASS   BANK0          
                cstackBANK0                          60       60       40         1
                dataBANK0                            DC       DC        9         1
                bssBANK0                             A0       A0       3C         1

        CLASS   BANK1          
                bssBANK1                            100      100       3C         1

        CLASS   BANK2          

        CLASS   BANK3          

        CLASS   BANK4          

        CLASS   BANK5          

        CLASS   BANK6          

        CLASS   BANK7          

        CLASS   BANK8          

        CLASS   BANK9          

        CLASS   BANK10         

        CLASS   BANK11         

        CLASS   BANK12         

        CLASS   BANK13         

        CLASS   SFR            

        CLASS   BIGSFR         

        CLASS   CONFIG         
                config                           300000   300000        C         4

        CLASS   IDLOC          
                idloc                            200000   200000       10         5

        CLASS   EEDATA         

        CLASS   FARRAM         

        CLASS   HEAP           

        CLASS   STACK          



SEGMENTS        Name                           Load    Length   Top    Selector   Space  Class

                reset_vec                      000000  000006  000006         0       0  CODE    
                cstackCOMRAM                   000001  00005F  000060         1       1  COMRAM  
                cstackBANK0                    000060  000085  0000E5        60       1  BANK0   
                bssBANK1                       000100  00003C  00013C       100       1  BANK1   
                smallconst                     000E00  000012  000E12       700       0  SMALLCON
                text4                          000E12  000EBB  001CCD       709       0  CODE    
                text8                          001CCE  000002  001CD0       E67       0  CODE    


UNUSED ADDRESS RANGES

        Name                Unused          Largest block    Delta
        BANK0            0000E5-0000FF               1B
        BANK1            00013C-0001FF               C4
        BANK10           000A00-000AFF              100
        BANK11           000B00-000BFF              100
        BANK12           000C00-000CFF              100
        BANK13           000D00-000DE9               EA
        BANK2            000200-0002FF              100
        BANK3            000300-0003FF              100
        BANK4            000400-0004FF              100
        BANK5            000500-0005FF              100
        BANK6            000600-0006FF              100
        BANK7            000700-0007FF              100
        BANK8            000800-0008FF              100
        BANK9            000900-0009FF              100
        BIGRAM           0000E5-0000FF               1B
                         00013C-000DE9              CAE
        BIGSFR           000DEF-000FFF              211
        CODE             000006-000DFF              DFA
                         001CCD-001CCD                1
                         001CD0-01FFFF            1E330
        CONST            000006-000DFF              DFA
                         001CCD-001CCD                1
                         001CD0-01FFFF            1E330
        EEDATA           310000-3103FF              400
        MEDIUMCONST      001CCD-001CCD                1
                         001CD0-00FFFF             E330
                         010E00-01FFFF             F200
        RAM              0000E5-0000FF               1B
                         00013C-000DE9              100
        SFR              000DEF-000FFF              100
        SMALLCONST       001CCD-001CCD                1
                         001CD0-01FFFF              100

                                  Symbol Table

?___aodiv                      cstackCOMRAM 000001
?___aomod                      cstackCOMRAM 000001
?___lwdiv                      cstackCOMRAM 000007
?___wmul                       cstackCOMRAM 000001
?_abs                          cstackCOMRAM 000013
?_color_read_Red               cstackCOMRAM 000005
?_sprintf                      cstackCOMRAM 000059
?_vfprintf                     cstackCOMRAM 000051
I2C_2_Master_Read@ack          cstackCOMRAM 000003
I2C_2_Master_Read@tmp          cstackCOMRAM 000004
I2C_2_Master_Write@data_byte   cstackCOMRAM 000002
_ANSELDbits                    (abs)        000EA7
_BAUD4CONbits                  (abs)        000EE9
_CCP1CONbits                   (abs)        000FAB
_CCP2CONbits                   (abs)        000FA7
_CCP3CONbits                   (abs)        000F26
_CCP4CONbits                   (abs)        000F22
_CCPR1H                        (abs)        000FAA
_CCPR2H                        (abs)        000FA6
_CCPR3H                        (abs)        000F25
_CCPR4H                        (abs)        000F21
_CCPTMRS0bits                  (abs)        000FAD
_EUSART4RXbuf                  bssBANK0     0000A0
_EUSART4TXbuf                  bssBANK1     000100
_I2C_2_Master_Idle             text27       001BD2
_I2C_2_Master_Init             text28       001BA8
_I2C_2_Master_Read             text21       001AC2
_I2C_2_Master_RepStart         text20       001CA6
_I2C_2_Master_Start            text26       001CBA
_I2C_2_Master_Stop             text25       001CB0
_I2C_2_Master_Write            text24       001C9A
_LATAbits                      (abs)        000F79
_LATDbits                      (abs)        000F7C
_LATFbits                      (abs)        000F7E
_LATGbits                      (abs)        000F7F
_LATHbits                      (abs)        000F80
_LEDSon_init                   text29       001C20
_PIE4bits                      (abs)        000E2D
_PIR4bits                      (abs)        000E37
_RC0PPS                        (abs)        000E62
_RC4REG                        (abs)        000EE3
_RC4STAbits                    (abs)        000EE7
_RC7PPS                        (abs)        000E69
_RD5PPS                        (abs)        000E6F
_RD6PPS                        (abs)        000E70
_RE2PPS                        (abs)        000E74
_RE4PPS                        (abs)        000E76
_RG6PPS                        (abs)        000E88
_RX4PPS                        (abs)        000E15
_RxBufReadCnt                  bssBANK0     0000BA
_RxBufWriteCnt                 bssBANK0     0000BB
_SP4BRGH                       (abs)        000EE6
_SP4BRGL                       (abs)        000EE5
_SSP2ADD                       (abs)        000ED6
_SSP2BUF                       (abs)        000ED5
_SSP2CLKPPS                    (abs)        000E1C
_SSP2CON1bits                  (abs)        000ED9
_SSP2CON2                      (abs)        000EDA
_SSP2CON2bits                  (abs)        000EDA
_SSP2DATPPS                    (abs)        000E1D
_SSP2STAT                      (abs)        000ED8
_T2CLKCONbits                  (abs)        000FBF
_T2CONbits                     (abs)        000FBD
_T2HLTbits                     (abs)        000FBE
_T2PR                          (abs)        000FBC
_TRISAbits                     (abs)        000F81
_TRISCbits                     (abs)        000F83
_TRISDbits                     (abs)        000F84
_TRISEbits                     (abs)        000F85
_TRISFbits                     (abs)        000F86
_TRISGbits                     (abs)        000F87
_TRISHbits                     (abs)        000F88
_TX4REG                        (abs)        000EE4
_TX4STAbits                    (abs)        000EE8
_TxBufReadCnt                  bssBANK0     0000B9
_TxBufWriteCnt                 bssCOMRAM    00005F
__HRAM                         (abs)        000000
__Habs1                        abs1         000000
__Hbank0                       bank0        000000
__Hbank1                       bank1        000000
__Hbank10                      bank10       000000
__Hbank11                      bank11       000000
__Hbank12                      bank12       000000
__Hbank13                      bank13       000000
__Hbank2                       bank2        000000
__Hbank3                       bank3        000000
__Hbank4                       bank4        000000
__Hbank5                       bank5        000000
__Hbank6                       bank6        000000
__Hbank7                       bank7        000000
__Hbank8                       bank8        000000
__Hbank9                       bank9        000000
__Hbigbss                      bigbss       000000
__Hbigdata                     bigdata      000000
__Hbigram                      bigram       000000
__Hbigsfr                      bigsfr       000000
__Hbss                         bss          000000
__HbssBANK0                    bssBANK0     000000
__HbssBANK1                    bssBANK1     000000
__HbssCOMRAM                   bssCOMRAM    000000
__Hcinit                       cinit        000000
__Hclrtext                     clrtext      000000
__Hcomram                      comram       000000
__Hconfig                      config       30000C
__Hconst                       const        000000
__HcstackBANK0                 cstackBANK0  000000
__HcstackCOMRAM                cstackCOMRAM 000000
__Hdata                        data         000000
__HdataBANK0                   dataBANK0    000000
__Heeprom_data                 eeprom_data  000000
__Hfarbss                      farbss       000000
__Hfardata                     fardata      000000
__Hheap                        heap         000000
__Hibigdata                    ibigdata     000000
__Hidata                       idata        000000
__HidataBANK0                  idataBANK0   000000
__Hidloc                       idloc        200010
__Hifardata                    ifardata     000000
__Hinit                        init         000006
__Hintcode                     intcode      000002
__Hintcode_body                intcode_body 000000
__Hintcodelo                   intcodelo    000002
__Hintentry                    intentry     000000
__Hintret                      intret       000000
__Hintsave_regs                intsave_regs 000000
__Hirdata                      irdata       000000
__Hmediumconst                 mediumconst  000000
__HnvFARRAM                    nvFARRAM     000000
__Hnvbit                       nvbit        000000
__Hnvrram                      nvrram       000000
__Hparam                       rparam       000000
__Hpowerup                     powerup      000002
__Hram                         ram          000000
__Hramtop                      ramtop       000E00
__Hrbit                        rbit         000000
__Hrbss                        rbss         000000
__Hrdata                       rdata        000000
__Hreset_vec                   reset_vec    000002
__Hrparam                      rparam       000000
__Hsfr                         sfr          000000
__Hsmallconst                  smallconst   000E12
__Hspace_0                     (abs)        001CD0
__Hspace_1                     (abs)        00013C
__Hspace_2                     (abs)        000000
__Hspace_4                     (abs)        60000C
__Hstack                       stack        000000
__Hstruct                      struct       000000
__Htemp                        temp         000000
__Htext                        text         000000
__Htext0                       text0        000000
__Htext1                       text1        000000
__Htext10                      text10       000000
__Htext11                      text11       000000
__Htext12                      text12       000000
__Htext13                      text13       000000
__Htext14                      text14       000000
__Htext15                      text15       000000
__Htext16                      text16       000000
__Htext17                      text17       000000
__Htext18                      text18       000000
__Htext19                      text19       000000
__Htext2                       text2        000000
__Htext20                      text20       000000
__Htext21                      text21       000000
__Htext22                      text22       000000
__Htext23                      text23       000000
__Htext24                      text24       000000
__Htext25                      text25       000000
__Htext26                      text26       000000
__Htext27                      text27       000000
__Htext28                      text28       000000
__Htext29                      text29       000000
__Htext3                       text3        000000
__Htext4                       text4        000000
__Htext5                       text5        000000
__Htext6                       text6        000000
__Htext7                       text7        000000
__Htext8                       text8        000000
__Htext9                       text9        000000
__LRAM                         (abs)        000001
__Labs1                        abs1         000000
__Lbank0                       bank0        000000
__Lbank1                       bank1        000000
__Lbank10                      bank10       000000
__Lbank11                      bank11       000000
__Lbank12                      bank12       000000
__Lbank13                      bank13       000000
__Lbank2                       bank2        000000
__Lbank3                       bank3        000000
__Lbank4                       bank4        000000
__Lbank5                       bank5        000000
__Lbank6                       bank6        000000
__Lbank7                       bank7        000000
__Lbank8                       bank8        000000
__Lbank9                       bank9        000000
__Lbigbss                      bigbss       000000
__Lbigdata                     bigdata      000000
__Lbigram                      bigram       000000
__Lbigsfr                      bigsfr       000000
__Lbss                         bss          000000
__LbssBANK0                    bssBANK0     000000
__LbssBANK1                    bssBANK1     000000
__LbssCOMRAM                   bssCOMRAM    000000
__Lcinit                       cinit        000000
__Lclrtext                     clrtext      000000
__Lcomram                      comram       000000
__Lconfig                      config       000000
__Lconst                       const        000000
__LcstackBANK0                 cstackBANK0  000000
__LcstackCOMRAM                cstackCOMRAM 000000
__Ldata                        data         000000
__LdataBANK0                   dataBANK0    000000
__Leeprom_data                 eeprom_data  000000
__Lfarbss                      farbss       000000
__Lfardata                     fardata      000000
__Lheap                        heap         000000
__Libigdata                    ibigdata     000000
__Lidata                       idata        000000
__LidataBANK0                  idataBANK0   000000
__Lidloc                       idloc        000000
__Lifardata                    ifardata     000000
__Linit                        init         000002
__Lintcode                     intcode      000002
__Lintcode_body                intcode_body 000000
__Lintcodelo                   intcodelo    000002
__Lintentry                    intentry     000000
__Lintret                      intret       000000
__Lintsave_regs                intsave_regs 000000
__Lirdata                      irdata       000000
__Lmediumconst                 mediumconst  000000
__LnvFARRAM                    nvFARRAM     000000
__Lnvbit                       nvbit        000000
__Lnvrram                      nvrram       000000
__Lparam                       rparam       000000
__Lpowerup                     powerup      000002
__Lram                         ram          000000
__Lramtop                      ramtop       000E00
__Lrbit                        rbit         000000
__Lrbss                        rbss         000000
__Lrdata                       rdata        000000
__Lreset_vec                   reset_vec    000000
__Lrparam                      rparam       000000
__Lsfr                         sfr          000000
__Lsmallconst                  smallconst   000E00
__Lspace_0                     (abs)        000000
__Lspace_1                     (abs)        000000
__Lspace_2                     (abs)        000000
__Lspace_4                     (abs)        000000
__Lstack                       stack        000000
__Lstruct                      struct       000000
__Ltemp                        temp         000000
__Ltext                        text         000000
__Ltext0                       text0        000000
__Ltext1                       text1        000000
__Ltext10                      text10       000000
__Ltext11                      text11       000000
__Ltext12                      text12       000000
__Ltext13                      text13       000000
__Ltext14                      text14       000000
__Ltext15                      text15       000000
__Ltext16                      text16       000000
__Ltext17                      text17       000000
__Ltext18                      text18       000000
__Ltext19                      text19       000000
__Ltext2                       text2        000000
__Ltext20                      text20       000000
__Ltext21                      text21       000000
__Ltext22                      text22       000000
__Ltext23                      text23       000000
__Ltext24                      text24       000000
__Ltext25                      text25       000000
__Ltext26                      text26       000000
__Ltext27                      text27       000000
__Ltext28                      text28       000000
__Ltext29                      text29       000000
__Ltext3                       text3        000000
__Ltext4                       text4        000000
__Ltext5                       text5        000000
__Ltext6                       text6        000000
__Ltext7                       text7        000000
__Ltext8                       text8        000000
__Ltext9                       text9        000000
__S0                           (abs)        001CD0
__S1                           (abs)        00013C
__S4                           (abs)        000000
__S5                           (abs)        000000
___aodiv                       text11       00108E
___aodiv@counter               cstackCOMRAM 000011
___aodiv@dividend              cstackCOMRAM 000001
___aodiv@divisor               cstackCOMRAM 000009
___aodiv@quotient              cstackCOMRAM 000013
___aodiv@sign                  cstackCOMRAM 000012
___aomod                       text10       001382
___aomod@counter               cstackCOMRAM 000011
___aomod@dividend              cstackCOMRAM 000001
___aomod@divisor               cstackCOMRAM 000009
___aomod@sign                  cstackCOMRAM 000012
___heap_hi                     (abs)        000000
___heap_lo                     (abs)        000000
___inthi_sp                    stack        000000
___intlo_sp                    stack        000000
___lwdiv                       text14       0018D2
___lwdiv@counter               cstackCOMRAM 00000D
___lwdiv@dividend              cstackCOMRAM 000007
___lwdiv@divisor               cstackCOMRAM 000009
___lwdiv@quotient              cstackCOMRAM 00000B
___param_bank                  (abs)        000000
___rparam_used                 (abs)        000001
___sp                          stack        000000
___wmul                        text13       001BFA
___wmul@multiplicand           cstackCOMRAM 000003
___wmul@multiplier             cstackCOMRAM 000001
___wmul@product                cstackCOMRAM 000005
__accesstop                    (abs)        000060
__activetblptr                 (abs)        000001
__end_of_I2C_2_Master_Idle     text27       001BFA
__end_of_I2C_2_Master_Init     text28       001BD2
__end_of_I2C_2_Master_Read     text21       001B04
__end_of_I2C_2_Master_RepStart text20       001CB0
__end_of_I2C_2_Master_Start    text26       001CC4
__end_of_I2C_2_Master_Stop     text25       001CBA
__end_of_I2C_2_Master_Write    text24       001CA6
__end_of_LEDSon_init           text29       001C42
__end_of___aodiv               text11       001216
__end_of___aomod               text10       0014E6
__end_of___lwdiv               text14       001946
__end_of___wmul                text13       001C20
__end_of__initialization       cinit        001A70
__end_of_abs                   text9        001B44
__end_of_color_click_init      text22       001B78
__end_of_color_read_Red        text19       0019E8
__end_of_color_writetoaddr     text23       001C82
__end_of_dtoa                  text4        00108E
__end_of_fputc                 text7        0017D0
__end_of_fputs                 text6        001AC2
__end_of_initDCmotorsPWM       text18       001858
__end_of_initUSART4            text17       001C62
__end_of_main                  text0        001706
__end_of_pad                   text5        0018D2
__end_of_putch                 text8        001CD0
__end_of_sendCharSerial4       text16       001C9A
__end_of_sendStringSerial4     text15       001BA8
__end_of_setMotorPWM           text12       001382
__end_of_sprintf               text1        001998
__end_of_vfpfcnvrt             text3        001634
__end_of_vfprintf              text2        001A36
__initialization               cinit        001A36
__mediumconst                  mediumconst  000000
__pbssBANK0                    bssBANK0     0000A0
__pbssBANK1                    bssBANK1     000100
__pbssCOMRAM                   bssCOMRAM    00005F
__pcinit                       cinit        001A36
__pcstackBANK0                 cstackBANK0  000060
__pcstackCOMRAM                cstackCOMRAM 000001
__pdataBANK0                   dataBANK0    0000DC
__pidataBANK0                  idataBANK0   001CC4
__psmallconst                  smallconst   000E00
__ptext0                       text0        001634
__ptext1                       text1        001946
__ptext10                      text10       001382
__ptext11                      text11       00108E
__ptext12                      text12       001216
__ptext13                      text13       001BFA
__ptext14                      text14       0018D2
__ptext15                      text15       001B78
__ptext16                      text16       001C82
__ptext17                      text17       001C42
__ptext18                      text18       0017D0
__ptext19                      text19       001998
__ptext2                       text2        0019E8
__ptext20                      text20       001CA6
__ptext21                      text21       001AC2
__ptext22                      text22       001B44
__ptext23                      text23       001C62
__ptext24                      text24       001C9A
__ptext25                      text25       001CB0
__ptext26                      text26       001CBA
__ptext27                      text27       001BD2
__ptext28                      text28       001BA8
__ptext29                      text29       001C20
__ptext3                       text3        0014E6
__ptext4                       text4        000E12
__ptext5                       text5        001858
__ptext6                       text6        001A7E
__ptext7                       text7        001706
__ptext8                       text8        001CCE
__ptext9                       text9        001B04
__ramtop                       ramtop       000E00
__smallconst                   smallconst   000E00
_abs                           text9        001B04
_color_click_init              text22       001B44
_color_read_Red                text19       001998
_color_writetoaddr             text23       001C62
_dbuf                          bssBANK0     0000BC
_dtoa                          text4        000E12
_dtoa$2078                     cstackCOMRAM 00002E
_flags                         bssBANK0     0000B8
_fputc                         text7        001706
_fputs                         text6        001A7E
_initDCmotorsPWM               text18       0017D0
_initUSART4                    text17       001C42
_main                          text0        001634
_pad                           text5        001858
_prec                          bssBANK0     0000B6
_putch                         text8        001CCE
_sendCharSerial4               text16       001C82
_sendStringSerial4             text15       001B78
_setMotorPWM                   text12       001216
_sprintf                       text1        001946
_vfpfcnvrt                     text3        0014E6
_vfprintf                      text2        0019E8
_width                         bssBANK0     0000B4
abs@a                          cstackCOMRAM 000013
color_read_Red@tmp             cstackCOMRAM 00000A
color_writetoaddr@address      cstackCOMRAM 000004
color_writetoaddr@value        cstackCOMRAM 000003
dtoa@d                         cstackCOMRAM 00001E
dtoa@fp                        cstackCOMRAM 00001C
dtoa@i                         cstackCOMRAM 00003C
dtoa@n                         cstackCOMRAM 000034
dtoa@p                         cstackCOMRAM 000030
dtoa@s                         cstackCOMRAM 00003E
dtoa@w                         cstackCOMRAM 000032
end_of_initialization          cinit        001A70
fputc@c                        cstackCOMRAM 000001
fputc@fp                       cstackCOMRAM 000003
fputs@c                        cstackCOMRAM 00000E
fputs@fp                       cstackCOMRAM 00000C
fputs@i                        cstackCOMRAM 00000F
fputs@s                        cstackCOMRAM 00000A
intlevel0                      text         000000
intlevel1                      text         000000
intlevel2                      text         000000
intlevel3                      text         000000
isa$std                        (abs)        000001
isa$xinst                      (abs)        000000
main@F14639                    dataBANK0    0000DC
main@PWMcycle                  cstackBANK0  00008C
main@blue_read                 cstackBANK0  00008B
main@buf                       cstackBANK0  000076
main@green_read                cstackBANK0  00008A
main@master_closeness          cstackBANK0  00006D
main@motorL                    cstackBANK0  00008E
main@motorR                    cstackBANK0  000097
main@red_read                  cstackBANK0  00008D
pad@buf                        cstackCOMRAM 000013
pad@fp                         cstackCOMRAM 000011
pad@i                          cstackCOMRAM 000018
pad@p                          cstackCOMRAM 000015
pad@w                          cstackCOMRAM 00001A
sendCharSerial4@charToSend     cstackCOMRAM 000001
sendStringSerial4@string       cstackCOMRAM 000002
setMotorPWM@m                  cstackCOMRAM 00000E
setMotorPWM@negDuty            cstackCOMRAM 000013
setMotorPWM@posDuty            cstackCOMRAM 000012
sprintf@ap                     cstackBANK0  000060
sprintf@f                      cstackBANK0  000062
sprintf@fmt                    cstackCOMRAM 00005B
sprintf@s                      cstackCOMRAM 000059
stackhi                        (abs)        000000
stacklo                        (abs)        000000
start                          init         000002
start_initialization           cinit        001A36
vfpfcnvrt@ap                   cstackCOMRAM 000043
vfpfcnvrt@convarg              cstackCOMRAM 000047
vfpfcnvrt@cp                   cstackCOMRAM 00004F
vfpfcnvrt@fmt                  cstackCOMRAM 000041
vfpfcnvrt@fp                   cstackCOMRAM 00003F
vfprintf@ap                    cstackCOMRAM 000055
vfprintf@cfmt                  cstackCOMRAM 000057
vfprintf@fmt                   cstackCOMRAM 000053
vfprintf@fp                    cstackCOMRAM 000051


MODULE INFORMATION

Module		Function		Class		Link	Load	Size
C:\Program Files\Microchip\xc8\v2.40\pic\sources\c99\common\nf_fputc.c
		_fputc         		CODE           	1706	0000	202

C:\Program Files\Microchip\xc8\v2.40\pic\sources\c99\common\nf_fputc.c estimated size: 202

serial.c
		_sendStringSerial4		CODE           	1B78	0000	48
		_sendCharSerial4		CODE           	1C82	0000	24
		_initUSART4    		CODE           	1C42	0000	32

serial.c estimated size: 104

C:\Program Files\Microchip\xc8\v2.40\pic\sources\c99\common\nf_sprintf.c
		_sprintf       		CODE           	1946	0000	82

C:\Program Files\Microchip\xc8\v2.40\pic\sources\c99\common\nf_sprintf.c estimated size: 82

C:\Program Files\Microchip\xc8\v2.40\pic\sources\c99\common\lwdiv.c
		___lwdiv       		CODE           	18D2	0000	116

C:\Program Files\Microchip\xc8\v2.40\pic\sources\c99\common\lwdiv.c estimated size: 116

color.c
		_color_writetoaddr		CODE           	1C62	0000	32
		_color_click_init		CODE           	1B44	0000	52
		_color_read_Red		CODE           	1998	0000	80

color.c estimated size: 164

C:\Program Files\Microchip\xc8\v2.40\pic\sources\c99\common\Umul16.c
		___wmul        		CODE           	1BFA	0000	38

C:\Program Files\Microchip\xc8\v2.40\pic\sources\c99\common\Umul16.c estimated size: 38

dc_motor.c
		_initDCmotorsPWM		CODE           	17D0	0000	136
		_setMotorPWM   		CODE           	1216	0000	364

dc_motor.c estimated size: 500

C:\Program Files\Microchip\xc8\v2.40\pic\sources\c99\common\abs.c
		_abs           		CODE           	1B04	0000	64

C:\Program Files\Microchip\xc8\v2.40\pic\sources\c99\common\abs.c estimated size: 64

i2c.c
		_I2C_2_Master_Start		CODE           	1CBA	0000	10
		_I2C_2_Master_Read		CODE           	1AC2	0000	66
		_I2C_2_Master_Idle		CODE           	1BD2	0000	40
		_I2C_2_Master_Init		CODE           	1BA8	0000	42
		_I2C_2_Master_Stop		CODE           	1CB0	0000	10
		_I2C_2_Master_RepStart		CODE           	1CA6	0000	10
		_I2C_2_Master_Write		CODE           	1C9A	0000	12

i2c.c estimated size: 190

LEDsOn.c
		_LEDSon_init   		CODE           	1C20	0000	34

LEDsOn.c estimated size: 34

C:\Program Files\Microchip\xc8\v2.40\pic\sources\c99\common\nf_fputs.c
		_fputs         		CODE           	1A7E	0000	68

C:\Program Files\Microchip\xc8\v2.40\pic\sources\c99\common\nf_fputs.c estimated size: 68

C:\Program Files\Microchip\xc8\v2.40\pic\sources\c99\common\aomod.c
		___aomod       		CODE           	1382	0000	356

C:\Program Files\Microchip\xc8\v2.40\pic\sources\c99\common\aomod.c estimated size: 356

shared
		__initialization		CODE           	1A36	0000	58

shared estimated size: 58

C:\Program Files\Microchip\xc8\v2.40\pic\sources\c99\common\putch.c
		_putch         		CODE           	1CCE	0000	2

C:\Program Files\Microchip\xc8\v2.40\pic\sources\c99\common\putch.c estimated size: 2

C:\Program Files\Microchip\xc8\v2.40\pic\sources\c99\common\doprnt.c
		_vfpfcnvrt     		CODE           	14E6	0000	334
		_pad           		CODE           	1858	0000	122
		_dtoa          		CODE           	0E12	0000	636
		_vfprintf      		CODE           	19E8	0000	78

C:\Program Files\Microchip\xc8\v2.40\pic\sources\c99\common\doprnt.c estimated size: 1170

main.c
		_main          		CODE           	1634	0000	210

main.c estimated size: 210

C:\Program Files\Microchip\xc8\v2.40\pic\sources\c99\common\aodiv.c
		___aodiv       		CODE           	108E	0000	392

C:\Program Files\Microchip\xc8\v2.40\pic\sources\c99\common\aodiv.c estimated size: 392

