Microchip MPLAB XC8 Compiler V2.40

Linker command line:

-W-3 \
  --edf=C:\Program Files\Microchip\xc8\v2.40\pic\dat\20220703182018_en.msgs \
  -cn \
  -h+dist/default/production\final-project-darciea-matti.X.production.sym \
  --cmf=dist/default/production\final-project-darciea-matti.X.production.cmf \
  -z -Q18F67K40 -oC:\Users\darci\AppData\Local\Temp\xcAsedo.4 \
  --defsym=__MPLAB_BUILD=1 --fixupoverflow=error \
  -Mdist/default/production/final-project-darciea-matti.X.production.map \
  --md=C:\Users\darci\AppData\Local\Temp\xcAsedo.dat -E1 -ver=XC8 Compiler \
  --acfsm=1493 -ACODE=00h-01FFFFh -ACONST=00h-01FFFFh \
  -ASMALLCONST=0E00h-0EFFhx498 -AMEDIUMCONST=0E00h-0FFFFh,010E00h-01FFFFh \
  -ACOMRAM=01h-05Fh -AABS1=00h-0DE9h -ABIGRAM=01h-0DE9h \
  -ARAM=060h-0FFh,0100h-01FFhx12,0D00h-0DE9h -ABANK0=060h-0FFh \
  -ABANK1=0100h-01FFh -ABANK2=0200h-02FFh -ABANK3=0300h-03FFh \
  -ABANK4=0400h-04FFh -ABANK5=0500h-05FFh -ABANK6=0600h-06FFh \
  -ABANK7=0700h-07FFh -ABANK8=0800h-08FFh -ABANK9=0900h-09FFh \
  -ABANK10=0A00h-0AFFh -ABANK11=0B00h-0BFFh -ABANK12=0C00h-0CFFh \
  -ABANK13=0D00h-0DE9h \
  -ASFR=0DEFh-0DFFh,0E00h-0EFFh,0F00h-0F5Fh,0F60h-0FFFh \
  -ABIGSFR=0DEFh-0FFFh -ACONFIG=0300000h-030000Bh -AIDLOC=0200000h-020000Fh \
  -AEEDATA=0310000h-03103FFh -peeprom_data=EEDATA \
  -preset_vec=00h,intcode,intcodelo,powerup,init -pramtop=0E00h \
  -psmallconst=SMALLCONST -pmediumconst=MEDIUMCONST -pconst=CONST \
  -AFARRAM=00h-00h \
  -prdata=COMRAM,nvrram=COMRAM,nvbit=COMRAM,rbss=COMRAM,rbit=COMRAM \
  -pfarbss=FARRAM,fardata=FARRAM,nvFARRAM=FARRAM \
  -pintsave_regs=BIGRAM,bigbss=BIGRAM,bigdata=BIGRAM -pbss=RAM \
  -pidata=CODE,irdata=CODE,ibigdata=CODE,ifardata=CODE -prparam=COMRAM \
  C:\Users\darci\AppData\Local\Temp\xcAsedo.o \
  dist/default/production\final-project-darciea-matti.X.production.o 

Object code version is 3.11

Machine type is 18F67K40



                Name                               Link     Load   Length Selector   Space Scale
C:\Users\darci\AppData\Local\Temp\xcAsedo.o
                idloc                            200000   200000       10        0       5
                config                           300000   300000        C        0       4
                init                                  0        0        4        0       0
dist/default/production\final-project-darciea-matti.X.production.o
                idloc                            200000   200000       10        0       5
                config                           300000   300000        C        0       4
                text21                            1F6EE    1F6EE       22     FB77       0
                text20                            1F96C    1F96C       74     FCB6       0
                text19                            1F736    1F736       28     FB9B       0
                text18                            1F83A    1F83A       42     FC1D       0
                text17                            1F672    1F672        A     FB39       0
                text16                            1F67C    1F67C        A     FB3E       0
                text15                            1F686    1F686        A     FB43       0
                text14                            1F690    1F690        C     FB48       0
                text13                            1F87C    1F87C       50     FC3E       0
                text12                            1F8CC    1F8CC       50     FC66       0
                text11                            1F91C    1F91C       50     FC8E       0
                text10                            1FB74    1FB74      14C     FDBA       0
                text9                             1F75E    1F75E       2A     FBAF       0
                text8                             1F6AE    1F6AE       20     FB57       0
                text7                             1F788    1F788       34     FBC4       0
                text6                             1F9E0    1F9E0       88     FCF0       0
                text5                             1F6CE    1F6CE       20     FB67       0
                text4                             1F7FA    1F7FA       40     FBFD       0
                text3                             1FE2C    1FE2C      1D4     FF16       0
                text2                             1F710    1F710       26     FB88       0
                text1                             1FCC0    1FCC0      16C     FE60       0
                text0                             1FA68    1FA68      10C     FD34       0
                cstackCOMRAM                          1        1       28        1       1
                cstackBANK0                          60       60       3D       60       1
                dataBANK0                            D9       D9       12       60       1
                bssBANK0                             9D       9D       3C       60       1
                bssCOMRAM                            29       29       18        1       1
                cinit                             1F7BC    1F7BC       3E     FBDE       0
                idataBANK0                        1F69C    1F69C       12    1F69C       0

TOTAL           Name                               Link     Load   Length     Space
        CLASS   CODE           
                init                                  0        0        4         0
                text21                            1F6EE    1F6EE       22         0
                text20                            1F96C    1F96C       74         0
                text19                            1F736    1F736       28         0
                text18                            1F83A    1F83A       42         0
                text17                            1F672    1F672        A         0
                text16                            1F67C    1F67C        A         0
                text15                            1F686    1F686        A         0
                text14                            1F690    1F690        C         0
                text13                            1F87C    1F87C       50         0
                text12                            1F8CC    1F8CC       50         0
                text11                            1F91C    1F91C       50         0
                text10                            1FB74    1FB74      14C         0
                text9                             1F75E    1F75E       2A         0
                text8                             1F6AE    1F6AE       20         0
                text7                             1F788    1F788       34         0
                text6                             1F9E0    1F9E0       88         0
                text5                             1F6CE    1F6CE       20         0
                text4                             1F7FA    1F7FA       40         0
                text3                             1FE2C    1FE2C      1D4         0
                text2                             1F710    1F710       26         0
                text1                             1FCC0    1FCC0      16C         0
                text0                             1FA68    1FA68      10C         0
                cinit                             1F7BC    1F7BC       3E         0
                idataBANK0                        1F69C    1F69C       12         0

        CLASS   CONST          

        CLASS   SMALLCONST     

        CLASS   MEDIUMCONST    

        CLASS   COMRAM         
                cstackCOMRAM                          1        1       28         1
                bssCOMRAM                            29       29       18         1

        CLASS   ABS1           

        CLASS   BIGRAM         

        CLASS   RAM            

        CLASS   BANK0          
                cstackBANK0                          60       60       3D         1
                dataBANK0                            D9       D9       12         1
                bssBANK0                             9D       9D       3C         1

        CLASS   BANK1          

        CLASS   BANK2          

        CLASS   BANK3          

        CLASS   BANK4          

        CLASS   BANK5          

        CLASS   BANK6          

        CLASS   BANK7          

        CLASS   BANK8          

        CLASS   BANK9          

        CLASS   BANK10         

        CLASS   BANK11         

        CLASS   BANK12         

        CLASS   BANK13         

        CLASS   SFR            

        CLASS   BIGSFR         

        CLASS   CONFIG         
                config                           300000   300000        C         4

        CLASS   IDLOC          
                idloc                            200000   200000       10         5

        CLASS   EEDATA         

        CLASS   FARRAM         

        CLASS   HEAP           

        CLASS   STACK          



SEGMENTS        Name                           Load    Length   Top    Selector   Space  Class

                reset_vec                      000000  000004  000004         0       0  CODE    
                cstackCOMRAM                   000001  000040  000041         1       1  COMRAM  
                cstackBANK0                    000060  00008B  0000EB        60       1  BANK0   
                text17                         01F672  00000A  01F67C      FB39       0  CODE    
                text16                         01F67C  00000A  01F686      FB3E       0  CODE    
                text15                         01F686  00000A  01F690      FB43       0  CODE    
                text14                         01F690  00000C  01F69C      FB48       0  CODE    
                idataBANK0                     01F69C  000012  01F6AE     1F69C       0  CODE    
                text8                          01F6AE  000020  01F6CE      FB57       0  CODE    
                text5                          01F6CE  000020  01F6EE      FB67       0  CODE    
                text21                         01F6EE  000022  01F710      FB77       0  CODE    
                text2                          01F710  000026  01F736      FB88       0  CODE    
                text19                         01F736  000028  01F75E      FB9B       0  CODE    
                text9                          01F75E  00002A  01F788      FBAF       0  CODE    
                text7                          01F788  000034  01F7BC      FBC4       0  CODE    
                cinit                          01F7BC  00003E  01F7FA      FBDE       0  CODE    
                text4                          01F7FA  000040  01F83A      FBFD       0  CODE    
                text18                         01F83A  000042  01F87C      FC1D       0  CODE    
                text13                         01F87C  000050  01F8CC      FC3E       0  CODE    
                text12                         01F8CC  000050  01F91C      FC66       0  CODE    
                text11                         01F91C  000050  01F96C      FC8E       0  CODE    
                text20                         01F96C  000074  01F9E0      FCB6       0  CODE    
                text6                          01F9E0  000088  01FA68      FCF0       0  CODE    
                text0                          01FA68  00010C  01FB74      FD34       0  CODE    
                text10                         01FB74  00014C  01FCC0      FDBA       0  CODE    
                text1                          01FCC0  00016C  01FE2C      FE60       0  CODE    
                text3                          01FE2C  0001D4  020000      FF16       0  CODE    


UNUSED ADDRESS RANGES

        Name                Unused          Largest block    Delta
        BANK0            0000EB-0000FF               15
        BANK1            000100-0001FF              100
        BANK10           000A00-000AFF              100
        BANK11           000B00-000BFF              100
        BANK12           000C00-000CFF              100
        BANK13           000D00-000DE9               EA
        BANK2            000200-0002FF              100
        BANK3            000300-0003FF              100
        BANK4            000400-0004FF              100
        BANK5            000500-0005FF              100
        BANK6            000600-0006FF              100
        BANK7            000700-0007FF              100
        BANK8            000800-0008FF              100
        BANK9            000900-0009FF              100
        BIGRAM           000041-00005F               1F
                         0000EB-000DE9              CFF
        BIGSFR           000DEF-000FFF              211
        CODE             000004-01F671            1F66E
        COMRAM           000041-00005F               1F
        CONST            000004-01F671            1F66E
        EEDATA           310000-3103FF              400
        MEDIUMCONST      000E00-00FFFF             F200
                         010E00-01F671             E872
        RAM              0000EB-000DE9              100
        SFR              000DEF-000FFF              100
        SMALLCONST       000E00-01F671              100

                                  Symbol Table

?___lwdiv                            cstackCOMRAM 000007
?___wmul                             cstackCOMRAM 000001
?_abs                                cstackCOMRAM 000001
?_color_read_Blue                    cstackCOMRAM 000005
?_color_read_Green                   cstackCOMRAM 000005
?_color_read_Red                     cstackCOMRAM 000005
I2C_2_Master_Read@ack                cstackCOMRAM 000003
I2C_2_Master_Read@tmp                cstackCOMRAM 000004
I2C_2_Master_Write@data_byte         cstackCOMRAM 000002
_ANSELDbits                          (abs)        000EA7
_BAUD4CONbits                        (abs)        000EE9
_CCP1CONbits                         (abs)        000FAB
_CCP2CONbits                         (abs)        000FA7
_CCP3CONbits                         (abs)        000F26
_CCP4CONbits                         (abs)        000F22
_CCPR1H                              (abs)        000FAA
_CCPR2H                              (abs)        000FA6
_CCPR3H                              (abs)        000F25
_CCPR4H                              (abs)        000F21
_CCPTMRS0bits                        (abs)        000FAD
_EUSART4RXbuf                        bssCOMRAM    000029
_EUSART4TXbuf                        bssBANK0     00009D
_I2C_2_Master_Idle                   text19       01F736
_I2C_2_Master_Init                   text9        01F75E
_I2C_2_Master_Read                   text18       01F83A
_I2C_2_Master_RepStart               text17       01F672
_I2C_2_Master_Start                  text16       01F67C
_I2C_2_Master_Stop                   text15       01F686
_I2C_2_Master_Write                  text14       01F690
_LATAbits                            (abs)        000F79
_LATDbits                            (abs)        000F7C
_LATFbits                            (abs)        000F7E
_LATGbits                            (abs)        000F7F
_LATHbits                            (abs)        000F80
_LEDSon_init                         text21       01F6EE
_PIE4bits                            (abs)        000E2D
_PIR4bits                            (abs)        000E37
_PORTFbits                           (abs)        000F8E
_RC0PPS                              (abs)        000E62
_RC4REG                              (abs)        000EE3
_RC4STAbits                          (abs)        000EE7
_RC7PPS                              (abs)        000E69
_RD5PPS                              (abs)        000E6F
_RD6PPS                              (abs)        000E70
_RE2PPS                              (abs)        000E74
_RE4PPS                              (abs)        000E76
_RG6PPS                              (abs)        000E88
_RX4PPS                              (abs)        000E15
_RxBufReadCnt                        bssCOMRAM    00003F
_RxBufWriteCnt                       bssCOMRAM    000040
_SP4BRGH                             (abs)        000EE6
_SP4BRGL                             (abs)        000EE5
_SSP2ADD                             (abs)        000ED6
_SSP2BUF                             (abs)        000ED5
_SSP2CLKPPS                          (abs)        000E1C
_SSP2CON1bits                        (abs)        000ED9
_SSP2CON2                            (abs)        000EDA
_SSP2CON2bits                        (abs)        000EDA
_SSP2DATPPS                          (abs)        000E1D
_SSP2STAT                            (abs)        000ED8
_T2CLKCONbits                        (abs)        000FBF
_T2CONbits                           (abs)        000FBD
_T2HLTbits                           (abs)        000FBE
_T2PR                                (abs)        000FBC
_TRISAbits                           (abs)        000F81
_TRISCbits                           (abs)        000F83
_TRISDbits                           (abs)        000F84
_TRISEbits                           (abs)        000F85
_TRISFbits                           (abs)        000F86
_TRISGbits                           (abs)        000F87
_TRISHbits                           (abs)        000F88
_TX4REG                              (abs)        000EE4
_TX4STAbits                          (abs)        000EE8
_TxBufReadCnt                        bssCOMRAM    00003D
_TxBufWriteCnt                       bssCOMRAM    00003E
__HRAM                               (abs)        000000
__Habs1                              abs1         000000
__Hbank0                             bank0        000000
__Hbank1                             bank1        000000
__Hbank10                            bank10       000000
__Hbank11                            bank11       000000
__Hbank12                            bank12       000000
__Hbank13                            bank13       000000
__Hbank2                             bank2        000000
__Hbank3                             bank3        000000
__Hbank4                             bank4        000000
__Hbank5                             bank5        000000
__Hbank6                             bank6        000000
__Hbank7                             bank7        000000
__Hbank8                             bank8        000000
__Hbank9                             bank9        000000
__Hbigbss                            bigbss       000000
__Hbigdata                           bigdata      000000
__Hbigram                            bigram       000000
__Hbigsfr                            bigsfr       000000
__Hbss                               bss          000000
__HbssBANK0                          bssBANK0     000000
__HbssCOMRAM                         bssCOMRAM    000000
__Hcinit                             cinit        000000
__Hclrtext                           clrtext      000000
__Hcomram                            comram       000000
__Hconfig                            config       30000C
__Hconst                             const        000000
__HcstackBANK0                       cstackBANK0  000000
__HcstackCOMRAM                      cstackCOMRAM 000000
__Hdata                              data         000000
__HdataBANK0                         dataBANK0    000000
__Heeprom_data                       eeprom_data  000000
__Hfarbss                            farbss       000000
__Hfardata                           fardata      000000
__Hheap                              heap         000000
__Hibigdata                          ibigdata     000000
__Hidata                             idata        000000
__HidataBANK0                        idataBANK0   000000
__Hidloc                             idloc        200010
__Hifardata                          ifardata     000000
__Hinit                              init         000004
__Hintcode                           intcode      000000
__Hintcode_body                      intcode_body 000000
__Hintcodelo                         intcodelo    000000
__Hintentry                          intentry     000000
__Hintret                            intret       000000
__Hintsave_regs                      intsave_regs 000000
__Hirdata                            irdata       000000
__Hmediumconst                       mediumconst  000000
__HnvFARRAM                          nvFARRAM     000000
__Hnvbit                             nvbit        000000
__Hnvrram                            nvrram       000000
__Hparam                             rparam       000000
__Hpowerup                           powerup      000000
__Hram                               ram          000000
__Hramtop                            ramtop       000E00
__Hrbit                              rbit         000000
__Hrbss                              rbss         000000
__Hrdata                             rdata        000000
__Hreset_vec                         reset_vec    000000
__Hrparam                            rparam       000000
__Hsfr                               sfr          000000
__Hsmallconst                        smallconst   000000
__Hspace_0                           (abs)        020000
__Hspace_1                           (abs)        0000EB
__Hspace_2                           (abs)        000000
__Hspace_4                           (abs)        60000C
__Hstack                             stack        000000
__Hstruct                            struct       000000
__Htemp                              temp         000000
__Htext                              text         000000
__Htext0                             text0        000000
__Htext1                             text1        000000
__Htext10                            text10       000000
__Htext11                            text11       000000
__Htext12                            text12       000000
__Htext13                            text13       000000
__Htext14                            text14       000000
__Htext15                            text15       000000
__Htext16                            text16       000000
__Htext17                            text17       000000
__Htext18                            text18       000000
__Htext19                            text19       000000
__Htext2                             text2        000000
__Htext20                            text20       000000
__Htext21                            text21       000000
__Htext3                             text3        000000
__Htext4                             text4        000000
__Htext5                             text5        000000
__Htext6                             text6        000000
__Htext7                             text7        000000
__Htext8                             text8        000000
__Htext9                             text9        000000
__LRAM                               (abs)        000001
__Labs1                              abs1         000000
__Lbank0                             bank0        000000
__Lbank1                             bank1        000000
__Lbank10                            bank10       000000
__Lbank11                            bank11       000000
__Lbank12                            bank12       000000
__Lbank13                            bank13       000000
__Lbank2                             bank2        000000
__Lbank3                             bank3        000000
__Lbank4                             bank4        000000
__Lbank5                             bank5        000000
__Lbank6                             bank6        000000
__Lbank7                             bank7        000000
__Lbank8                             bank8        000000
__Lbank9                             bank9        000000
__Lbigbss                            bigbss       000000
__Lbigdata                           bigdata      000000
__Lbigram                            bigram       000000
__Lbigsfr                            bigsfr       000000
__Lbss                               bss          000000
__LbssBANK0                          bssBANK0     000000
__LbssCOMRAM                         bssCOMRAM    000000
__Lcinit                             cinit        000000
__Lclrtext                           clrtext      000000
__Lcomram                            comram       000000
__Lconfig                            config       000000
__Lconst                             const        000000
__LcstackBANK0                       cstackBANK0  000000
__LcstackCOMRAM                      cstackCOMRAM 000000
__Ldata                              data         000000
__LdataBANK0                         dataBANK0    000000
__Leeprom_data                       eeprom_data  000000
__Lfarbss                            farbss       000000
__Lfardata                           fardata      000000
__Lheap                              heap         000000
__Libigdata                          ibigdata     000000
__Lidata                             idata        000000
__LidataBANK0                        idataBANK0   000000
__Lidloc                             idloc        000000
__Lifardata                          ifardata     000000
__Linit                              init         000000
__Lintcode                           intcode      000000
__Lintcode_body                      intcode_body 000000
__Lintcodelo                         intcodelo    000000
__Lintentry                          intentry     000000
__Lintret                            intret       000000
__Lintsave_regs                      intsave_regs 000000
__Lirdata                            irdata       000000
__Lmediumconst                       mediumconst  000000
__LnvFARRAM                          nvFARRAM     000000
__Lnvbit                             nvbit        000000
__Lnvrram                            nvrram       000000
__Lparam                             rparam       000000
__Lpowerup                           powerup      000000
__Lram                               ram          000000
__Lramtop                            ramtop       000E00
__Lrbit                              rbit         000000
__Lrbss                              rbss         000000
__Lrdata                             rdata        000000
__Lreset_vec                         reset_vec    000000
__Lrparam                            rparam       000000
__Lsfr                               sfr          000000
__Lsmallconst                        smallconst   000000
__Lspace_0                           (abs)        000000
__Lspace_1                           (abs)        000000
__Lspace_2                           (abs)        000000
__Lspace_4                           (abs)        000000
__Lstack                             stack        000000
__Lstruct                            struct       000000
__Ltemp                              temp         000000
__Ltext                              text         000000
__Ltext0                             text0        000000
__Ltext1                             text1        000000
__Ltext10                            text10       000000
__Ltext11                            text11       000000
__Ltext12                            text12       000000
__Ltext13                            text13       000000
__Ltext14                            text14       000000
__Ltext15                            text15       000000
__Ltext16                            text16       000000
__Ltext17                            text17       000000
__Ltext18                            text18       000000
__Ltext19                            text19       000000
__Ltext2                             text2        000000
__Ltext20                            text20       000000
__Ltext21                            text21       000000
__Ltext3                             text3        000000
__Ltext4                             text4        000000
__Ltext5                             text5        000000
__Ltext6                             text6        000000
__Ltext7                             text7        000000
__Ltext8                             text8        000000
__Ltext9                             text9        000000
__S0                                 (abs)        020000
__S1                                 (abs)        0000EB
__S4                                 (abs)        000000
__S5                                 (abs)        000000
___heap_hi                           (abs)        000000
___heap_lo                           (abs)        000000
___inthi_sp                          stack        000000
___intlo_sp                          stack        000000
___lwdiv                             text20       01F96C
___lwdiv@counter                     cstackCOMRAM 00000D
___lwdiv@dividend                    cstackCOMRAM 000007
___lwdiv@divisor                     cstackCOMRAM 000009
___lwdiv@quotient                    cstackCOMRAM 00000B
___param_bank                        (abs)        000000
___rparam_used                       (abs)        000001
___sp                                stack        000000
___wmul                              text2        01F710
___wmul@multiplicand                 cstackCOMRAM 000003
___wmul@multiplier                   cstackCOMRAM 000001
___wmul@product                      cstackCOMRAM 000005
__accesstop                          (abs)        000060
__activetblptr                       (abs)        000003
__end_of_I2C_2_Master_Idle           text19       01F75E
__end_of_I2C_2_Master_Init           text9        01F788
__end_of_I2C_2_Master_Read           text18       01F87C
__end_of_I2C_2_Master_RepStart       text17       01F67C
__end_of_I2C_2_Master_Start          text16       01F686
__end_of_I2C_2_Master_Stop           text15       01F690
__end_of_I2C_2_Master_Write          text14       01F69C
__end_of_LEDSon_init                 text21       01F710
__end_of___lwdiv                     text20       01F9E0
__end_of___wmul                      text2        01F736
__end_of__initialization             cinit        01F7F4
__end_of_abs                         text4        01F83A
__end_of_collect_avg_readings        text10       01FCC0
__end_of_color_click_init            text7        01F7BC
__end_of_color_read_Blue             text13       01F8CC
__end_of_color_read_Green            text12       01F91C
__end_of_color_read_Red              text11       01F96C
__end_of_color_writetoaddr           text8        01F6CE
__end_of_initDCmotorsPWM             text6        01FA68
__end_of_initUSART4                  text5        01F6EE
__end_of_main                        text0        01FB74
__end_of_normalise_readings          text3        020000
__end_of_setMotorPWM                 text1        01FE2C
__initialization                     cinit        01F7BC
__mediumconst                        mediumconst  000000
__pbssBANK0                          bssBANK0     00009D
__pbssCOMRAM                         bssCOMRAM    000029
__pcinit                             cinit        01F7BC
__pcstackBANK0                       cstackBANK0  000060
__pcstackCOMRAM                      cstackCOMRAM 000001
__pdataBANK0                         dataBANK0    0000D9
__pidataBANK0                        idataBANK0   01F69C
__ptext0                             text0        01FA68
__ptext1                             text1        01FCC0
__ptext10                            text10       01FB74
__ptext11                            text11       01F91C
__ptext12                            text12       01F8CC
__ptext13                            text13       01F87C
__ptext14                            text14       01F690
__ptext15                            text15       01F686
__ptext16                            text16       01F67C
__ptext17                            text17       01F672
__ptext18                            text18       01F83A
__ptext19                            text19       01F736
__ptext2                             text2        01F710
__ptext20                            text20       01F96C
__ptext21                            text21       01F6EE
__ptext3                             text3        01FE2C
__ptext4                             text4        01F7FA
__ptext5                             text5        01F6CE
__ptext6                             text6        01F9E0
__ptext7                             text7        01F788
__ptext8                             text8        01F6AE
__ptext9                             text9        01F75E
__ramtop                             ramtop       000E00
__smallconst                         smallconst   000000
_abs                                 text4        01F7FA
_collect_avg_readings                text10       01FB74
_color_click_init                    text7        01F788
_color_read_Blue                     text13       01F87C
_color_read_Green                    text12       01F8CC
_color_read_Red                      text11       01F91C
_color_writetoaddr                   text8        01F6AE
_initDCmotorsPWM                     text6        01F9E0
_initUSART4                          text5        01F6CE
_main                                text0        01FA68
_normalise_readings                  text3        01FE2C
_setMotorPWM                         text1        01FCC0
abs@a                                cstackCOMRAM 000001
collect_avg_readings@blue_read       cstackCOMRAM 000012
collect_avg_readings@green_read      cstackCOMRAM 000010
collect_avg_readings@i               cstackCOMRAM 000016
collect_avg_readings@i_1526          cstackCOMRAM 000017
collect_avg_readings@i_1528          cstackCOMRAM 000018
collect_avg_readings@red_read        cstackCOMRAM 00000E
color_read_Blue@tmp                  cstackCOMRAM 00000A
color_read_Green@tmp                 cstackCOMRAM 00000A
color_read_Red@tmp                   cstackCOMRAM 00000A
color_writetoaddr@address            cstackCOMRAM 000004
color_writetoaddr@value              cstackCOMRAM 000003
end_of_initialization                cinit        01F7F4
intlevel0                            text         000000
intlevel1                            text         000000
intlevel2                            text         000000
intlevel3                            text         000000
isa$std                              (abs)        000001
isa$xinst                            (abs)        000000
main@F14641                          dataBANK0    0000D9
main@PWMcycle                        cstackBANK0  000084
main@blue_read                       cstackBANK0  000089
main@expected_values                 cstackBANK0  000072
main@green_read                      cstackBANK0  000087
main@motorL                          cstackBANK0  00008B
main@motorR                          cstackBANK0  000094
main@normalised_values               cstackBANK0  000060
main@red_read                        cstackBANK0  000085
normalise_readings@blue_read         cstackCOMRAM 000012
normalise_readings@expected_values   cstackCOMRAM 000014
normalise_readings@green_read        cstackCOMRAM 000010
normalise_readings@i                 cstackCOMRAM 000028
normalise_readings@normalised_values cstackCOMRAM 000016
normalise_readings@red_read          cstackCOMRAM 00000E
setMotorPWM@m                        cstackCOMRAM 00000E
setMotorPWM@negDuty                  cstackCOMRAM 000013
setMotorPWM@posDuty                  cstackCOMRAM 000012
stackhi                              (abs)        000000
stacklo                              (abs)        000000
start                                init         000000
start_initialization                 cinit        01F7BC


MODULE INFORMATION

Module		Function		Class		Link	Load	Size
serial.c
		_initUSART4    		CODE           	1F6CE	0000	32

serial.c estimated size: 32

C:\Program Files\Microchip\xc8\v2.40\pic\sources\c99\common\lwdiv.c
		___lwdiv       		CODE           	1F96C	0000	116

C:\Program Files\Microchip\xc8\v2.40\pic\sources\c99\common\lwdiv.c estimated size: 116

color.c
		_color_writetoaddr		CODE           	1F6AE	0000	32
		_color_click_init		CODE           	1F788	0000	52
		_color_read_Green		CODE           	1F8CC	0000	80
		_color_read_Red		CODE           	1F91C	0000	80
		_color_read_Blue		CODE           	1F87C	0000	80

color.c estimated size: 324

C:\Program Files\Microchip\xc8\v2.40\pic\sources\c99\common\Umul16.c
		___wmul        		CODE           	1F710	0000	38

C:\Program Files\Microchip\xc8\v2.40\pic\sources\c99\common\Umul16.c estimated size: 38

dc_motor.c
		_initDCmotorsPWM		CODE           	1F9E0	0000	136
		_setMotorPWM   		CODE           	1FCC0	0000	364

dc_motor.c estimated size: 500

C:\Program Files\Microchip\xc8\v2.40\pic\sources\c99\common\abs.c
		_abs           		CODE           	1F7FA	0000	64

C:\Program Files\Microchip\xc8\v2.40\pic\sources\c99\common\abs.c estimated size: 64

i2c.c
		_I2C_2_Master_Start		CODE           	1F67C	0000	10
		_I2C_2_Master_Read		CODE           	1F83A	0000	66
		_I2C_2_Master_Idle		CODE           	1F736	0000	40
		_I2C_2_Master_Init		CODE           	1F75E	0000	42
		_I2C_2_Master_Stop		CODE           	1F686	0000	10
		_I2C_2_Master_RepStart		CODE           	1F672	0000	10
		_I2C_2_Master_Write		CODE           	1F690	0000	12

i2c.c estimated size: 190

LEDsOn.c
		_LEDSon_init   		CODE           	1F6EE	0000	34

LEDsOn.c estimated size: 34

shared
		__initialization		CODE           	1F7BC	0000	56

shared estimated size: 56

colour_identify.c
		_collect_avg_readings		CODE           	1FB74	0000	332
		_normalise_readings		CODE           	1FE2C	0000	468

colour_identify.c estimated size: 800

main.c
		_main          		CODE           	1FA68	0000	268

main.c estimated size: 268

