Microchip MPLAB XC8 Compiler V2.40

Linker command line:

-W-3 \
  --edf=C:\Program Files\Microchip\xc8\v2.40\pic\dat\20220703182018_en.msgs \
  -cn \
  -h+dist/default/production\final-project-darciea-matti.X.production.sym \
  --cmf=dist/default/production\final-project-darciea-matti.X.production.cmf \
  -z -Q18F67K40 -oC:\Users\Matti\AppData\Local\Temp\xcAs165s.4 \
  --defsym=__MPLAB_BUILD=1 --fixupoverflow=error \
  -Mdist/default/production/final-project-darciea-matti.X.production.map \
  --md=C:\Users\Matti\AppData\Local\Temp\xcAs165s.dat -E1 -ver=XC8 Compiler \
  --acfsm=1493 -ACODE=00h-01FFFFh -ACONST=00h-01FFFFh \
  -ASMALLCONST=0E00h-0EFFhx498 -AMEDIUMCONST=0E00h-0FFFFh,010E00h-01FFFFh \
  -ACOMRAM=01h-05Fh -AABS1=00h-0DE9h -ABIGRAM=01h-0DE9h \
  -ARAM=060h-0FFh,0100h-01FFhx12,0D00h-0DE9h -ABANK0=060h-0FFh \
  -ABANK1=0100h-01FFh -ABANK2=0200h-02FFh -ABANK3=0300h-03FFh \
  -ABANK4=0400h-04FFh -ABANK5=0500h-05FFh -ABANK6=0600h-06FFh \
  -ABANK7=0700h-07FFh -ABANK8=0800h-08FFh -ABANK9=0900h-09FFh \
  -ABANK10=0A00h-0AFFh -ABANK11=0B00h-0BFFh -ABANK12=0C00h-0CFFh \
  -ABANK13=0D00h-0DE9h \
  -ASFR=0DEFh-0DFFh,0E00h-0EFFh,0F00h-0F5Fh,0F60h-0FFFh \
  -ABIGSFR=0DEFh-0FFFh -ACONFIG=0300000h-030000Bh -AIDLOC=0200000h-020000Fh \
  -AEEDATA=0310000h-03103FFh -peeprom_data=EEDATA \
  -preset_vec=00h,intcode,intcodelo,powerup,init -pramtop=0E00h \
  -psmallconst=SMALLCONST -pmediumconst=MEDIUMCONST -pconst=CONST \
  -AFARRAM=00h-00h \
  -prdata=COMRAM,nvrram=COMRAM,nvbit=COMRAM,rbss=COMRAM,rbit=COMRAM \
  -pfarbss=FARRAM,fardata=FARRAM,nvFARRAM=FARRAM \
  -pintsave_regs=BIGRAM,bigbss=BIGRAM,bigdata=BIGRAM -pbss=RAM \
  -pidata=CODE,irdata=CODE,ibigdata=CODE,ifardata=CODE -prparam=COMRAM \
  C:\Users\Matti\AppData\Local\Temp\xcAs165s.o \
  dist/default/production\final-project-darciea-matti.X.production.o 

Object code version is 3.11

Machine type is 18F67K40



                Name                               Link     Load   Length Selector   Space Scale
C:\Users\Matti\AppData\Local\Temp\xcAs165s.o
                idloc                            200000   200000       10        0       5
                config                           300000   300000        C        0       4
                init                                  0        0        4        0       0
dist/default/production\final-project-darciea-matti.X.production.o
                idloc                            200000   200000       10        0       5
                config                           300000   300000        C        0       4
                text15                            1FB9C    1FB9C       22     FDCE       0
                text14                            1FC0C    1FC0C       2A     FE06       0
                text13                            1FBE4    1FBE4       28     FDF2       0
                text12                            1FB52    1FB52        A     FDA9       0
                text11                            1FB5C    1FB5C        A     FDAE       0
                text10                            1FB70    1FB70        C     FDB8       0
                text9                             1FB7C    1FB7C       20     FDBE       0
                text8                             1FC36    1FC36       34     FE1B       0
                text7                             1FC6A    1FC6A       42     FE35       0
                text6                             1FB66    1FB66        A     FDB3       0
                text5                             1FCAC    1FCAC       50     FE56       0
                text4                             1FD70    1FD70       88     FEB8       0
                text3                             1FCFC    1FCFC       74     FE7E       0
                text2                             1FBBE    1FBBE       26     FDDF       0
                text1                             1FE94    1FE94      16C     FF4A       0
                text0                             1FDF8    1FDF8       9C     FEFC       0
                cstackCOMRAM                          1        1       28        1       1
                cinit                             1FB4C    1FB4C        6     FDA6       0

TOTAL           Name                               Link     Load   Length     Space
        CLASS   CODE           
                init                                  0        0        4         0
                text15                            1FB9C    1FB9C       22         0
                text14                            1FC0C    1FC0C       2A         0
                text13                            1FBE4    1FBE4       28         0
                text12                            1FB52    1FB52        A         0
                text11                            1FB5C    1FB5C        A         0
                text10                            1FB70    1FB70        C         0
                text9                             1FB7C    1FB7C       20         0
                text8                             1FC36    1FC36       34         0
                text7                             1FC6A    1FC6A       42         0
                text6                             1FB66    1FB66        A         0
                text5                             1FCAC    1FCAC       50         0
                text4                             1FD70    1FD70       88         0
                text3                             1FCFC    1FCFC       74         0
                text2                             1FBBE    1FBBE       26         0
                text1                             1FE94    1FE94      16C         0
                text0                             1FDF8    1FDF8       9C         0
                cinit                             1FB4C    1FB4C        6         0

        CLASS   CONST          

        CLASS   SMALLCONST     

        CLASS   MEDIUMCONST    

        CLASS   COMRAM         
                cstackCOMRAM                          1        1       28         1

        CLASS   ABS1           

        CLASS   BIGRAM         

        CLASS   RAM            

        CLASS   BANK0          

        CLASS   BANK1          

        CLASS   BANK2          

        CLASS   BANK3          

        CLASS   BANK4          

        CLASS   BANK5          

        CLASS   BANK6          

        CLASS   BANK7          

        CLASS   BANK8          

        CLASS   BANK9          

        CLASS   BANK10         

        CLASS   BANK11         

        CLASS   BANK12         

        CLASS   BANK13         

        CLASS   SFR            

        CLASS   BIGSFR         

        CLASS   CONFIG         
                config                           300000   300000        C         4

        CLASS   IDLOC          
                idloc                            200000   200000       10         5

        CLASS   EEDATA         

        CLASS   FARRAM         

        CLASS   HEAP           

        CLASS   STACK          



SEGMENTS        Name                           Load    Length   Top    Selector   Space  Class

                reset_vec                      000000  000004  000004         0       0  CODE    
                cstackCOMRAM                   000001  000028  000029         1       1  COMRAM  
                cinit                          01FB4C  000006  01FB52      FDA6       0  CODE    
                text12                         01FB52  00000A  01FB5C      FDA9       0  CODE    
                text11                         01FB5C  00000A  01FB66      FDAE       0  CODE    
                text6                          01FB66  00000A  01FB70      FDB3       0  CODE    
                text10                         01FB70  00000C  01FB7C      FDB8       0  CODE    
                text9                          01FB7C  000020  01FB9C      FDBE       0  CODE    
                text15                         01FB9C  000022  01FBBE      FDCE       0  CODE    
                text2                          01FBBE  000026  01FBE4      FDDF       0  CODE    
                text13                         01FBE4  000028  01FC0C      FDF2       0  CODE    
                text14                         01FC0C  00002A  01FC36      FE06       0  CODE    
                text8                          01FC36  000034  01FC6A      FE1B       0  CODE    
                text7                          01FC6A  000042  01FCAC      FE35       0  CODE    
                text5                          01FCAC  000050  01FCFC      FE56       0  CODE    
                text3                          01FCFC  000074  01FD70      FE7E       0  CODE    
                text4                          01FD70  000088  01FDF8      FEB8       0  CODE    
                text0                          01FDF8  00009C  01FE94      FEFC       0  CODE    
                text1                          01FE94  00016C  020000      FF4A       0  CODE    


UNUSED ADDRESS RANGES

        Name                Unused          Largest block    Delta
        BANK0            000060-0000FF               A0
        BANK1            000100-0001FF              100
        BANK10           000A00-000AFF              100
        BANK11           000B00-000BFF              100
        BANK12           000C00-000CFF              100
        BANK13           000D00-000DE9               EA
        BANK2            000200-0002FF              100
        BANK3            000300-0003FF              100
        BANK4            000400-0004FF              100
        BANK5            000500-0005FF              100
        BANK6            000600-0006FF              100
        BANK7            000700-0007FF              100
        BANK8            000800-0008FF              100
        BANK9            000900-0009FF              100
        BIGRAM           000029-000DE9              DC1
        BIGSFR           000DEF-000FFF              211
        CODE             000004-01FB4B            1FB48
        COMRAM           000029-00005F               37
        CONST            000004-01FB4B            1FB48
        EEDATA           310000-3103FF              400
        MEDIUMCONST      000E00-00FFFF             F200
                         010E00-01FB4B             ED4C
        RAM              000060-000DE9              100
        SFR              000DEF-000FFF              100
        SMALLCONST       000E00-01FB4B              100

                                  Symbol Table

?___lwdiv                      cstackCOMRAM 000007
?___wmul                       cstackCOMRAM 000001
?_color_read_Red               cstackCOMRAM 000005
I2C_2_Master_Read@ack          cstackCOMRAM 000003
I2C_2_Master_Read@tmp          cstackCOMRAM 000004
I2C_2_Master_Write@data_byte   cstackCOMRAM 000002
_ANSELDbits                    (abs)        000EA7
_CCP1CONbits                   (abs)        000FAB
_CCP2CONbits                   (abs)        000FA7
_CCP3CONbits                   (abs)        000F26
_CCP4CONbits                   (abs)        000F22
_CCPR1H                        (abs)        000FAA
_CCPR2H                        (abs)        000FA6
_CCPR3H                        (abs)        000F25
_CCPR4H                        (abs)        000F21
_CCPTMRS0bits                  (abs)        000FAD
_I2C_2_Master_Idle             text13       01FBE4
_I2C_2_Master_Init             text14       01FC0C
_I2C_2_Master_Read             text7        01FC6A
_I2C_2_Master_RepStart         text6        01FB66
_I2C_2_Master_Start            text12       01FB52
_I2C_2_Master_Stop             text11       01FB5C
_I2C_2_Master_Write            text10       01FB70
_LATAbits                      (abs)        000F79
_LATDbits                      (abs)        000F7C
_LATFbits                      (abs)        000F7E
_LATGbits                      (abs)        000F7F
_LATHbits                      (abs)        000F80
_LEDSon_init                   text15       01FB9C
_RC7PPS                        (abs)        000E69
_RD5PPS                        (abs)        000E6F
_RD6PPS                        (abs)        000E70
_RE2PPS                        (abs)        000E74
_RE4PPS                        (abs)        000E76
_RG6PPS                        (abs)        000E88
_SSP2ADD                       (abs)        000ED6
_SSP2BUF                       (abs)        000ED5
_SSP2CLKPPS                    (abs)        000E1C
_SSP2CON1bits                  (abs)        000ED9
_SSP2CON2                      (abs)        000EDA
_SSP2CON2bits                  (abs)        000EDA
_SSP2DATPPS                    (abs)        000E1D
_SSP2STAT                      (abs)        000ED8
_T2CLKCONbits                  (abs)        000FBF
_T2CONbits                     (abs)        000FBD
_T2HLTbits                     (abs)        000FBE
_T2PR                          (abs)        000FBC
_TRISAbits                     (abs)        000F81
_TRISCbits                     (abs)        000F83
_TRISDbits                     (abs)        000F84
_TRISEbits                     (abs)        000F85
_TRISFbits                     (abs)        000F86
_TRISGbits                     (abs)        000F87
_TRISHbits                     (abs)        000F88
__HRAM                         (abs)        000000
__Habs1                        abs1         000000
__Hbank0                       bank0        000000
__Hbank1                       bank1        000000
__Hbank10                      bank10       000000
__Hbank11                      bank11       000000
__Hbank12                      bank12       000000
__Hbank13                      bank13       000000
__Hbank2                       bank2        000000
__Hbank3                       bank3        000000
__Hbank4                       bank4        000000
__Hbank5                       bank5        000000
__Hbank6                       bank6        000000
__Hbank7                       bank7        000000
__Hbank8                       bank8        000000
__Hbank9                       bank9        000000
__Hbigbss                      bigbss       000000
__Hbigdata                     bigdata      000000
__Hbigram                      bigram       000000
__Hbigsfr                      bigsfr       000000
__Hbss                         bss          000000
__Hcinit                       cinit        000000
__Hclrtext                     clrtext      000000
__Hcomram                      comram       000000
__Hconfig                      config       30000C
__Hconst                       const        000000
__HcstackCOMRAM                cstackCOMRAM 000000
__Hdata                        data         000000
__Heeprom_data                 eeprom_data  000000
__Hfarbss                      farbss       000000
__Hfardata                     fardata      000000
__Hheap                        heap         000000
__Hibigdata                    ibigdata     000000
__Hidata                       idata        000000
__Hidloc                       idloc        200010
__Hifardata                    ifardata     000000
__Hinit                        init         000004
__Hintcode                     intcode      000000
__Hintcode_body                intcode_body 000000
__Hintcodelo                   intcodelo    000000
__Hintentry                    intentry     000000
__Hintret                      intret       000000
__Hintsave_regs                intsave_regs 000000
__Hirdata                      irdata       000000
__Hmediumconst                 mediumconst  000000
__HnvFARRAM                    nvFARRAM     000000
__Hnvbit                       nvbit        000000
__Hnvrram                      nvrram       000000
__Hparam                       rparam       000000
__Hpowerup                     powerup      000000
__Hram                         ram          000000
__Hramtop                      ramtop       000E00
__Hrbit                        rbit         000000
__Hrbss                        rbss         000000
__Hrdata                       rdata        000000
__Hreset_vec                   reset_vec    000000
__Hrparam                      rparam       000000
__Hsfr                         sfr          000000
__Hsmallconst                  smallconst   000000
__Hspace_0                     (abs)        020000
__Hspace_1                     (abs)        000029
__Hspace_2                     (abs)        000000
__Hspace_4                     (abs)        60000C
__Hstack                       stack        000000
__Hstruct                      struct       000000
__Htemp                        temp         000000
__Htext                        text         000000
__Htext0                       text0        000000
__Htext1                       text1        000000
__Htext10                      text10       000000
__Htext11                      text11       000000
__Htext12                      text12       000000
__Htext13                      text13       000000
__Htext14                      text14       000000
__Htext15                      text15       000000
__Htext2                       text2        000000
__Htext3                       text3        000000
__Htext4                       text4        000000
__Htext5                       text5        000000
__Htext6                       text6        000000
__Htext7                       text7        000000
__Htext8                       text8        000000
__Htext9                       text9        000000
__LRAM                         (abs)        000001
__Labs1                        abs1         000000
__Lbank0                       bank0        000000
__Lbank1                       bank1        000000
__Lbank10                      bank10       000000
__Lbank11                      bank11       000000
__Lbank12                      bank12       000000
__Lbank13                      bank13       000000
__Lbank2                       bank2        000000
__Lbank3                       bank3        000000
__Lbank4                       bank4        000000
__Lbank5                       bank5        000000
__Lbank6                       bank6        000000
__Lbank7                       bank7        000000
__Lbank8                       bank8        000000
__Lbank9                       bank9        000000
__Lbigbss                      bigbss       000000
__Lbigdata                     bigdata      000000
__Lbigram                      bigram       000000
__Lbigsfr                      bigsfr       000000
__Lbss                         bss          000000
__Lcinit                       cinit        000000
__Lclrtext                     clrtext      000000
__Lcomram                      comram       000000
__Lconfig                      config       000000
__Lconst                       const        000000
__LcstackCOMRAM                cstackCOMRAM 000000
__Ldata                        data         000000
__Leeprom_data                 eeprom_data  000000
__Lfarbss                      farbss       000000
__Lfardata                     fardata      000000
__Lheap                        heap         000000
__Libigdata                    ibigdata     000000
__Lidata                       idata        000000
__Lidloc                       idloc        000000
__Lifardata                    ifardata     000000
__Linit                        init         000000
__Lintcode                     intcode      000000
__Lintcode_body                intcode_body 000000
__Lintcodelo                   intcodelo    000000
__Lintentry                    intentry     000000
__Lintret                      intret       000000
__Lintsave_regs                intsave_regs 000000
__Lirdata                      irdata       000000
__Lmediumconst                 mediumconst  000000
__LnvFARRAM                    nvFARRAM     000000
__Lnvbit                       nvbit        000000
__Lnvrram                      nvrram       000000
__Lparam                       rparam       000000
__Lpowerup                     powerup      000000
__Lram                         ram          000000
__Lramtop                      ramtop       000E00
__Lrbit                        rbit         000000
__Lrbss                        rbss         000000
__Lrdata                       rdata        000000
__Lreset_vec                   reset_vec    000000
__Lrparam                      rparam       000000
__Lsfr                         sfr          000000
__Lsmallconst                  smallconst   000000
__Lspace_0                     (abs)        000000
__Lspace_1                     (abs)        000000
__Lspace_2                     (abs)        000000
__Lspace_4                     (abs)        000000
__Lstack                       stack        000000
__Lstruct                      struct       000000
__Ltemp                        temp         000000
__Ltext                        text         000000
__Ltext0                       text0        000000
__Ltext1                       text1        000000
__Ltext10                      text10       000000
__Ltext11                      text11       000000
__Ltext12                      text12       000000
__Ltext13                      text13       000000
__Ltext14                      text14       000000
__Ltext15                      text15       000000
__Ltext2                       text2        000000
__Ltext3                       text3        000000
__Ltext4                       text4        000000
__Ltext5                       text5        000000
__Ltext6                       text6        000000
__Ltext7                       text7        000000
__Ltext8                       text8        000000
__Ltext9                       text9        000000
__S0                           (abs)        020000
__S1                           (abs)        000029
__S4                           (abs)        000000
__S5                           (abs)        000000
___heap_hi                     (abs)        000000
___heap_lo                     (abs)        000000
___inthi_sp                    stack        000000
___intlo_sp                    stack        000000
___lwdiv                       text3        01FCFC
___lwdiv@counter               cstackCOMRAM 00000D
___lwdiv@dividend              cstackCOMRAM 000007
___lwdiv@divisor               cstackCOMRAM 000009
___lwdiv@quotient              cstackCOMRAM 00000B
___param_bank                  (abs)        000000
___rparam_used                 (abs)        000001
___sp                          stack        000000
___wmul                        text2        01FBBE
___wmul@multiplicand           cstackCOMRAM 000003
___wmul@multiplier             cstackCOMRAM 000001
___wmul@product                cstackCOMRAM 000005
__accesstop                    (abs)        000060
__activetblptr                 (abs)        000000
__end_of_I2C_2_Master_Idle     text13       01FC0C
__end_of_I2C_2_Master_Init     text14       01FC36
__end_of_I2C_2_Master_Read     text7        01FCAC
__end_of_I2C_2_Master_RepStart text6        01FB70
__end_of_I2C_2_Master_Start    text12       01FB5C
__end_of_I2C_2_Master_Stop     text11       01FB66
__end_of_I2C_2_Master_Write    text10       01FB7C
__end_of_LEDSon_init           text15       01FBBE
__end_of___lwdiv               text3        01FD70
__end_of___wmul                text2        01FBE4
__end_of__initialization       cinit        01FB4C
__end_of_color_click_init      text8        01FC6A
__end_of_color_read_Red        text5        01FCFC
__end_of_color_writetoaddr     text9        01FB9C
__end_of_initDCmotorsPWM       text4        01FDF8
__end_of_main                  text0        01FE94
__end_of_setMotorPWM           text1        020000
__initialization               cinit        01FB4C
__mediumconst                  mediumconst  000000
__pcinit                       cinit        01FB4C
__pcstackCOMRAM                cstackCOMRAM 000001
__ptext0                       text0        01FDF8
__ptext1                       text1        01FE94
__ptext10                      text10       01FB70
__ptext11                      text11       01FB5C
__ptext12                      text12       01FB52
__ptext13                      text13       01FBE4
__ptext14                      text14       01FC0C
__ptext15                      text15       01FB9C
__ptext2                       text2        01FBBE
__ptext3                       text3        01FCFC
__ptext4                       text4        01FD70
__ptext5                       text5        01FCAC
__ptext6                       text6        01FB66
__ptext7                       text7        01FC6A
__ptext8                       text8        01FC36
__ptext9                       text9        01FB7C
__ramtop                       ramtop       000E00
__smallconst                   smallconst   000000
_color_click_init              text8        01FC36
_color_read_Red                text5        01FCAC
_color_writetoaddr             text9        01FB7C
_initDCmotorsPWM               text4        01FD70
_main                          text0        01FDF8
_setMotorPWM                   text1        01FE94
color_read_Red@tmp             cstackCOMRAM 00000A
color_writetoaddr@address      cstackCOMRAM 000004
color_writetoaddr@value        cstackCOMRAM 000003
end_of_initialization          cinit        01FB4C
intlevel0                      text         000000
intlevel1                      text         000000
intlevel2                      text         000000
intlevel3                      text         000000
isa$std                        (abs)        000001
isa$xinst                      (abs)        000000
main@PWMcycle                  cstackCOMRAM 000016
main@motorL                    cstackCOMRAM 000017
main@motorR                    cstackCOMRAM 000020
main@onoff                     cstackCOMRAM 000014
setMotorPWM@m                  cstackCOMRAM 00000E
setMotorPWM@negDuty            cstackCOMRAM 000013
setMotorPWM@posDuty            cstackCOMRAM 000012
stackhi                        (abs)        000000
stacklo                        (abs)        000000
start                          init         000000
start_initialization           cinit        01FB4C


MODULE INFORMATION

Module		Function		Class		Link	Load	Size
C:\Program Files\Microchip\xc8\v2.40\pic\sources\c99\common\lwdiv.c
		___lwdiv       		CODE           	1FCFC	0000	116

C:\Program Files\Microchip\xc8\v2.40\pic\sources\c99\common\lwdiv.c estimated size: 116

color.c
		_color_writetoaddr		CODE           	1FB7C	0000	32
		_color_click_init		CODE           	1FC36	0000	52
		_color_read_Red		CODE           	1FCAC	0000	80

color.c estimated size: 164

C:\Program Files\Microchip\xc8\v2.40\pic\sources\c99\common\Umul16.c
		___wmul        		CODE           	1FBBE	0000	38

C:\Program Files\Microchip\xc8\v2.40\pic\sources\c99\common\Umul16.c estimated size: 38

dc_motor.c
		_initDCmotorsPWM		CODE           	1FD70	0000	136
		_setMotorPWM   		CODE           	1FE94	0000	364

dc_motor.c estimated size: 500

i2c.c
		_I2C_2_Master_Start		CODE           	1FB52	0000	10
		_I2C_2_Master_Read		CODE           	1FC6A	0000	66
		_I2C_2_Master_Idle		CODE           	1FBE4	0000	40
		_I2C_2_Master_Init		CODE           	1FC0C	0000	42
		_I2C_2_Master_Stop		CODE           	1FB5C	0000	10
		_I2C_2_Master_RepStart		CODE           	1FB66	0000	10
		_I2C_2_Master_Write		CODE           	1FB70	0000	12

i2c.c estimated size: 190

LEDsOn.c
		_LEDSon_init   		CODE           	1FB9C	0000	34

LEDsOn.c estimated size: 34

shared
		__initialization		CODE           	1FB4C	0000	1

shared estimated size: 1

main.c
		_main          		CODE           	1FDF8	0000	156

main.c estimated size: 156

