Microchip MPLAB XC8 Compiler V2.40

Linker command line:

-W-3 \
  --edf=C:\Program Files\Microchip\xc8\v2.40\pic\dat\20220703182018_en.msgs \
  -cn \
  -h+dist/default/production\final-project-darciea-matti.X.production.sym \
  --cmf=dist/default/production\final-project-darciea-matti.X.production.cmf \
  -z -Q18F67K40 -oC:\Users\darci\AppData\Local\Temp\xcAso7k.4 \
  --defsym=__MPLAB_BUILD=1 --fixupoverflow=error \
  -Mdist/default/production/final-project-darciea-matti.X.production.map \
  --md=C:\Users\darci\AppData\Local\Temp\xcAso7k.dat -E1 -ver=XC8 Compiler \
  --acfsm=1493 -ACODE=00h-01FFFFh -ACONST=00h-01FFFFh \
  -ASMALLCONST=0E00h-0EFFhx498 -AMEDIUMCONST=0E00h-0FFFFh,010E00h-01FFFFh \
  -ACOMRAM=01h-05Fh -AABS1=00h-0DE9h -ABIGRAM=01h-0DE9h \
  -ARAM=060h-0FFh,0100h-01FFhx12,0D00h-0DE9h -ABANK0=060h-0FFh \
  -ABANK1=0100h-01FFh -ABANK2=0200h-02FFh -ABANK3=0300h-03FFh \
  -ABANK4=0400h-04FFh -ABANK5=0500h-05FFh -ABANK6=0600h-06FFh \
  -ABANK7=0700h-07FFh -ABANK8=0800h-08FFh -ABANK9=0900h-09FFh \
  -ABANK10=0A00h-0AFFh -ABANK11=0B00h-0BFFh -ABANK12=0C00h-0CFFh \
  -ABANK13=0D00h-0DE9h \
  -ASFR=0DEFh-0DFFh,0E00h-0EFFh,0F00h-0F5Fh,0F60h-0FFFh \
  -ABIGSFR=0DEFh-0FFFh -ACONFIG=0300000h-030000Bh -AIDLOC=0200000h-020000Fh \
  -AEEDATA=0310000h-03103FFh -peeprom_data=EEDATA \
  -preset_vec=00h,intcode=08h,intcodelo,powerup,init -pramtop=0E00h \
  -psmallconst=SMALLCONST -pmediumconst=MEDIUMCONST -pconst=CONST \
  -AFARRAM=00h-00h \
  -prdata=COMRAM,nvrram=COMRAM,nvbit=COMRAM,rbss=COMRAM,rbit=COMRAM \
  -pfarbss=FARRAM,fardata=FARRAM,nvFARRAM=FARRAM \
  -pintsave_regs=BIGRAM,bigbss=BIGRAM,bigdata=BIGRAM -pbss=RAM \
  -pidata=CODE,irdata=CODE,ibigdata=CODE,ifardata=CODE -prparam=COMRAM \
  C:\Users\darci\AppData\Local\Temp\xcAso7k.o \
  dist/default/production\final-project-darciea-matti.X.production.o 

Object code version is 3.11

Machine type is 18F67K40



                Name                               Link     Load   Length Selector   Space Scale
C:\Users\darci\AppData\Local\Temp\xcAso7k.o
                idloc                            200000   200000       10        0       5
                config                           300000   300000        C        0       4
                init                                 76       76        4        4       0
                reset_vec                             0        0        4        0       0
dist/default/production\final-project-darciea-matti.X.production.o
                intcode                               8        8       6E        4       0
                idloc                            200000   200000       10        0       5
                config                           300000   300000        C        0       4
                temp                                 5B       5B        1        1       1
                smallconst                          E00      E00       66      700       0
                text52                             2BF8     2BF8       28      733       0
                text51                             2D3C     2D3C        A      733       0
                text50                             2D32     2D32        A      733       0
                text49                             2D08     2D08        C      733       0
                text48                             2CD6     2CD6       16      733       0
                text46                             2BD0     2BD0       28      733       0
                text45                             2D28     2D28        A      733       0
                text44                             2D1E     2D1E        A      733       0
                text43                             2CFC     2CFC        C      733       0
                text42                             2CC0     2CC0       16      733       0
                text41                             2C88     2C88       20      733       0
                text40                             2CEC     2CEC       10      733       0
                text39                             27C6     27C6       68      733       0
                text38                             2ADA     2ADA       3E      733       0
                text37                             2C46     2C46       22      733       0
                text36                             2A58     2A58       42      733       0
                text35                             2D14     2D14        A      733       0
                text34                             29C4     29C4       50      733       0
                text33                             2974     2974       50      733       0
                text32                             2924     2924       50      733       0
                text31                             1902     1902      1E6      733       0
                text30                             2658     2658       80      733       0
                text29                             2752     2752       74      733       0
                text28                             21C4     21C4       D4      733       0
                text27                             2C20     2C20       26      733       0
                text26                             1C70     1C70      16C      733       0
                text25                             24BE     24BE       8C      733       0
                text24                             25D2     25D2       86      733       0
                text23                             2410     2410       AE      733       0
                text22                             2362     2362       AE      733       0
                text21                              E66      E66      316      733       0
                text20                             2A9A     2A9A       40      733       0
                text19                             16DA     16DA      228      733       0
                text18                             2CA8     2CA8       18      733       0
                text17                             2B4C     2B4C       30      733       0
                text16                             1AE8     1AE8      188      733       0
                text15                             1DDC     1DDC      164      733       0
                text14                             2D46     2D46        2      733       0
                text13                             2298     2298       CA      733       0
                text12                             2A14     2A14       44      733       0
                text11                             26D8     26D8       7A      733       0
                text10                             145C     145C      27E      733       0
                text9                              1F40     1F40      15E      733       0
                text8                              282E     282E       54      733       0
                text7                              2882     2882       52      733       0
                text6                              209E     209E      126      733       0
                text5                              2BA6     2BA6       2A      733       0
                text4                              2B18     2B18       34      733       0
                text3                              28D4     28D4       50      733       0
                text2                              254A     254A       88      733       0
                text1                              2C68     2C68       20      733       0
                text0                              117C     117C      2E0      733       0
                cstackCOMRAM                          1        1       56        1       1
                cstackBANK0                          60       60       78       60       1
                cstackBANK1                         100      100       EC      100       1
                bssBANK2                            200      200       5C      200       1
                bssBANK0                             D8       D8       1D       60       1
                bssCOMRAM                            57       57        4        1       1
                cinit                              2B7C     2B7C       2A      733       0

TOTAL           Name                               Link     Load   Length     Space
        CLASS   CODE           
                intcode                               8        8       6E         0
                init                                 76       76        4         0
                reset_vec                             0        0        4         0
                text52                             2BF8     2BF8       28         0
                text51                             2D3C     2D3C        A         0
                text50                             2D32     2D32        A         0
                text49                             2D08     2D08        C         0
                text48                             2CD6     2CD6       16         0
                text46                             2BD0     2BD0       28         0
                text45                             2D28     2D28        A         0
                text44                             2D1E     2D1E        A         0
                text43                             2CFC     2CFC        C         0
                text42                             2CC0     2CC0       16         0
                text41                             2C88     2C88       20         0
                text40                             2CEC     2CEC       10         0
                text39                             27C6     27C6       68         0
                text38                             2ADA     2ADA       3E         0
                text37                             2C46     2C46       22         0
                text36                             2A58     2A58       42         0
                text35                             2D14     2D14        A         0
                text34                             29C4     29C4       50         0
                text33                             2974     2974       50         0
                text32                             2924     2924       50         0
                text31                             1902     1902      1E6         0
                text30                             2658     2658       80         0
                text29                             2752     2752       74         0
                text28                             21C4     21C4       D4         0
                text27                             2C20     2C20       26         0
                text26                             1C70     1C70      16C         0
                text25                             24BE     24BE       8C         0
                text24                             25D2     25D2       86         0
                text23                             2410     2410       AE         0
                text22                             2362     2362       AE         0
                text21                              E66      E66      316         0
                text20                             2A9A     2A9A       40         0
                text19                             16DA     16DA      228         0
                text18                             2CA8     2CA8       18         0
                text17                             2B4C     2B4C       30         0
                text16                             1AE8     1AE8      188         0
                text15                             1DDC     1DDC      164         0
                text14                             2D46     2D46        2         0
                text13                             2298     2298       CA         0
                text12                             2A14     2A14       44         0
                text11                             26D8     26D8       7A         0
                text10                             145C     145C      27E         0
                text9                              1F40     1F40      15E         0
                text8                              282E     282E       54         0
                text7                              2882     2882       52         0
                text6                              209E     209E      126         0
                text5                              2BA6     2BA6       2A         0
                text4                              2B18     2B18       34         0
                text3                              28D4     28D4       50         0
                text2                              254A     254A       88         0
                text1                              2C68     2C68       20         0
                text0                              117C     117C      2E0         0
                cinit                              2B7C     2B7C       2A         0

        CLASS   CONST          

        CLASS   SMALLCONST     
                smallconst                          E00      E00       66         0

        CLASS   MEDIUMCONST    

        CLASS   COMRAM         
                temp                                 5B       5B        1         1
                cstackCOMRAM                          1        1       56         1
                bssCOMRAM                            57       57        4         1

        CLASS   ABS1           

        CLASS   BIGRAM         

        CLASS   RAM            

        CLASS   BANK0          
                cstackBANK0                          60       60       78         1
                bssBANK0                             D8       D8       1D         1

        CLASS   BANK1          
                cstackBANK1                         100      100       EC         1

        CLASS   BANK2          
                bssBANK2                            200      200       5C         1

        CLASS   BANK3          

        CLASS   BANK4          

        CLASS   BANK5          

        CLASS   BANK6          

        CLASS   BANK7          

        CLASS   BANK8          

        CLASS   BANK9          

        CLASS   BANK10         

        CLASS   BANK11         

        CLASS   BANK12         

        CLASS   BANK13         

        CLASS   SFR            

        CLASS   BIGSFR         

        CLASS   CONFIG         
                config                           300000   300000        C         4

        CLASS   IDLOC          
                idloc                            200000   200000       10         5

        CLASS   EEDATA         

        CLASS   FARRAM         

        CLASS   HEAP           

        CLASS   STACK          



SEGMENTS        Name                           Load    Length   Top    Selector   Space  Class

                reset_vec                      000000  000004  000004         0       0  CODE    
                cstackCOMRAM                   000001  00005B  00005C         1       1  COMRAM  
                intcode                        000008  000072  00007A         4       0  CODE    
                cstackBANK0                    000060  000095  0000F5        60       1  BANK0   
                cstackBANK1                    000100  0000EC  0001EC       100       1  BANK1   
                bssBANK2                       000200  00005C  00025C       200       1  BANK2   
                smallconst                     000E00  000066  000E66       700       0  SMALLCON
                text21                         000E66  001EE2  002D48       733       0  CODE    


UNUSED ADDRESS RANGES

        Name                Unused          Largest block    Delta
        BANK0            0000F5-0000FF                B
        BANK1            0001EC-0001FF               14
        BANK10           000A00-000AFF              100
        BANK11           000B00-000BFF              100
        BANK12           000C00-000CFF              100
        BANK13           000D00-000DE9               EA
        BANK2            00025C-0002FF               A4
        BANK3            000300-0003FF              100
        BANK4            000400-0004FF              100
        BANK5            000500-0005FF              100
        BANK6            000600-0006FF              100
        BANK7            000700-0007FF              100
        BANK8            000800-0008FF              100
        BANK9            000900-0009FF              100
        BIGRAM           00005C-00005F                4
                         0000F5-0000FF                B
                         0001EC-0001FF               14
                         00025C-000DE9              B8E
        BIGSFR           000DEF-000FFF              211
        CODE             000004-000007                4
                         00007A-000DFF              D86
                         002D48-01FFFF            1D2B8
        COMRAM           00005C-00005F                4
        CONST            000004-000007                4
                         00007A-000DFF              D86
                         002D48-01FFFF            1D2B8
        EEDATA           310000-3103FF              400
        MEDIUMCONST      002D48-00FFFF             D2B8
                         010E00-01FFFF             F200
        RAM              0000F5-0000FF                B
                         0001EC-0001FF               14
                         00025C-000DE9              100
        SFR              000DEF-000FFF              100
        SMALLCONST       002D48-01FFFF              100

                                  Symbol Table

?___aodiv                               cstackCOMRAM 000005
?___aomod                               cstackCOMRAM 000005
?___lwdiv                               cstackCOMRAM 00000B
?___wmul                                cstackCOMRAM 000005
?_abs                                   cstackCOMRAM 000017
?_color_read_Blue                       cstackCOMRAM 000009
?_color_read_Clear                      cstackCOMRAM 000009
?_color_read_Green                      cstackCOMRAM 000009
?_color_read_Red                        cstackCOMRAM 000009
?_sprintf                               cstackBANK0  000066
?_vfprintf                              cstackBANK0  000060
I2C_2_Master_Read@ack                   cstackCOMRAM 000007
I2C_2_Master_Read@tmp                   cstackCOMRAM 000008
I2C_2_Master_Write@data_byte            cstackCOMRAM 000006
_ANSELBbits                             (abs)        000E9A
_ANSELDbits                             (abs)        000EA7
_ANSELFbits                             (abs)        000EB4
_BAUD4CONbits                           (abs)        000EE9
_CCP1CONbits                            (abs)        000FAB
_CCP2CONbits                            (abs)        000FA7
_CCP3CONbits                            (abs)        000F26
_CCP4CONbits                            (abs)        000F22
_CCPR1H                                 (abs)        000FAA
_CCPR2H                                 (abs)        000FA6
_CCPR3H                                 (abs)        000F25
_CCPR4H                                 (abs)        000F21
_CCPTMRS0bits                           (abs)        000FAD
_EUSART4RXbuf                           bssBANK0     0000D8
_EUSART4TXbuf                           bssBANK2     000200
_HighISR                                intcode      000008
_I2C_2_Master_Idle                      text46       002BD0
_I2C_2_Master_Init                      text5        002BA6
_I2C_2_Master_Read                      text36       002A58
_I2C_2_Master_RepStart                  text35       002D14
_I2C_2_Master_Start                     text45       002D28
_I2C_2_Master_Stop                      text44       002D1E
_I2C_2_Master_Write                     text43       002CFC
_INT1PPS                                (abs)        000DF1
_INTCONbits                             (abs)        000FF2
_IPR0bits                               (abs)        000E1F
_Interrupts_init                        text38       002ADA
_LATAbits                               (abs)        000F79
_LATDbits                               (abs)        000F7C
_LATFbits                               (abs)        000F7E
_LATGbits                               (abs)        000F7F
_LATHbits                               (abs)        000F80
_LEDSon_init                            text37       002C46
_PIE0bits                               (abs)        000E29
_PIE4bits                               (abs)        000E2D
_PIR0bits                               (abs)        000E33
_PIR4bits                               (abs)        000E37
_PORTFbits                              (abs)        000F8E
_RC0PPS                                 (abs)        000E62
_RC4REG                                 (abs)        000EE3
_RC4STAbits                             (abs)        000EE7
_RC7PPS                                 (abs)        000E69
_RD5PPS                                 (abs)        000E6F
_RD6PPS                                 (abs)        000E70
_RE2PPS                                 (abs)        000E74
_RE4PPS                                 (abs)        000E76
_RG6PPS                                 (abs)        000E88
_RX4PPS                                 (abs)        000E15
_RxBufReadCnt                           bssCOMRAM    000059
_RxBufWriteCnt                          bssCOMRAM    00005A
_SP4BRGH                                (abs)        000EE6
_SP4BRGL                                (abs)        000EE5
_SSP2ADD                                (abs)        000ED6
_SSP2BUF                                (abs)        000ED5
_SSP2CLKPPS                             (abs)        000E1C
_SSP2CON1bits                           (abs)        000ED9
_SSP2CON2                               (abs)        000EDA
_SSP2CON2bits                           (abs)        000EDA
_SSP2DATPPS                             (abs)        000E1D
_SSP2STAT                               (abs)        000ED8
_T2CLKCONbits                           (abs)        000FBF
_T2CONbits                              (abs)        000FBD
_T2HLTbits                              (abs)        000FBE
_T2PR                                   (abs)        000FBC
_TRISAbits                              (abs)        000F81
_TRISBbits                              (abs)        000F82
_TRISCbits                              (abs)        000F83
_TRISDbits                              (abs)        000F84
_TRISEbits                              (abs)        000F85
_TRISFbits                              (abs)        000F86
_TRISGbits                              (abs)        000F87
_TRISHbits                              (abs)        000F88
_TX4REG                                 (abs)        000EE4
_TX4STAbits                             (abs)        000EE8
_TxBufReadCnt                           bssCOMRAM    000057
_TxBufWriteCnt                          bssCOMRAM    000058
__HRAM                                  (abs)        000000
__Habs1                                 abs1         000000
__Hbank0                                bank0        000000
__Hbank1                                bank1        000000
__Hbank10                               bank10       000000
__Hbank11                               bank11       000000
__Hbank12                               bank12       000000
__Hbank13                               bank13       000000
__Hbank2                                bank2        000000
__Hbank3                                bank3        000000
__Hbank4                                bank4        000000
__Hbank5                                bank5        000000
__Hbank6                                bank6        000000
__Hbank7                                bank7        000000
__Hbank8                                bank8        000000
__Hbank9                                bank9        000000
__Hbigbss                               bigbss       000000
__Hbigdata                              bigdata      000000
__Hbigram                               bigram       000000
__Hbigsfr                               bigsfr       000000
__Hbss                                  bss          000000
__HbssBANK0                             bssBANK0     000000
__HbssBANK2                             bssBANK2     000000
__HbssCOMRAM                            bssCOMRAM    000000
__Hcinit                                cinit        000000
__Hclrtext                              clrtext      000000
__Hcomram                               comram       000000
__Hconfig                               config       30000C
__Hconst                                const        000000
__HcstackBANK0                          cstackBANK0  000000
__HcstackBANK1                          cstackBANK1  000000
__HcstackCOMRAM                         cstackCOMRAM 000000
__Hdata                                 data         000000
__Heeprom_data                          eeprom_data  000000
__Hfarbss                               farbss       000000
__Hfardata                              fardata      000000
__Hheap                                 heap         000000
__Hibigdata                             ibigdata     000000
__Hidata                                idata        000000
__Hidloc                                idloc        200010
__Hifardata                             ifardata     000000
__Hinit                                 init         00007A
__Hintcode                              intcode      000076
__Hintcode_body                         intcode_body 000000
__Hintcodelo                            intcodelo    000076
__Hintentry                             intentry     000000
__Hintret                               intret       000000
__Hintsave_regs                         intsave_regs 000000
__Hirdata                               irdata       000000
__Hmediumconst                          mediumconst  000000
__HnvFARRAM                             nvFARRAM     000000
__Hnvbit                                nvbit        000000
__Hnvrram                               nvrram       000000
__Hparam                                rparam       000000
__Hpowerup                              powerup      000076
__Hram                                  ram          000000
__Hramtop                               ramtop       000E00
__Hrbit                                 rbit         000000
__Hrbss                                 rbss         000000
__Hrdata                                rdata        000000
__Hreset_vec                            reset_vec    000004
__Hrparam                               rparam       000000
__Hsfr                                  sfr          000000
__Hsmallconst                           smallconst   000E66
__Hspace_0                              (abs)        002D48
__Hspace_1                              (abs)        00025C
__Hspace_2                              (abs)        000000
__Hspace_4                              (abs)        60000C
__Hstack                                stack        000000
__Hstruct                               struct       000000
__Htemp                                 temp         00005C
__Htext                                 text         000000
__Htext0                                text0        000000
__Htext1                                text1        000000
__Htext10                               text10       000000
__Htext11                               text11       000000
__Htext12                               text12       000000
__Htext13                               text13       000000
__Htext14                               text14       000000
__Htext15                               text15       000000
__Htext16                               text16       000000
__Htext17                               text17       000000
__Htext18                               text18       000000
__Htext19                               text19       000000
__Htext2                                text2        000000
__Htext20                               text20       000000
__Htext21                               text21       000000
__Htext22                               text22       000000
__Htext23                               text23       000000
__Htext24                               text24       000000
__Htext25                               text25       000000
__Htext26                               text26       000000
__Htext27                               text27       000000
__Htext28                               text28       000000
__Htext29                               text29       000000
__Htext3                                text3        000000
__Htext30                               text30       000000
__Htext31                               text31       000000
__Htext32                               text32       000000
__Htext33                               text33       000000
__Htext34                               text34       000000
__Htext35                               text35       000000
__Htext36                               text36       000000
__Htext37                               text37       000000
__Htext38                               text38       000000
__Htext39                               text39       000000
__Htext4                                text4        000000
__Htext40                               text40       000000
__Htext41                               text41       000000
__Htext42                               text42       000000
__Htext43                               text43       000000
__Htext44                               text44       000000
__Htext45                               text45       000000
__Htext46                               text46       000000
__Htext48                               text48       000000
__Htext49                               text49       000000
__Htext5                                text5        000000
__Htext50                               text50       000000
__Htext51                               text51       000000
__Htext52                               text52       000000
__Htext6                                text6        000000
__Htext7                                text7        000000
__Htext8                                text8        000000
__Htext9                                text9        000000
__LRAM                                  (abs)        000001
__Labs1                                 abs1         000000
__Lbank0                                bank0        000000
__Lbank1                                bank1        000000
__Lbank10                               bank10       000000
__Lbank11                               bank11       000000
__Lbank12                               bank12       000000
__Lbank13                               bank13       000000
__Lbank2                                bank2        000000
__Lbank3                                bank3        000000
__Lbank4                                bank4        000000
__Lbank5                                bank5        000000
__Lbank6                                bank6        000000
__Lbank7                                bank7        000000
__Lbank8                                bank8        000000
__Lbank9                                bank9        000000
__Lbigbss                               bigbss       000000
__Lbigdata                              bigdata      000000
__Lbigram                               bigram       000000
__Lbigsfr                               bigsfr       000000
__Lbss                                  bss          000000
__LbssBANK0                             bssBANK0     000000
__LbssBANK2                             bssBANK2     000000
__LbssCOMRAM                            bssCOMRAM    000000
__Lcinit                                cinit        000000
__Lclrtext                              clrtext      000000
__Lcomram                               comram       000000
__Lconfig                               config       000000
__Lconst                                const        000000
__LcstackBANK0                          cstackBANK0  000000
__LcstackBANK1                          cstackBANK1  000000
__LcstackCOMRAM                         cstackCOMRAM 000000
__Ldata                                 data         000000
__Leeprom_data                          eeprom_data  000000
__Lfarbss                               farbss       000000
__Lfardata                              fardata      000000
__Lheap                                 heap         000000
__Libigdata                             ibigdata     000000
__Lidata                                idata        000000
__Lidloc                                idloc        000000
__Lifardata                             ifardata     000000
__Linit                                 init         000076
__Lintcode                              intcode      000008
__Lintcode_body                         intcode_body 000000
__Lintcodelo                            intcodelo    000076
__Lintentry                             intentry     000000
__Lintret                               intret       000000
__Lintsave_regs                         intsave_regs 000000
__Lirdata                               irdata       000000
__Lmediumconst                          mediumconst  000000
__LnvFARRAM                             nvFARRAM     000000
__Lnvbit                                nvbit        000000
__Lnvrram                               nvrram       000000
__Lparam                                rparam       000000
__Lpowerup                              powerup      000076
__Lram                                  ram          000000
__Lramtop                               ramtop       000E00
__Lrbit                                 rbit         000000
__Lrbss                                 rbss         000000
__Lrdata                                rdata        000000
__Lreset_vec                            reset_vec    000000
__Lrparam                               rparam       000000
__Lsfr                                  sfr          000000
__Lsmallconst                           smallconst   000E00
__Lspace_0                              (abs)        000000
__Lspace_1                              (abs)        000000
__Lspace_2                              (abs)        000000
__Lspace_4                              (abs)        000000
__Lstack                                stack        000000
__Lstruct                               struct       000000
__Ltemp                                 temp         00005B
__Ltext                                 text         000000
__Ltext0                                text0        000000
__Ltext1                                text1        000000
__Ltext10                               text10       000000
__Ltext11                               text11       000000
__Ltext12                               text12       000000
__Ltext13                               text13       000000
__Ltext14                               text14       000000
__Ltext15                               text15       000000
__Ltext16                               text16       000000
__Ltext17                               text17       000000
__Ltext18                               text18       000000
__Ltext19                               text19       000000
__Ltext2                                text2        000000
__Ltext20                               text20       000000
__Ltext21                               text21       000000
__Ltext22                               text22       000000
__Ltext23                               text23       000000
__Ltext24                               text24       000000
__Ltext25                               text25       000000
__Ltext26                               text26       000000
__Ltext27                               text27       000000
__Ltext28                               text28       000000
__Ltext29                               text29       000000
__Ltext3                                text3        000000
__Ltext30                               text30       000000
__Ltext31                               text31       000000
__Ltext32                               text32       000000
__Ltext33                               text33       000000
__Ltext34                               text34       000000
__Ltext35                               text35       000000
__Ltext36                               text36       000000
__Ltext37                               text37       000000
__Ltext38                               text38       000000
__Ltext39                               text39       000000
__Ltext4                                text4        000000
__Ltext40                               text40       000000
__Ltext41                               text41       000000
__Ltext42                               text42       000000
__Ltext43                               text43       000000
__Ltext44                               text44       000000
__Ltext45                               text45       000000
__Ltext46                               text46       000000
__Ltext48                               text48       000000
__Ltext49                               text49       000000
__Ltext5                                text5        000000
__Ltext50                               text50       000000
__Ltext51                               text51       000000
__Ltext52                               text52       000000
__Ltext6                                text6        000000
__Ltext7                                text7        000000
__Ltext8                                text8        000000
__Ltext9                                text9        000000
__S0                                    (abs)        002D48
__S1                                    (abs)        00025C
__S4                                    (abs)        000000
__S5                                    (abs)        000000
___aodiv                                text16       001AE8
___aodiv@counter                        cstackCOMRAM 000015
___aodiv@dividend                       cstackCOMRAM 000005
___aodiv@divisor                        cstackCOMRAM 00000D
___aodiv@quotient                       cstackCOMRAM 000017
___aodiv@sign                           cstackCOMRAM 000016
___aomod                                text15       001DDC
___aomod@counter                        cstackCOMRAM 000015
___aomod@dividend                       cstackCOMRAM 000005
___aomod@divisor                        cstackCOMRAM 00000D
___aomod@sign                           cstackCOMRAM 000016
___heap_hi                              (abs)        000000
___heap_lo                              (abs)        000000
___inthi_sp                             stack        000000
___intlo_sp                             stack        000000
___lwdiv                                text29       002752
___lwdiv@counter                        cstackCOMRAM 000011
___lwdiv@dividend                       cstackCOMRAM 00000B
___lwdiv@divisor                        cstackCOMRAM 00000D
___lwdiv@quotient                       cstackCOMRAM 00000F
___param_bank                           (abs)        000000
___rparam_used                          (abs)        000001
___sp                                   stack        000000
___wmul                                 text27       002C20
___wmul@multiplicand                    cstackCOMRAM 000007
___wmul@multiplier                      cstackCOMRAM 000005
___wmul@product                         cstackCOMRAM 000009
__accesstop                             (abs)        000060
__activetblptr                          (abs)        000003
__end_of_HighISR                        intcode      000076
__end_of_I2C_2_Master_Idle              text46       002BF8
__end_of_I2C_2_Master_Init              text5        002BD0
__end_of_I2C_2_Master_Read              text36       002A9A
__end_of_I2C_2_Master_RepStart          text35       002D1E
__end_of_I2C_2_Master_Start             text45       002D32
__end_of_I2C_2_Master_Stop              text44       002D28
__end_of_I2C_2_Master_Write             text43       002D08
__end_of_Interrupts_init                text38       002B18
__end_of_LEDSon_init                    text37       002C68
__end_of___aodiv                        text16       001C70
__end_of___aomod                        text15       001F40
__end_of___lwdiv                        text29       0027C6
__end_of___wmul                         text27       002C46
__end_of__initialization                cinit        002B9C
__end_of_abs                            text20       002ADA
__end_of_card_response                  text6        0021C4
__end_of_clear_interrupt_flag           text42       002CD6
__end_of_collect_avg_readings           text31       001AE8
__end_of_color_click_init               text4        002B4C
__end_of_color_read_Blue                text34       002A14
__end_of_color_read_Clear               text3        002924
__end_of_color_read_Green               text33       0029C4
__end_of_color_read_Red                 text32       002974
__end_of_color_writetoaddr              text41       002CA8
__end_of_determine_card                 text30       0026D8
__end_of_dtoa                           text10       0016DA
__end_of_enable_color_interrupt         text40       002CFC
__end_of_fputc                          text13       002362
__end_of_fputs                          text12       002A58
__end_of_initDCmotorsPWM                text2        0025D2
__end_of_initUSART4                     text1        002C88
__end_of_main                           text0        00145C
__end_of_make_master_closeness          text28       002298
__end_of_motor_response                 text21       00117C
__end_of_normalise_readings             text19       001902
__end_of_pad                            text11       002752
__end_of_putch                          text14       002D48
__end_of_reverseFullSpeed               text25       00254A
__end_of_sendCharSerial4                text18       002CC0
__end_of_sendStringSerial4              text17       002B7C
__end_of_setMotorPWM                    text26       001DDC
__end_of_set_interrupt_threshold        text39       00282E
__end_of_sprintf                        text7        0028D4
__end_of_stop                           text24       002658
__end_of_turnLeft45                     text23       0024BE
__end_of_turnRight45                    text22       002410
__end_of_vfpfcnvrt                      text9        00209E
__end_of_vfprintf                       text8        002882
__end_ofi2_I2C_2_Master_Idle            text52       002C20
__end_ofi2_I2C_2_Master_Start           text51       002D46
__end_ofi2_I2C_2_Master_Stop            text50       002D3C
__end_ofi2_I2C_2_Master_Write           text49       002D14
__end_ofi2_clear_interrupt_flag         text48       002CEC
__initialization                        cinit        002B7C
__mediumconst                           mediumconst  000000
__pbssBANK0                             bssBANK0     0000D8
__pbssBANK2                             bssBANK2     000200
__pbssCOMRAM                            bssCOMRAM    000057
__pcinit                                cinit        002B7C
__pcstackBANK0                          cstackBANK0  000060
__pcstackBANK1                          cstackBANK1  000100
__pcstackCOMRAM                         cstackCOMRAM 000001
__pintcode                              intcode      000008
__psmallconst                           smallconst   000E00
__ptext0                                text0        00117C
__ptext1                                text1        002C68
__ptext10                               text10       00145C
__ptext11                               text11       0026D8
__ptext12                               text12       002A14
__ptext13                               text13       002298
__ptext14                               text14       002D46
__ptext15                               text15       001DDC
__ptext16                               text16       001AE8
__ptext17                               text17       002B4C
__ptext18                               text18       002CA8
__ptext19                               text19       0016DA
__ptext2                                text2        00254A
__ptext20                               text20       002A9A
__ptext21                               text21       000E66
__ptext22                               text22       002362
__ptext23                               text23       002410
__ptext24                               text24       0025D2
__ptext25                               text25       0024BE
__ptext26                               text26       001C70
__ptext27                               text27       002C20
__ptext28                               text28       0021C4
__ptext29                               text29       002752
__ptext3                                text3        0028D4
__ptext30                               text30       002658
__ptext31                               text31       001902
__ptext32                               text32       002924
__ptext33                               text33       002974
__ptext34                               text34       0029C4
__ptext35                               text35       002D14
__ptext36                               text36       002A58
__ptext37                               text37       002C46
__ptext38                               text38       002ADA
__ptext39                               text39       0027C6
__ptext4                                text4        002B18
__ptext40                               text40       002CEC
__ptext41                               text41       002C88
__ptext42                               text42       002CC0
__ptext43                               text43       002CFC
__ptext44                               text44       002D1E
__ptext45                               text45       002D28
__ptext46                               text46       002BD0
__ptext48                               text48       002CD6
__ptext49                               text49       002D08
__ptext5                                text5        002BA6
__ptext50                               text50       002D32
__ptext51                               text51       002D3C
__ptext52                               text52       002BF8
__ptext6                                text6        00209E
__ptext7                                text7        002882
__ptext8                                text8        00282E
__ptext9                                text9        001F40
__ramtop                                ramtop       000E00
__smallconst                            smallconst   000E00
_abs                                    text20       002A9A
_card_detected                          bssBANK0     0000F0
_card_response                          text6        00209E
_clear_interrupt_flag                   text42       002CC0
_collect_avg_readings                   text31       001902
_color_click_init                       text4        002B18
_color_read_Blue                        text34       0029C4
_color_read_Clear                       text3        0028D4
_color_read_Green                       text33       002974
_color_read_Red                         text32       002924
_color_writetoaddr                      text41       002C88
_dbuf                                   bssBANK2     00023C
_determine_card                         text30       002658
_dtoa                                   text10       00145C
_dtoa$2581                              cstackCOMRAM 000032
_enable_color_interrupt                 text40       002CEC
_flags                                  bssBANK0     0000F4
_fputc                                  text13       002298
_fputs                                  text12       002A14
_initDCmotorsPWM                        text2        00254A
_initUSART4                             text1        002C68
_main                                   text0        00117C
_make_master_closeness                  text28       0021C4
_motor_response                         text21       000E66
_normalise_readings                     text19       0016DA
_pad                                    text11       0026D8
_prec                                   bssBANK0     0000EE
_putch                                  text14       002D46
_response_in_progress                   bssBANK0     0000F2
_reverseFullSpeed                       text25       0024BE
_sendCharSerial4                        text18       002CA8
_sendStringSerial4                      text17       002B4C
_setMotorPWM                            text26       001C70
_set_interrupt_threshold                text39       0027C6
_set_interrupt_threshold$2062           cstackCOMRAM 00000F
_set_interrupt_threshold$2063           cstackCOMRAM 000010
_sprintf                                text7        002882
_stop                                   text24       0025D2
_turnLeft45                             text23       002410
_turnRight45                            text22       002362
_vfpfcnvrt                              text9        001F40
_vfprintf                               text8        00282E
_width                                  bssBANK0     0000EC
abs@a                                   cstackCOMRAM 000017
btemp                                   temp         00005B
card_response@blue_read                 cstackBANK0  000085
card_response@buf                       cstackBANK0  00007F
card_response@card                      cstackBANK0  0000D5
card_response@expected_values           cstackBANK0  000087
card_response@green_read                cstackBANK0  000083
card_response@mL                        cstackBANK0  000089
card_response@mR                        cstackBANK0  00008B
card_response@master_closeness          cstackBANK0  0000C3
card_response@normalised_values         cstackBANK0  00008D
card_response@red_read                  cstackBANK0  000081
collect_avg_readings@blue_read          cstackCOMRAM 000014
collect_avg_readings@green_read         cstackCOMRAM 000012
collect_avg_readings@i                  cstackCOMRAM 000018
collect_avg_readings@i_1596             cstackCOMRAM 00001A
collect_avg_readings@i_1597             cstackCOMRAM 00001C
collect_avg_readings@i_1598             cstackCOMRAM 00001E
collect_avg_readings@red_read           cstackCOMRAM 000010
color_read_Blue@tmp                     cstackCOMRAM 00000E
color_read_Clear@tmp                    cstackCOMRAM 00000E
color_read_Green@tmp                    cstackCOMRAM 00000E
color_read_Red@tmp                      cstackCOMRAM 00000E
color_writetoaddr@address               cstackCOMRAM 000008
color_writetoaddr@value                 cstackCOMRAM 000007
determine_card@current_smallest         cstackCOMRAM 00000B
determine_card@i                        cstackCOMRAM 00000E
determine_card@master_closeness         cstackCOMRAM 000005
determine_card@predicted_colour         cstackCOMRAM 00000D
dtoa@d                                  cstackCOMRAM 000022
dtoa@fp                                 cstackCOMRAM 000020
dtoa@i                                  cstackCOMRAM 000041
dtoa@n                                  cstackCOMRAM 000038
dtoa@p                                  cstackCOMRAM 000034
dtoa@s                                  cstackCOMRAM 000040
dtoa@w                                  cstackCOMRAM 000036
end_of_initialization                   cinit        002B9C
fputc@c                                 cstackCOMRAM 000005
fputc@fp                                cstackCOMRAM 000007
fputs@c                                 cstackCOMRAM 000012
fputs@fp                                cstackCOMRAM 000010
fputs@i                                 cstackCOMRAM 000013
fputs@s                                 cstackCOMRAM 00000E
i2I2C_2_Master_Write@data_byte          cstackCOMRAM 000002
i2_I2C_2_Master_Idle                    text52       002BF8
i2_I2C_2_Master_Start                   text51       002D3C
i2_I2C_2_Master_Stop                    text50       002D32
i2_I2C_2_Master_Write                   text49       002D08
i2_clear_interrupt_flag                 text48       002CD6
int$flags                               temp         00005B
intlevel0                               text         000000
intlevel1                               text         000000
intlevel2                               text         000000
intlevel3                               text         000000
isa$std                                 (abs)        000001
isa$xinst                               (abs)        000000
main@PWMcycle                           cstackBANK1  0001CC
main@blue_read                          cstackBANK1  0001D7
main@buf                                cstackBANK1  000100
main@clear_read                         cstackBANK1  0001D1
main@expected_values                    cstackBANK1  000196
main@green_read                         cstackBANK1  0001D5
main@i                                  cstackBANK1  0001D9
main@i_1290                             cstackBANK1  0001CD
main@i_1292                             cstackBANK1  0001CF
main@motorL                             cstackBANK1  0001DA
main@motorR                             cstackBANK1  0001E3
main@red_read                           cstackBANK1  0001D3
make_master_closeness@buf               cstackCOMRAM 000012
make_master_closeness@i                 cstackCOMRAM 00002C
make_master_closeness@master_closeness  cstackCOMRAM 000016
make_master_closeness@normalised_values cstackCOMRAM 000014
motor_response@card                     cstackCOMRAM 000026
motor_response@mL                       cstackCOMRAM 000020
motor_response@mR                       cstackCOMRAM 000022
normalise_readings@blue_read            cstackCOMRAM 000021
normalise_readings@buf                  cstackCOMRAM 00001B
normalise_readings@difference           cstackCOMRAM 00002F
normalise_readings@expected_values      cstackCOMRAM 000023
normalise_readings@green_read           cstackCOMRAM 00001F
normalise_readings@i                    cstackCOMRAM 000031
normalise_readings@normalised_values    cstackCOMRAM 000025
normalise_readings@red_read             cstackCOMRAM 00001D
pad@buf                                 cstackCOMRAM 000017
pad@fp                                  cstackCOMRAM 000015
pad@i                                   cstackCOMRAM 00001C
pad@p                                   cstackCOMRAM 000019
pad@w                                   cstackCOMRAM 00001E
reverseFullSpeed@i                      cstackCOMRAM 00001D
reverseFullSpeed@mL                     cstackCOMRAM 000018
reverseFullSpeed@mR                     cstackCOMRAM 00001A
sendCharSerial4@charToSend              cstackCOMRAM 000005
sendStringSerial4@string                cstackCOMRAM 000006
setMotorPWM@m                           cstackCOMRAM 000012
setMotorPWM@negDuty                     cstackCOMRAM 000017
setMotorPWM@posDuty                     cstackCOMRAM 000016
set_interrupt_threshold@AIHT            cstackCOMRAM 00000B
set_interrupt_threshold@AILT            cstackCOMRAM 000009
set_interrupt_threshold@persistence     cstackCOMRAM 00000D
sprintf@ap                              cstackBANK0  000072
sprintf@f                               cstackBANK0  000074
sprintf@fmt                             cstackBANK0  000068
sprintf@s                               cstackBANK0  000066
stackhi                                 (abs)        000000
stacklo                                 (abs)        000000
start                                   init         000076
start_initialization                    cinit        002B7C
stop@mL                                 cstackCOMRAM 000018
stop@mR                                 cstackCOMRAM 00001A
ttemp5                                  temp         00005C
ttemp6                                  temp         00005F
ttemp7                                  temp         000063
turnLeft45@i                            cstackCOMRAM 00001E
turnLeft45@mL                           cstackCOMRAM 000018
turnLeft45@mR                           cstackCOMRAM 00001A
turnRight45@i                           cstackCOMRAM 00001E
turnRight45@mL                          cstackCOMRAM 000018
turnRight45@mR                          cstackCOMRAM 00001A
vfpfcnvrt@ap                            cstackCOMRAM 000047
vfpfcnvrt@convarg                       cstackCOMRAM 00004B
vfpfcnvrt@cp                            cstackCOMRAM 000053
vfpfcnvrt@fmt                           cstackCOMRAM 000045
vfpfcnvrt@fp                            cstackCOMRAM 000043
vfprintf@ap                             cstackBANK0  000064
vfprintf@cfmt                           cstackCOMRAM 000055
vfprintf@fmt                            cstackBANK0  000062
vfprintf@fp                             cstackBANK0  000060
wtemp8                                  temp         00005C


MODULE INFORMATION

Module		Function		Class		Link	Load	Size
C:\Program Files\Microchip\xc8\v2.40\pic\sources\c99\common\nf_fputc.c
		_fputc         		CODE           	2298	0000	202

C:\Program Files\Microchip\xc8\v2.40\pic\sources\c99\common\nf_fputc.c estimated size: 202

serial.c
		_sendStringSerial4		CODE           	2B4C	0000	48
		_sendCharSerial4		CODE           	2CA8	0000	24
		_initUSART4    		CODE           	2C68	0000	32

serial.c estimated size: 104

C:\Program Files\Microchip\xc8\v2.40\pic\sources\c99\common\nf_sprintf.c
		_sprintf       		CODE           	2882	0000	82

C:\Program Files\Microchip\xc8\v2.40\pic\sources\c99\common\nf_sprintf.c estimated size: 82

C:\Program Files\Microchip\xc8\v2.40\pic\sources\c99\common\lwdiv.c
		___lwdiv       		CODE           	2752	0000	116

C:\Program Files\Microchip\xc8\v2.40\pic\sources\c99\common\lwdiv.c estimated size: 116

color.c
		_color_writetoaddr		CODE           	2C88	0000	32
		_color_click_init		CODE           	2B18	0000	52
		_color_read_Green		CODE           	2974	0000	80
		_color_read_Clear		CODE           	28D4	0000	80
		_color_read_Red		CODE           	2924	0000	80
		_color_read_Blue		CODE           	29C4	0000	80

color.c estimated size: 404

C:\Program Files\Microchip\xc8\v2.40\pic\sources\c99\common\Umul16.c
		___wmul        		CODE           	2C20	0000	38

C:\Program Files\Microchip\xc8\v2.40\pic\sources\c99\common\Umul16.c estimated size: 38

dc_motor.c
		_turnLeft45    		CODE           	2410	0000	174
		_stop          		CODE           	25D2	0000	134
		_initDCmotorsPWM		CODE           	254A	0000	136
		_turnRight45   		CODE           	2362	0000	174
		_setMotorPWM   		CODE           	1C70	0000	364
		_reverseFullSpeed		CODE           	24BE	0000	140

dc_motor.c estimated size: 1122

interrupts.c
		_clear_interrupt_flag		CODE           	2CC0	0000	22
		_enable_color_interrupt		CODE           	2CEC	0000	16
		_Interrupts_init		CODE           	2ADA	0000	62
		_set_interrupt_threshold		CODE           	27C6	0000	104
		_HighISR       		CODE           	0008	0000	110

interrupts.c estimated size: 314

C:\Program Files\Microchip\xc8\v2.40\pic\sources\c99\common\abs.c
		_abs           		CODE           	2A9A	0000	64

C:\Program Files\Microchip\xc8\v2.40\pic\sources\c99\common\abs.c estimated size: 64

i2c.c
		_I2C_2_Master_Start		CODE           	2D28	0000	10
		_I2C_2_Master_Read		CODE           	2A58	0000	66
		_I2C_2_Master_Idle		CODE           	2BD0	0000	40
		_I2C_2_Master_Init		CODE           	2BA6	0000	42
		_I2C_2_Master_Stop		CODE           	2D1E	0000	10
		_I2C_2_Master_RepStart		CODE           	2D14	0000	10
		_I2C_2_Master_Write		CODE           	2CFC	0000	12

i2c.c estimated size: 190

LEDsOn.c
		_LEDSon_init   		CODE           	2C46	0000	34

LEDsOn.c estimated size: 34

C:\Program Files\Microchip\xc8\v2.40\pic\sources\c99\common\nf_fputs.c
		_fputs         		CODE           	2A14	0000	68

C:\Program Files\Microchip\xc8\v2.40\pic\sources\c99\common\nf_fputs.c estimated size: 68

C:\Program Files\Microchip\xc8\v2.40\pic\sources\c99\common\aomod.c
		___aomod       		CODE           	1DDC	0000	356

C:\Program Files\Microchip\xc8\v2.40\pic\sources\c99\common\aomod.c estimated size: 356

shared
		i2_I2C_2_Master_Stop		CODE           	2D32	0000	10
		i2_I2C_2_Master_Idle		CODE           	2BF8	0000	40
		__initialization		CODE           	2B7C	0000	32
		i2_clear_interrupt_flag		CODE           	2CD6	0000	22
		i2_I2C_2_Master_Write		CODE           	2D08	0000	12
		i2_I2C_2_Master_Start		CODE           	2D3C	0000	10

shared estimated size: 126

C:\Program Files\Microchip\xc8\v2.40\pic\sources\c99\common\putch.c
		_putch         		CODE           	2D46	0000	2

C:\Program Files\Microchip\xc8\v2.40\pic\sources\c99\common\putch.c estimated size: 2

C:\Program Files\Microchip\xc8\v2.40\pic\sources\c99\common\doprnt.c
		_vfpfcnvrt     		CODE           	1F40	0000	350
		_pad           		CODE           	26D8	0000	122
		_dtoa          		CODE           	145C	0000	638
		_vfprintf      		CODE           	282E	0000	84

C:\Program Files\Microchip\xc8\v2.40\pic\sources\c99\common\doprnt.c estimated size: 1194

colour_identify.c
		_motor_response		CODE           	0E66	0000	790
		_collect_avg_readings		CODE           	1902	0000	486
		_determine_card		CODE           	2658	0000	128
		_normalise_readings		CODE           	16DA	0000	552
		_make_master_closeness		CODE           	21C4	0000	212
		_card_response 		CODE           	209E	0000	294

colour_identify.c estimated size: 2462

main.c
		_main          		CODE           	117C	0000	736

main.c estimated size: 736

C:\Program Files\Microchip\xc8\v2.40\pic\sources\c99\common\aodiv.c
		___aodiv       		CODE           	1AE8	0000	392

C:\Program Files\Microchip\xc8\v2.40\pic\sources\c99\common\aodiv.c estimated size: 392

