Microchip MPLAB XC8 Compiler V2.40

Linker command line:

-W-3 \
  --edf=C:\Program Files\Microchip\xc8\v2.40\pic\dat\20220703182018_en.msgs \
  -cn \
  -h+dist/default/production\final-project-darciea-matti.X.production.sym \
  --cmf=dist/default/production\final-project-darciea-matti.X.production.cmf \
  -z -Q18F67K40 -oC:\Users\darci\AppData\Local\Temp\xcAsdfg.4 \
  --defsym=__MPLAB_BUILD=1 --fixupoverflow=error \
  -Mdist/default/production/final-project-darciea-matti.X.production.map \
  --md=C:\Users\darci\AppData\Local\Temp\xcAsdfg.dat -E1 -ver=XC8 Compiler \
  --acfsm=1493 -ACODE=00h-01FFFFh -ACONST=00h-01FFFFh \
  -ASMALLCONST=0E00h-0EFFhx498 -AMEDIUMCONST=0E00h-0FFFFh,010E00h-01FFFFh \
  -ACOMRAM=01h-05Fh -AABS1=00h-0DE9h -ABIGRAM=01h-0DE9h \
  -ARAM=060h-0FFh,0100h-01FFhx12,0D00h-0DE9h -ABANK0=060h-0FFh \
  -ABANK1=0100h-01FFh -ABANK2=0200h-02FFh -ABANK3=0300h-03FFh \
  -ABANK4=0400h-04FFh -ABANK5=0500h-05FFh -ABANK6=0600h-06FFh \
  -ABANK7=0700h-07FFh -ABANK8=0800h-08FFh -ABANK9=0900h-09FFh \
  -ABANK10=0A00h-0AFFh -ABANK11=0B00h-0BFFh -ABANK12=0C00h-0CFFh \
  -ABANK13=0D00h-0DE9h \
  -ASFR=0DEFh-0DFFh,0E00h-0EFFh,0F00h-0F5Fh,0F60h-0FFFh \
  -ABIGSFR=0DEFh-0FFFh -ACONFIG=0300000h-030000Bh -AIDLOC=0200000h-020000Fh \
  -AEEDATA=0310000h-03103FFh -peeprom_data=EEDATA \
  -preset_vec=00h,intcode,intcodelo,powerup,init -pramtop=0E00h \
  -psmallconst=SMALLCONST -pmediumconst=MEDIUMCONST -pconst=CONST \
  -AFARRAM=00h-00h \
  -prdata=COMRAM,nvrram=COMRAM,nvbit=COMRAM,rbss=COMRAM,rbit=COMRAM \
  -pfarbss=FARRAM,fardata=FARRAM,nvFARRAM=FARRAM \
  -pintsave_regs=BIGRAM,bigbss=BIGRAM,bigdata=BIGRAM -pbss=RAM \
  -pidata=CODE,irdata=CODE,ibigdata=CODE,ifardata=CODE -prparam=COMRAM \
  C:\Users\darci\AppData\Local\Temp\xcAsdfg.o \
  dist/default/production\final-project-darciea-matti.X.production.o 

Object code version is 3.11

Machine type is 18F67K40



                Name                               Link     Load   Length Selector   Space Scale
C:\Users\darci\AppData\Local\Temp\xcAsdfg.o
                idloc                            200000   200000       10        0       5
                config                           300000   300000        C        0       4
                init                                  0        0        4        0       0
dist/default/production\final-project-darciea-matti.X.production.o
                idloc                            200000   200000       10        0       5
                config                           300000   300000        C        0       4
                mediumconst                        FEE0     FEE0      120     7F70       0
                text38                            11B12    11B12       22     8000       0
                text37                            11726    11726       74     8000       0
                text36                            11AC4    11AC4       28     8000       0
                text35                            119B4    119B4       42     8000       0
                text34                            11BBE    11BBE        A     8000       0
                text33                            11BB4    11BB4        A     8000       0
                text32                            11BAA    11BAA        A     8000       0
                text31                            11B9E    11B9E        C     8000       0
                text30                            118DE    118DE       50     8000       0
                text29                            1188E    1188E       50     8000       0
                text28                            1183E    1183E       50     8000       0
                text27                            111CE    111CE      14C     8000       0
                text26                            11A9A    11A9A       2A     8000       0
                text25                            11B54    11B54       20     8000       0
                text24                            11A36    11A36       34     8000       0
                text23                            1162C    1162C       80     8000       0
                text22                            115A4    115A4       88     8000       0
                text21                            11B34    11B34       20     8000       0
                text20                            11B74    11B74       18     8000       0
                text19                            11A6A    11A6A       30     8000       0
                text18                            10D76    10D76      188     8000       0
                text17                            1106A    1106A      164     8000       0
                text16                            119F6    119F6       40     8000       0
                text15                            11BC8    11BC8        2     8000       0
                text14                            114DA    114DA       CA     8000       0
                text13                            1192E    1192E       44     8000       0
                text12                            116AC    116AC       7A     8000       0
                text11                            1034A    1034A      27E     8000       0
                text10                            1131A    1131A       F0     8000       0
                text9                             1140A    1140A       D0     8000       0
                text8                             10A0A    10A0A      1C2     8000       0
                text7                             105C8    105C8      23A     8000       0
                text6                             117EC    117EC       52     8000       0
                text5                             1179A    1179A       52     8000       0
                text4                             10BCC    10BCC      1AA     8000       0
                text3                             11AEC    11AEC       26     8000       0
                text2                             10000    10000      34A     8000       0
                text1                             10EFE    10EFE      16C     8000       0
                text0                             10802    10802      208     8000       0
                cstackCOMRAM                          1        1       5D        1       1
                cstackBANK0                          60       60       8F       60       1
                dataBANK1                           170      170       12      100       1
                bssBANK1                            100      100       70      100       1
                bssBANK0                             EF       EF        7       60       1
                bssCOMRAM                            5E       5E        2        1       1
                cinit                             11972    11972       42     8000       0
                idataBANK1                        11B8C    11B8C       12     8000       0

TOTAL           Name                               Link     Load   Length     Space
        CLASS   CODE           
                init                                  0        0        4         0
                text38                            11B12    11B12       22         0
                text37                            11726    11726       74         0
                text36                            11AC4    11AC4       28         0
                text35                            119B4    119B4       42         0
                text34                            11BBE    11BBE        A         0
                text33                            11BB4    11BB4        A         0
                text32                            11BAA    11BAA        A         0
                text31                            11B9E    11B9E        C         0
                text30                            118DE    118DE       50         0
                text29                            1188E    1188E       50         0
                text28                            1183E    1183E       50         0
                text27                            111CE    111CE      14C         0
                text26                            11A9A    11A9A       2A         0
                text25                            11B54    11B54       20         0
                text24                            11A36    11A36       34         0
                text23                            1162C    1162C       80         0
                text22                            115A4    115A4       88         0
                text21                            11B34    11B34       20         0
                text20                            11B74    11B74       18         0
                text19                            11A6A    11A6A       30         0
                text18                            10D76    10D76      188         0
                text17                            1106A    1106A      164         0
                text16                            119F6    119F6       40         0
                text15                            11BC8    11BC8        2         0
                text14                            114DA    114DA       CA         0
                text13                            1192E    1192E       44         0
                text12                            116AC    116AC       7A         0
                text11                            1034A    1034A      27E         0
                text10                            1131A    1131A       F0         0
                text9                             1140A    1140A       D0         0
                text8                             10A0A    10A0A      1C2         0
                text7                             105C8    105C8      23A         0
                text6                             117EC    117EC       52         0
                text5                             1179A    1179A       52         0
                text4                             10BCC    10BCC      1AA         0
                text3                             11AEC    11AEC       26         0
                text2                             10000    10000      34A         0
                text1                             10EFE    10EFE      16C         0
                text0                             10802    10802      208         0
                cinit                             11972    11972       42         0
                idataBANK1                        11B8C    11B8C       12         0

        CLASS   CONST          

        CLASS   SMALLCONST     

        CLASS   MEDIUMCONST    
                mediumconst                        FEE0     FEE0      120         0

        CLASS   COMRAM         
                cstackCOMRAM                          1        1       5D         1
                bssCOMRAM                            5E       5E        2         1

        CLASS   ABS1           

        CLASS   BIGRAM         

        CLASS   RAM            

        CLASS   BANK0          
                cstackBANK0                          60       60       8F         1
                bssBANK0                             EF       EF        7         1

        CLASS   BANK1          
                dataBANK1                           170      170       12         1
                bssBANK1                            100      100       70         1

        CLASS   BANK2          

        CLASS   BANK3          

        CLASS   BANK4          

        CLASS   BANK5          

        CLASS   BANK6          

        CLASS   BANK7          

        CLASS   BANK8          

        CLASS   BANK9          

        CLASS   BANK10         

        CLASS   BANK11         

        CLASS   BANK12         

        CLASS   BANK13         

        CLASS   SFR            

        CLASS   BIGSFR         

        CLASS   CONFIG         
                config                           300000   300000        C         4

        CLASS   IDLOC          
                idloc                            200000   200000       10         5

        CLASS   EEDATA         

        CLASS   FARRAM         

        CLASS   HEAP           

        CLASS   STACK          



SEGMENTS        Name                           Load    Length   Top    Selector   Space  Class

                reset_vec                      000000  000004  000004         0       0  CODE    
                cstackCOMRAM                   000001  00005F  000060         1       1  COMRAM  
                cstackBANK0                    000060  000096  0000F6        60       1  BANK0   
                bssBANK1                       000100  000082  000182       100       1  BANK1   
                mediumconst                    00FEE0  000120  010000      7F70       0  MEDIUMCO
                text2                          010000  001BCA  011BCA      8000       0  CODE    


UNUSED ADDRESS RANGES

        Name                Unused          Largest block    Delta
        BANK0            0000F6-0000FF                A
        BANK1            000182-0001FF               7E
        BANK10           000A00-000AFF              100
        BANK11           000B00-000BFF              100
        BANK12           000C00-000CFF              100
        BANK13           000D00-000DE9               EA
        BANK2            000200-0002FF              100
        BANK3            000300-0003FF              100
        BANK4            000400-0004FF              100
        BANK5            000500-0005FF              100
        BANK6            000600-0006FF              100
        BANK7            000700-0007FF              100
        BANK8            000800-0008FF              100
        BANK9            000900-0009FF              100
        BIGRAM           0000F6-0000FF                A
                         000182-000DE9              C68
        BIGSFR           000DEF-000FFF              211
        CODE             000004-00FEDF             FEDC
                         011BCA-01FFFF             E436
        CONST            000004-00FEDF             FEDC
                         011BCA-01FFFF             E436
        EEDATA           310000-3103FF              400
        MEDIUMCONST      000E00-00FEDF             F0E0
                         011BCA-01FFFF             E436
        RAM              0000F6-0000FF                A
                         000182-000DE9              100
        SFR              000DEF-000FFF              100
        SMALLCONST       000E00-00FEDF              100
                         011BCA-01FFFF              100

                                  Symbol Table

?___aodiv                               cstackCOMRAM 000001
?___aomod                               cstackCOMRAM 000001
?___lodiv                               cstackCOMRAM 000001
?___lomod                               cstackCOMRAM 000001
?___lwdiv                               cstackCOMRAM 000007
?___wmul                                cstackCOMRAM 000001
?_abs                                   cstackCOMRAM 000013
?_color_read_Blue                       cstackCOMRAM 000005
?_color_read_Green                      cstackCOMRAM 000005
?_color_read_Red                        cstackCOMRAM 000005
?_sprintf                               cstackBANK0  000060
?_vfprintf                              cstackCOMRAM 000053
I2C_2_Master_Read@ack                   cstackCOMRAM 000003
I2C_2_Master_Read@tmp                   cstackCOMRAM 000004
I2C_2_Master_Write@data_byte            cstackCOMRAM 000002
_ANSELDbits                             (abs)        000EA7
_BAUD4CONbits                           (abs)        000EE9
_CCP1CONbits                            (abs)        000FAB
_CCP2CONbits                            (abs)        000FA7
_CCP3CONbits                            (abs)        000F26
_CCP4CONbits                            (abs)        000F22
_CCPR1H                                 (abs)        000FAA
_CCPR2H                                 (abs)        000FA6
_CCPR3H                                 (abs)        000F25
_CCPR4H                                 (abs)        000F21
_CCPTMRS0bits                           (abs)        000FAD
_EUSART4RXbuf                           bssBANK1     00013C
_EUSART4TXbuf                           bssBANK1     000100
_I2C_2_Master_Idle                      text36       011AC4
_I2C_2_Master_Init                      text26       011A9A
_I2C_2_Master_Read                      text35       0119B4
_I2C_2_Master_RepStart                  text34       011BBE
_I2C_2_Master_Start                     text33       011BB4
_I2C_2_Master_Stop                      text32       011BAA
_I2C_2_Master_Write                     text31       011B9E
_LATAbits                               (abs)        000F79
_LATDbits                               (abs)        000F7C
_LATFbits                               (abs)        000F7E
_LATGbits                               (abs)        000F7F
_LATHbits                               (abs)        000F80
_LEDSon_init                            text38       011B12
_PIE4bits                               (abs)        000E2D
_PIR4bits                               (abs)        000E37
_RC0PPS                                 (abs)        000E62
_RC4REG                                 (abs)        000EE3
_RC4STAbits                             (abs)        000EE7
_RC7PPS                                 (abs)        000E69
_RD5PPS                                 (abs)        000E6F
_RD6PPS                                 (abs)        000E70
_RE2PPS                                 (abs)        000E74
_RE4PPS                                 (abs)        000E76
_RG6PPS                                 (abs)        000E88
_RX4PPS                                 (abs)        000E15
_RxBufReadCnt                           bssBANK0     0000F4
_RxBufWriteCnt                          bssBANK0     0000F5
_SP4BRGH                                (abs)        000EE6
_SP4BRGL                                (abs)        000EE5
_SSP2ADD                                (abs)        000ED6
_SSP2BUF                                (abs)        000ED5
_SSP2CLKPPS                             (abs)        000E1C
_SSP2CON1bits                           (abs)        000ED9
_SSP2CON2                               (abs)        000EDA
_SSP2CON2bits                           (abs)        000EDA
_SSP2DATPPS                             (abs)        000E1D
_SSP2STAT                               (abs)        000ED8
_T2CLKCONbits                           (abs)        000FBF
_T2CONbits                              (abs)        000FBD
_T2HLTbits                              (abs)        000FBE
_T2PR                                   (abs)        000FBC
_TRISAbits                              (abs)        000F81
_TRISCbits                              (abs)        000F83
_TRISDbits                              (abs)        000F84
_TRISEbits                              (abs)        000F85
_TRISFbits                              (abs)        000F86
_TRISGbits                              (abs)        000F87
_TRISHbits                              (abs)        000F88
_TX4REG                                 (abs)        000EE4
_TX4STAbits                             (abs)        000EE8
_TxBufReadCnt                           bssCOMRAM    00005E
_TxBufWriteCnt                          bssCOMRAM    00005F
__HRAM                                  (abs)        000000
__Habs1                                 abs1         000000
__Hbank0                                bank0        000000
__Hbank1                                bank1        000000
__Hbank10                               bank10       000000
__Hbank11                               bank11       000000
__Hbank12                               bank12       000000
__Hbank13                               bank13       000000
__Hbank2                                bank2        000000
__Hbank3                                bank3        000000
__Hbank4                                bank4        000000
__Hbank5                                bank5        000000
__Hbank6                                bank6        000000
__Hbank7                                bank7        000000
__Hbank8                                bank8        000000
__Hbank9                                bank9        000000
__Hbigbss                               bigbss       000000
__Hbigdata                              bigdata      000000
__Hbigram                               bigram       000000
__Hbigsfr                               bigsfr       000000
__Hbss                                  bss          000000
__HbssBANK0                             bssBANK0     000000
__HbssBANK1                             bssBANK1     000000
__HbssCOMRAM                            bssCOMRAM    000000
__Hcinit                                cinit        000000
__Hclrtext                              clrtext      000000
__Hcomram                               comram       000000
__Hconfig                               config       30000C
__Hconst                                const        000000
__HcstackBANK0                          cstackBANK0  000000
__HcstackCOMRAM                         cstackCOMRAM 000000
__Hdata                                 data         000000
__HdataBANK1                            dataBANK1    000000
__Heeprom_data                          eeprom_data  000000
__Hfarbss                               farbss       000000
__Hfardata                              fardata      000000
__Hheap                                 heap         000000
__Hibigdata                             ibigdata     000000
__Hidata                                idata        000000
__HidataBANK1                           idataBANK1   000000
__Hidloc                                idloc        200010
__Hifardata                             ifardata     000000
__Hinit                                 init         000004
__Hintcode                              intcode      000000
__Hintcode_body                         intcode_body 000000
__Hintcodelo                            intcodelo    000000
__Hintentry                             intentry     000000
__Hintret                               intret       000000
__Hintsave_regs                         intsave_regs 000000
__Hirdata                               irdata       000000
__Hmediumconst                          mediumconst  010000
__HnvFARRAM                             nvFARRAM     000000
__Hnvbit                                nvbit        000000
__Hnvrram                               nvrram       000000
__Hparam                                rparam       000000
__Hpowerup                              powerup      000000
__Hram                                  ram          000000
__Hramtop                               ramtop       000E00
__Hrbit                                 rbit         000000
__Hrbss                                 rbss         000000
__Hrdata                                rdata        000000
__Hreset_vec                            reset_vec    000000
__Hrparam                               rparam       000000
__Hsfr                                  sfr          000000
__Hsmallconst                           smallconst   000000
__Hspace_0                              (abs)        011BCA
__Hspace_1                              (abs)        000182
__Hspace_2                              (abs)        000000
__Hspace_4                              (abs)        60000C
__Hstack                                stack        000000
__Hstruct                               struct       000000
__Htemp                                 temp         000000
__Htext                                 text         000000
__Htext0                                text0        000000
__Htext1                                text1        000000
__Htext10                               text10       000000
__Htext11                               text11       000000
__Htext12                               text12       000000
__Htext13                               text13       000000
__Htext14                               text14       000000
__Htext15                               text15       000000
__Htext16                               text16       000000
__Htext17                               text17       000000
__Htext18                               text18       000000
__Htext19                               text19       000000
__Htext2                                text2        000000
__Htext20                               text20       000000
__Htext21                               text21       000000
__Htext22                               text22       000000
__Htext23                               text23       000000
__Htext24                               text24       000000
__Htext25                               text25       000000
__Htext26                               text26       000000
__Htext27                               text27       000000
__Htext28                               text28       000000
__Htext29                               text29       000000
__Htext3                                text3        000000
__Htext30                               text30       000000
__Htext31                               text31       000000
__Htext32                               text32       000000
__Htext33                               text33       000000
__Htext34                               text34       000000
__Htext35                               text35       000000
__Htext36                               text36       000000
__Htext37                               text37       000000
__Htext38                               text38       000000
__Htext4                                text4        000000
__Htext5                                text5        000000
__Htext6                                text6        000000
__Htext7                                text7        000000
__Htext8                                text8        000000
__Htext9                                text9        000000
__LRAM                                  (abs)        000001
__Labs1                                 abs1         000000
__Lbank0                                bank0        000000
__Lbank1                                bank1        000000
__Lbank10                               bank10       000000
__Lbank11                               bank11       000000
__Lbank12                               bank12       000000
__Lbank13                               bank13       000000
__Lbank2                                bank2        000000
__Lbank3                                bank3        000000
__Lbank4                                bank4        000000
__Lbank5                                bank5        000000
__Lbank6                                bank6        000000
__Lbank7                                bank7        000000
__Lbank8                                bank8        000000
__Lbank9                                bank9        000000
__Lbigbss                               bigbss       000000
__Lbigdata                              bigdata      000000
__Lbigram                               bigram       000000
__Lbigsfr                               bigsfr       000000
__Lbss                                  bss          000000
__LbssBANK0                             bssBANK0     000000
__LbssBANK1                             bssBANK1     000000
__LbssCOMRAM                            bssCOMRAM    000000
__Lcinit                                cinit        000000
__Lclrtext                              clrtext      000000
__Lcomram                               comram       000000
__Lconfig                               config       000000
__Lconst                                const        000000
__LcstackBANK0                          cstackBANK0  000000
__LcstackCOMRAM                         cstackCOMRAM 000000
__Ldata                                 data         000000
__LdataBANK1                            dataBANK1    000000
__Leeprom_data                          eeprom_data  000000
__Lfarbss                               farbss       000000
__Lfardata                              fardata      000000
__Lheap                                 heap         000000
__Libigdata                             ibigdata     000000
__Lidata                                idata        000000
__LidataBANK1                           idataBANK1   000000
__Lidloc                                idloc        000000
__Lifardata                             ifardata     000000
__Linit                                 init         000000
__Lintcode                              intcode      000000
__Lintcode_body                         intcode_body 000000
__Lintcodelo                            intcodelo    000000
__Lintentry                             intentry     000000
__Lintret                               intret       000000
__Lintsave_regs                         intsave_regs 000000
__Lirdata                               irdata       000000
__Lmediumconst                          mediumconst  00FEE0
__LnvFARRAM                             nvFARRAM     000000
__Lnvbit                                nvbit        000000
__Lnvrram                               nvrram       000000
__Lparam                                rparam       000000
__Lpowerup                              powerup      000000
__Lram                                  ram          000000
__Lramtop                               ramtop       000E00
__Lrbit                                 rbit         000000
__Lrbss                                 rbss         000000
__Lrdata                                rdata        000000
__Lreset_vec                            reset_vec    000000
__Lrparam                               rparam       000000
__Lsfr                                  sfr          000000
__Lsmallconst                           smallconst   000000
__Lspace_0                              (abs)        000000
__Lspace_1                              (abs)        000000
__Lspace_2                              (abs)        000000
__Lspace_4                              (abs)        000000
__Lstack                                stack        000000
__Lstruct                               struct       000000
__Ltemp                                 temp         000000
__Ltext                                 text         000000
__Ltext0                                text0        000000
__Ltext1                                text1        000000
__Ltext10                               text10       000000
__Ltext11                               text11       000000
__Ltext12                               text12       000000
__Ltext13                               text13       000000
__Ltext14                               text14       000000
__Ltext15                               text15       000000
__Ltext16                               text16       000000
__Ltext17                               text17       000000
__Ltext18                               text18       000000
__Ltext19                               text19       000000
__Ltext2                                text2        000000
__Ltext20                               text20       000000
__Ltext21                               text21       000000
__Ltext22                               text22       000000
__Ltext23                               text23       000000
__Ltext24                               text24       000000
__Ltext25                               text25       000000
__Ltext26                               text26       000000
__Ltext27                               text27       000000
__Ltext28                               text28       000000
__Ltext29                               text29       000000
__Ltext3                                text3        000000
__Ltext30                               text30       000000
__Ltext31                               text31       000000
__Ltext32                               text32       000000
__Ltext33                               text33       000000
__Ltext34                               text34       000000
__Ltext35                               text35       000000
__Ltext36                               text36       000000
__Ltext37                               text37       000000
__Ltext38                               text38       000000
__Ltext4                                text4        000000
__Ltext5                                text5        000000
__Ltext6                                text6        000000
__Ltext7                                text7        000000
__Ltext8                                text8        000000
__Ltext9                                text9        000000
__S0                                    (abs)        011BCA
__S1                                    (abs)        000182
__S4                                    (abs)        000000
__S5                                    (abs)        000000
___aodiv                                text18       010D76
___aodiv@counter                        cstackCOMRAM 000011
___aodiv@dividend                       cstackCOMRAM 000001
___aodiv@divisor                        cstackCOMRAM 000009
___aodiv@quotient                       cstackCOMRAM 000013
___aodiv@sign                           cstackCOMRAM 000012
___aomod                                text17       01106A
___aomod@counter                        cstackCOMRAM 000011
___aomod@dividend                       cstackCOMRAM 000001
___aomod@divisor                        cstackCOMRAM 000009
___aomod@sign                           cstackCOMRAM 000012
___heap_hi                              (abs)        000000
___heap_lo                              (abs)        000000
___inthi_sp                             stack        000000
___intlo_sp                             stack        000000
___lodiv                                text10       01131A
___lodiv@counter                        cstackCOMRAM 000019
___lodiv@dividend                       cstackCOMRAM 000001
___lodiv@divisor                        cstackCOMRAM 000009
___lodiv@quotient                       cstackCOMRAM 000011
___lomod                                text9        01140A
___lomod@counter                        cstackCOMRAM 000011
___lomod@dividend                       cstackCOMRAM 000001
___lomod@divisor                        cstackCOMRAM 000009
___lwdiv                                text37       011726
___lwdiv@counter                        cstackCOMRAM 00000D
___lwdiv@dividend                       cstackCOMRAM 000007
___lwdiv@divisor                        cstackCOMRAM 000009
___lwdiv@quotient                       cstackCOMRAM 00000B
___param_bank                           (abs)        000000
___rparam_used                          (abs)        000001
___sp                                   stack        000000
___wmul                                 text3        011AEC
___wmul@multiplicand                    cstackCOMRAM 000003
___wmul@multiplier                      cstackCOMRAM 000001
___wmul@product                         cstackCOMRAM 000005
__accesstop                             (abs)        000060
__activetblptr                          (abs)        000003
__end_of_I2C_2_Master_Idle              text36       011AEC
__end_of_I2C_2_Master_Init              text26       011AC4
__end_of_I2C_2_Master_Read              text35       0119F6
__end_of_I2C_2_Master_RepStart          text34       011BC8
__end_of_I2C_2_Master_Start             text33       011BBE
__end_of_I2C_2_Master_Stop              text32       011BB4
__end_of_I2C_2_Master_Write             text31       011BAA
__end_of_LEDSon_init                    text38       011B34
__end_of___aodiv                        text18       010EFE
__end_of___aomod                        text17       0111CE
__end_of___lodiv                        text10       01140A
__end_of___lomod                        text9        0114DA
__end_of___lwdiv                        text37       01179A
__end_of___wmul                         text3        011B12
__end_of__initialization                cinit        0119AE
__end_of_abs                            text16       011A36
__end_of_collect_avg_readings           text27       01131A
__end_of_color_click_init               text24       011A6A
__end_of_color_read_Blue                text30       01192E
__end_of_color_read_Green               text29       0118DE
__end_of_color_read_Red                 text28       01188E
__end_of_color_writetoaddr              text25       011B74
__end_of_determine_card                 text23       0116AC
__end_of_dtoa                           text11       0105C8
__end_of_fputc                          text14       0115A4
__end_of_fputs                          text13       011972
__end_of_initDCmotorsPWM                text22       01162C
__end_of_initUSART4                     text21       011B54
__end_of_main                           text0        010A0A
__end_of_make_master_closeness          text4        010D76
__end_of_normalise_readings             text2        01034A
__end_of_pad                            text12       011726
__end_of_putch                          text15       011BCA
__end_of_sendCharSerial4                text20       011B8C
__end_of_sendStringSerial4              text19       011A9A
__end_of_setMotorPWM                    text1        01106A
__end_of_sprintf                        text5        0117EC
__end_of_utoa                           text8        010BCC
__end_of_vfpfcnvrt                      text7        010802
__end_of_vfprintf                       text6        01183E
__initialization                        cinit        011972
__mediumconst                           mediumconst  00FEE0
__pbssBANK0                             bssBANK0     0000EF
__pbssBANK1                             bssBANK1     000100
__pbssCOMRAM                            bssCOMRAM    00005E
__pcinit                                cinit        011972
__pcstackBANK0                          cstackBANK0  000060
__pcstackCOMRAM                         cstackCOMRAM 000001
__pdataBANK1                            dataBANK1    000170
__pidataBANK1                           idataBANK1   011B8C
__pmediumconst                          mediumconst  00FEE0
__ptext0                                text0        010802
__ptext1                                text1        010EFE
__ptext10                               text10       01131A
__ptext11                               text11       01034A
__ptext12                               text12       0116AC
__ptext13                               text13       01192E
__ptext14                               text14       0114DA
__ptext15                               text15       011BC8
__ptext16                               text16       0119F6
__ptext17                               text17       01106A
__ptext18                               text18       010D76
__ptext19                               text19       011A6A
__ptext2                                text2        010000
__ptext20                               text20       011B74
__ptext21                               text21       011B34
__ptext22                               text22       0115A4
__ptext23                               text23       01162C
__ptext24                               text24       011A36
__ptext25                               text25       011B54
__ptext26                               text26       011A9A
__ptext27                               text27       0111CE
__ptext28                               text28       01183E
__ptext29                               text29       01188E
__ptext3                                text3        011AEC
__ptext30                               text30       0118DE
__ptext31                               text31       011B9E
__ptext32                               text32       011BAA
__ptext33                               text33       011BB4
__ptext34                               text34       011BBE
__ptext35                               text35       0119B4
__ptext36                               text36       011AC4
__ptext37                               text37       011726
__ptext38                               text38       011B12
__ptext4                                text4        010BCC
__ptext5                                text5        01179A
__ptext6                                text6        0117EC
__ptext7                                text7        0105C8
__ptext8                                text8        010A0A
__ptext9                                text9        01140A
__ramtop                                ramtop       000E00
__smallconst                            smallconst   000000
_abs                                    text16       0119F6
_collect_avg_readings                   text27       0111CE
_color_click_init                       text24       011A36
_color_read_Blue                        text30       0118DE
_color_read_Green                       text29       01188E
_color_read_Red                         text28       01183E
_color_writetoaddr                      text25       011B54
_dbuf                                   bssBANK1     000150
_determine_card                         text23       01162C
_dtoa                                   text11       01034A
_dtoa$2211                              cstackCOMRAM 00002E
_flags                                  bssBANK0     0000F3
_fputc                                  text14       0114DA
_fputs                                  text13       01192E
_initDCmotorsPWM                        text22       0115A4
_initUSART4                             text21       011B34
_main                                   text0        010802
_make_master_closeness                  text4        010BCC
_normalise_readings                     text2        010000
_pad                                    text12       0116AC
_prec                                   bssBANK0     0000F1
_putch                                  text15       011BC8
_sendCharSerial4                        text20       011B74
_sendStringSerial4                      text19       011A6A
_setMotorPWM                            text1        010EFE
_sprintf                                text5        01179A
_utoa                                   text8        010A0A
_vfpfcnvrt                              text7        0105C8
_vfprintf                               text6        0117EC
_width                                  bssBANK0     0000EF
abs@a                                   cstackCOMRAM 000013
collect_avg_readings@blue_read          cstackCOMRAM 000012
collect_avg_readings@green_read         cstackCOMRAM 000010
collect_avg_readings@i                  cstackCOMRAM 000016
collect_avg_readings@i_1475             cstackCOMRAM 000017
collect_avg_readings@i_1477             cstackCOMRAM 000018
collect_avg_readings@red_read           cstackCOMRAM 00000E
color_read_Blue@tmp                     cstackCOMRAM 00000A
color_read_Green@tmp                    cstackCOMRAM 00000A
color_read_Red@tmp                      cstackCOMRAM 00000A
color_writetoaddr@address               cstackCOMRAM 000004
color_writetoaddr@value                 cstackCOMRAM 000003
determine_card@current_smallest         cstackCOMRAM 000007
determine_card@i                        cstackCOMRAM 00000A
determine_card@master_closeness         cstackCOMRAM 000001
determine_card@predicted_colour         cstackCOMRAM 000009
dtoa@d                                  cstackCOMRAM 00001E
dtoa@fp                                 cstackCOMRAM 00001C
dtoa@i                                  cstackCOMRAM 00003C
dtoa@n                                  cstackCOMRAM 000034
dtoa@p                                  cstackCOMRAM 000030
dtoa@s                                  cstackCOMRAM 00003E
dtoa@w                                  cstackCOMRAM 000032
end_of_initialization                   cinit        0119AE
fputc@c                                 cstackCOMRAM 000001
fputc@fp                                cstackCOMRAM 000003
fputs@c                                 cstackCOMRAM 00000E
fputs@fp                                cstackCOMRAM 00000C
fputs@i                                 cstackCOMRAM 00000F
fputs@s                                 cstackCOMRAM 00000A
intlevel0                               text         000000
intlevel1                               text         000000
intlevel2                               text         000000
intlevel3                               text         000000
isa$std                                 (abs)        000001
isa$xinst                               (abs)        000000
main@F14643                             dataBANK1    000170
main@PWMcycle                           cstackBANK0  0000D6
main@blue_read                          cstackBANK0  0000DB
main@buf                                cstackBANK0  000098
main@expected_values                    cstackBANK0  0000BE
main@green_read                         cstackBANK0  0000D9
main@master_closeness                   cstackBANK0  0000D0
main@motorL                             cstackBANK0  0000DD
main@motorR                             cstackBANK0  0000E6
main@normalised_values                  cstackBANK0  0000AC
main@red_read                           cstackBANK0  0000D7
make_master_closeness@buf               cstackBANK0  000079
make_master_closeness@i                 cstackCOMRAM 00005B
make_master_closeness@master_closeness  cstackBANK0  00007D
make_master_closeness@normalised_values cstackBANK0  00007B
normalise_readings@blue_read            cstackBANK0  00007F
normalise_readings@buf                  cstackBANK0  000079
normalise_readings@differenceB          cstackBANK0  000095
normalise_readings@differenceG          cstackBANK0  000093
normalise_readings@differenceR          cstackBANK0  000091
normalise_readings@expected_values      cstackBANK0  000081
normalise_readings@green_read           cstackBANK0  00007D
normalise_readings@i                    cstackBANK0  000097
normalise_readings@normalB              cstackBANK0  00008F
normalise_readings@normalG              cstackBANK0  00008D
normalise_readings@normalR              cstackBANK0  00008B
normalise_readings@normalised_values    cstackBANK0  000083
normalise_readings@red_read             cstackBANK0  00007B
pad@buf                                 cstackCOMRAM 000013
pad@fp                                  cstackCOMRAM 000011
pad@i                                   cstackCOMRAM 000018
pad@p                                   cstackCOMRAM 000015
pad@w                                   cstackCOMRAM 00001A
sendCharSerial4@charToSend              cstackCOMRAM 000001
sendStringSerial4@string                cstackCOMRAM 000002
setMotorPWM@m                           cstackCOMRAM 00000E
setMotorPWM@negDuty                     cstackCOMRAM 000013
setMotorPWM@posDuty                     cstackCOMRAM 000012
sprintf@ap                              cstackBANK0  00006C
sprintf@f                               cstackBANK0  00006E
sprintf@fmt                             cstackBANK0  000062
sprintf@s                               cstackBANK0  000060
stackhi                                 (abs)        000000
stacklo                                 (abs)        000000
start                                   init         000000
start_initialization                    cinit        011972
utoa@d                                  cstackCOMRAM 00001E
utoa@fp                                 cstackCOMRAM 00001C
utoa@i                                  cstackCOMRAM 00003A
utoa@n                                  cstackCOMRAM 000032
utoa@p                                  cstackCOMRAM 000030
utoa@w                                  cstackCOMRAM 00002E
vfpfcnvrt@ap                            cstackCOMRAM 000043
vfpfcnvrt@convarg                       cstackCOMRAM 000049
vfpfcnvrt@cp                            cstackCOMRAM 000051
vfpfcnvrt@fmt                           cstackCOMRAM 000041
vfpfcnvrt@fp                            cstackCOMRAM 00003F
vfprintf@ap                             cstackCOMRAM 000057
vfprintf@cfmt                           cstackCOMRAM 000059
vfprintf@fmt                            cstackCOMRAM 000055
vfprintf@fp                             cstackCOMRAM 000053


MODULE INFORMATION

Module		Function		Class		Link	Load	Size
C:\Program Files\Microchip\xc8\v2.40\pic\sources\c99\common\nf_fputc.c
		_fputc         		CODE           	114DA	0000	202

C:\Program Files\Microchip\xc8\v2.40\pic\sources\c99\common\nf_fputc.c estimated size: 202

serial.c
		_sendStringSerial4		CODE           	11A6A	0000	48
		_sendCharSerial4		CODE           	11B74	0000	24
		_initUSART4    		CODE           	11B34	0000	32

serial.c estimated size: 104

C:\Program Files\Microchip\xc8\v2.40\pic\sources\c99\common\nf_sprintf.c
		_sprintf       		CODE           	1179A	0000	82

C:\Program Files\Microchip\xc8\v2.40\pic\sources\c99\common\nf_sprintf.c estimated size: 82

C:\Program Files\Microchip\xc8\v2.40\pic\sources\c99\common\lwdiv.c
		___lwdiv       		CODE           	11726	0000	116

C:\Program Files\Microchip\xc8\v2.40\pic\sources\c99\common\lwdiv.c estimated size: 116

color.c
		_color_writetoaddr		CODE           	11B54	0000	32
		_color_click_init		CODE           	11A36	0000	52
		_color_read_Green		CODE           	1188E	0000	80
		_color_read_Red		CODE           	1183E	0000	80
		_color_read_Blue		CODE           	118DE	0000	80

color.c estimated size: 324

C:\Program Files\Microchip\xc8\v2.40\pic\sources\c99\common\Umul16.c
		___wmul        		CODE           	11AEC	0000	38

C:\Program Files\Microchip\xc8\v2.40\pic\sources\c99\common\Umul16.c estimated size: 38

dc_motor.c
		_initDCmotorsPWM		CODE           	115A4	0000	136
		_setMotorPWM   		CODE           	10EFE	0000	364

dc_motor.c estimated size: 500

C:\Program Files\Microchip\xc8\v2.40\pic\sources\c99\common\abs.c
		_abs           		CODE           	119F6	0000	64

C:\Program Files\Microchip\xc8\v2.40\pic\sources\c99\common\abs.c estimated size: 64

i2c.c
		_I2C_2_Master_Start		CODE           	11BB4	0000	10
		_I2C_2_Master_Read		CODE           	119B4	0000	66
		_I2C_2_Master_Idle		CODE           	11AC4	0000	40
		_I2C_2_Master_Init		CODE           	11A9A	0000	42
		_I2C_2_Master_Stop		CODE           	11BAA	0000	10
		_I2C_2_Master_RepStart		CODE           	11BBE	0000	10
		_I2C_2_Master_Write		CODE           	11B9E	0000	12

i2c.c estimated size: 190

LEDsOn.c
		_LEDSon_init   		CODE           	11B12	0000	34

LEDsOn.c estimated size: 34

C:\Program Files\Microchip\xc8\v2.40\pic\sources\c99\common\nf_fputs.c
		_fputs         		CODE           	1192E	0000	68

C:\Program Files\Microchip\xc8\v2.40\pic\sources\c99\common\nf_fputs.c estimated size: 68

C:\Program Files\Microchip\xc8\v2.40\pic\sources\c99\common\lomod.c
		___lomod       		CODE           	1140A	0000	208

C:\Program Files\Microchip\xc8\v2.40\pic\sources\c99\common\lomod.c estimated size: 208

C:\Program Files\Microchip\xc8\v2.40\pic\sources\c99\common\aomod.c
		___aomod       		CODE           	1106A	0000	356

C:\Program Files\Microchip\xc8\v2.40\pic\sources\c99\common\aomod.c estimated size: 356

shared
		__initialization		CODE           	11972	0000	60

shared estimated size: 60

C:\Program Files\Microchip\xc8\v2.40\pic\sources\c99\common\putch.c
		_putch         		CODE           	11BC8	0000	2

C:\Program Files\Microchip\xc8\v2.40\pic\sources\c99\common\putch.c estimated size: 2

C:\Program Files\Microchip\xc8\v2.40\pic\sources\c99\common\doprnt.c
		_vfpfcnvrt     		CODE           	105C8	0000	570
		_pad           		CODE           	116AC	0000	122
		_dtoa          		CODE           	1034A	0000	638
		_vfprintf      		CODE           	117EC	0000	82
		_utoa          		CODE           	10A0A	0000	450

C:\Program Files\Microchip\xc8\v2.40\pic\sources\c99\common\doprnt.c estimated size: 1862

colour_identify.c
		_collect_avg_readings		CODE           	111CE	0000	332
		_determine_card		CODE           	1162C	0000	128
		_normalise_readings		CODE           	10000	0000	842
		_make_master_closeness		CODE           	10BCC	0000	426

colour_identify.c estimated size: 1728

main.c
		_main          		CODE           	10802	0000	520

main.c estimated size: 520

C:\Program Files\Microchip\xc8\v2.40\pic\sources\c99\common\lodiv.c
		___lodiv       		CODE           	1131A	0000	240

C:\Program Files\Microchip\xc8\v2.40\pic\sources\c99\common\lodiv.c estimated size: 240

C:\Program Files\Microchip\xc8\v2.40\pic\sources\c99\common\aodiv.c
		___aodiv       		CODE           	10D76	0000	392

C:\Program Files\Microchip\xc8\v2.40\pic\sources\c99\common\aodiv.c estimated size: 392

