Microchip MPLAB XC8 Compiler V2.40

Linker command line:

-W-3 \
  --edf=C:\Program Files\Microchip\xc8\v2.40\pic\dat\20220703182018_en.msgs \
  -cn \
  -h+dist/default/production\final-project-darciea-matti.X.production.sym \
  --cmf=dist/default/production\final-project-darciea-matti.X.production.cmf \
  -z -Q18F67K40 -oC:\Users\darci\AppData\Local\Temp\xcAsol8.4 \
  --defsym=__MPLAB_BUILD=1 --fixupoverflow=error \
  -Mdist/default/production/final-project-darciea-matti.X.production.map \
  --md=C:\Users\darci\AppData\Local\Temp\xcAsol8.dat -E1 -ver=XC8 Compiler \
  --acfsm=1493 -ACODE=00h-01FFFFh -ACONST=00h-01FFFFh \
  -ASMALLCONST=0E00h-0EFFhx498 -AMEDIUMCONST=0E00h-0FFFFh,010E00h-01FFFFh \
  -ACOMRAM=01h-05Fh -AABS1=00h-0DE9h -ABIGRAM=01h-0DE9h \
  -ARAM=060h-0FFh,0100h-01FFhx12,0D00h-0DE9h -ABANK0=060h-0FFh \
  -ABANK1=0100h-01FFh -ABANK2=0200h-02FFh -ABANK3=0300h-03FFh \
  -ABANK4=0400h-04FFh -ABANK5=0500h-05FFh -ABANK6=0600h-06FFh \
  -ABANK7=0700h-07FFh -ABANK8=0800h-08FFh -ABANK9=0900h-09FFh \
  -ABANK10=0A00h-0AFFh -ABANK11=0B00h-0BFFh -ABANK12=0C00h-0CFFh \
  -ABANK13=0D00h-0DE9h \
  -ASFR=0DEFh-0DFFh,0E00h-0EFFh,0F00h-0F5Fh,0F60h-0FFFh \
  -ABIGSFR=0DEFh-0FFFh -ACONFIG=0300000h-030000Bh -AIDLOC=0200000h-020000Fh \
  -AEEDATA=0310000h-03103FFh -peeprom_data=EEDATA \
  -preset_vec=00h,intcode=08h,intcodelo,powerup,init -pramtop=0E00h \
  -psmallconst=SMALLCONST -pmediumconst=MEDIUMCONST -pconst=CONST \
  -AFARRAM=00h-00h \
  -prdata=COMRAM,nvrram=COMRAM,nvbit=COMRAM,rbss=COMRAM,rbit=COMRAM \
  -pfarbss=FARRAM,fardata=FARRAM,nvFARRAM=FARRAM \
  -pintsave_regs=BIGRAM,bigbss=BIGRAM,bigdata=BIGRAM -pbss=RAM \
  -pidata=CODE,irdata=CODE,ibigdata=CODE,ifardata=CODE -prparam=COMRAM \
  C:\Users\darci\AppData\Local\Temp\xcAsol8.o \
  dist/default/production\final-project-darciea-matti.X.production.o 

Object code version is 3.11

Machine type is 18F67K40



                Name                               Link     Load   Length Selector   Space Scale
C:\Users\darci\AppData\Local\Temp\xcAsol8.o
                idloc                            200000   200000       10        0       5
                config                           300000   300000        C        0       4
                init                                 76       76        4        4       0
                reset_vec                             0        0        4        0       0
dist/default/production\final-project-darciea-matti.X.production.o
                intcode                               8        8       6E        4       0
                idloc                            200000   200000       10        0       5
                config                           300000   300000        C        0       4
                temp                                 5B       5B        1        1       1
                smallconst                          E00      E00       7A      700       0
                text54                             309C     309C       28      73D       0
                text53                             31E0     31E0        A      73D       0
                text52                             31D6     31D6        A      73D       0
                text51                             31AC     31AC        C      73D       0
                text50                             317A     317A       16      73D       0
                text48                             3074     3074       28      73D       0
                text47                             31CC     31CC        A      73D       0
                text46                             31C2     31C2        A      73D       0
                text45                             31A0     31A0        C      73D       0
                text44                             3164     3164       16      73D       0
                text43                             312C     312C       20      73D       0
                text42                             3190     3190       10      73D       0
                text41                             2C6A     2C6A       68      73D       0
                text40                             2F7E     2F7E       3E      73D       0
                text39                             30EA     30EA       22      73D       0
                text38                             2EFC     2EFC       42      73D       0
                text37                             31B8     31B8        A      73D       0
                text36                             2E68     2E68       50      73D       0
                text35                             2E18     2E18       50      73D       0
                text34                             2DC8     2DC8       50      73D       0
                text33                             2D78     2D78       50      73D       0
                text32                             1B08     1B08      27A      73D       0
                text31                             2AF8     2AF8       84      73D       0
                text30                             25A0     25A0      10C      73D       0
                text29                             2BF6     2BF6       74      73D       0
                text28                             30C4     30C4       26      73D       0
                text27                             1F0A     1F0A      16C      73D       0
                text26                             295E     295E       8C      73D       0
                text25                             2A72     2A72       86      73D       0
                text24                             2824     2824       AE      73D       0
                text23                             2776     2776       AE      73D       0
                text22                              E7A      E7A      3F8      73D       0
                text21                             2F3E     2F3E       40      73D       0
                text20                             15A6     15A6      2E4      73D       0
                text19                             314C     314C       18      73D       0
                text18                             2FF0     2FF0       30      73D       0
                text17                             1D82     1D82      188      73D       0
                text16                             2076     2076      164      73D       0
                text15                             31EA     31EA        2      73D       0
                text14                             26AC     26AC       CA      73D       0
                text13                             2EB8     2EB8       44      73D       0
                text12                             2B7C     2B7C       7A      73D       0
                text11                             188A     188A      27E      73D       0
                text10                             21DA     21DA      15E      73D       0
                text9                              2CD2     2CD2       54      73D       0
                text8                              2D26     2D26       52      73D       0
                text7                              2338     2338      14E      73D       0
                text6                              2486     2486      11A      73D       0
                text5                              304A     304A       2A      73D       0
                text4                              2FBC     2FBC       34      73D       0
                text3                              28D2     28D2       8C      73D       0
                text2                              29EA     29EA       88      73D       0
                text1                              310C     310C       20      73D       0
                text0                              1272     1272      334      73D       0
                cstackCOMRAM                          1        1       56        1       1
                cstackBANK0                          60       60       8E       60       1
                cstackBANK1                         100      100       FC      100       1
                bssBANK2                            200      200       70      200       1
                bssBANK0                             EE       EE        9       60       1
                bssCOMRAM                            57       57        4        1       1
                cinit                              3020     3020       2A      73D       0

TOTAL           Name                               Link     Load   Length     Space
        CLASS   CODE           
                intcode                               8        8       6E         0
                init                                 76       76        4         0
                reset_vec                             0        0        4         0
                text54                             309C     309C       28         0
                text53                             31E0     31E0        A         0
                text52                             31D6     31D6        A         0
                text51                             31AC     31AC        C         0
                text50                             317A     317A       16         0
                text48                             3074     3074       28         0
                text47                             31CC     31CC        A         0
                text46                             31C2     31C2        A         0
                text45                             31A0     31A0        C         0
                text44                             3164     3164       16         0
                text43                             312C     312C       20         0
                text42                             3190     3190       10         0
                text41                             2C6A     2C6A       68         0
                text40                             2F7E     2F7E       3E         0
                text39                             30EA     30EA       22         0
                text38                             2EFC     2EFC       42         0
                text37                             31B8     31B8        A         0
                text36                             2E68     2E68       50         0
                text35                             2E18     2E18       50         0
                text34                             2DC8     2DC8       50         0
                text33                             2D78     2D78       50         0
                text32                             1B08     1B08      27A         0
                text31                             2AF8     2AF8       84         0
                text30                             25A0     25A0      10C         0
                text29                             2BF6     2BF6       74         0
                text28                             30C4     30C4       26         0
                text27                             1F0A     1F0A      16C         0
                text26                             295E     295E       8C         0
                text25                             2A72     2A72       86         0
                text24                             2824     2824       AE         0
                text23                             2776     2776       AE         0
                text22                              E7A      E7A      3F8         0
                text21                             2F3E     2F3E       40         0
                text20                             15A6     15A6      2E4         0
                text19                             314C     314C       18         0
                text18                             2FF0     2FF0       30         0
                text17                             1D82     1D82      188         0
                text16                             2076     2076      164         0
                text15                             31EA     31EA        2         0
                text14                             26AC     26AC       CA         0
                text13                             2EB8     2EB8       44         0
                text12                             2B7C     2B7C       7A         0
                text11                             188A     188A      27E         0
                text10                             21DA     21DA      15E         0
                text9                              2CD2     2CD2       54         0
                text8                              2D26     2D26       52         0
                text7                              2338     2338      14E         0
                text6                              2486     2486      11A         0
                text5                              304A     304A       2A         0
                text4                              2FBC     2FBC       34         0
                text3                              28D2     28D2       8C         0
                text2                              29EA     29EA       88         0
                text1                              310C     310C       20         0
                text0                              1272     1272      334         0
                cinit                              3020     3020       2A         0

        CLASS   CONST          

        CLASS   SMALLCONST     
                smallconst                          E00      E00       7A         0

        CLASS   MEDIUMCONST    

        CLASS   COMRAM         
                temp                                 5B       5B        1         1
                cstackCOMRAM                          1        1       56         1
                bssCOMRAM                            57       57        4         1

        CLASS   ABS1           

        CLASS   BIGRAM         

        CLASS   RAM            

        CLASS   BANK0          
                cstackBANK0                          60       60       8E         1
                bssBANK0                             EE       EE        9         1

        CLASS   BANK1          
                cstackBANK1                         100      100       FC         1

        CLASS   BANK2          
                bssBANK2                            200      200       70         1

        CLASS   BANK3          

        CLASS   BANK4          

        CLASS   BANK5          

        CLASS   BANK6          

        CLASS   BANK7          

        CLASS   BANK8          

        CLASS   BANK9          

        CLASS   BANK10         

        CLASS   BANK11         

        CLASS   BANK12         

        CLASS   BANK13         

        CLASS   SFR            

        CLASS   BIGSFR         

        CLASS   CONFIG         
                config                           300000   300000        C         4

        CLASS   IDLOC          
                idloc                            200000   200000       10         5

        CLASS   EEDATA         

        CLASS   FARRAM         

        CLASS   HEAP           

        CLASS   STACK          



SEGMENTS        Name                           Load    Length   Top    Selector   Space  Class

                reset_vec                      000000  000004  000004         0       0  CODE    
                cstackCOMRAM                   000001  00005B  00005C         1       1  COMRAM  
                intcode                        000008  000072  00007A         4       0  CODE    
                cstackBANK0                    000060  000097  0000F7        60       1  BANK0   
                cstackBANK1                    000100  0000FC  0001FC       100       1  BANK1   
                bssBANK2                       000200  000070  000270       200       1  BANK2   
                smallconst                     000E00  00007A  000E7A       700       0  SMALLCON
                text22                         000E7A  002372  0031EC       73D       0  CODE    


UNUSED ADDRESS RANGES

        Name                Unused          Largest block    Delta
        BANK0            0000F7-0000FF                9
        BANK1            0001FC-0001FF                4
        BANK10           000A00-000AFF              100
        BANK11           000B00-000BFF              100
        BANK12           000C00-000CFF              100
        BANK13           000D00-000DE9               EA
        BANK2            000270-0002FF               90
        BANK3            000300-0003FF              100
        BANK4            000400-0004FF              100
        BANK5            000500-0005FF              100
        BANK6            000600-0006FF              100
        BANK7            000700-0007FF              100
        BANK8            000800-0008FF              100
        BANK9            000900-0009FF              100
        BIGRAM           00005C-00005F                4
                         0000F7-0000FF                9
                         0001FC-0001FF                4
                         000270-000DE9              B7A
        BIGSFR           000DEF-000FFF              211
        CODE             000004-000007                4
                         00007A-000DFF              D86
                         0031EC-01FFFF            1CE14
        COMRAM           00005C-00005F                4
        CONST            000004-000007                4
                         00007A-000DFF              D86
                         0031EC-01FFFF            1CE14
        EEDATA           310000-3103FF              400
        MEDIUMCONST      0031EC-00FFFF             CE14
                         010E00-01FFFF             F200
        RAM              0000F7-0000FF                9
                         0001FC-0001FF                4
                         000270-000DE9              100
        SFR              000DEF-000FFF              100
        SMALLCONST       0031EC-01FFFF              100

                                  Symbol Table

?___aodiv                               cstackCOMRAM 000005
?___aomod                               cstackCOMRAM 000005
?___lwdiv                               cstackCOMRAM 00000B
?___wmul                                cstackCOMRAM 000005
?_abs                                   cstackCOMRAM 000017
?_color_read_Blue                       cstackCOMRAM 000009
?_color_read_Clear                      cstackCOMRAM 000009
?_color_read_Green                      cstackCOMRAM 000009
?_color_read_Red                        cstackCOMRAM 000009
?_sprintf                               cstackBANK0  000066
?_vfprintf                              cstackBANK0  000060
I2C_2_Master_Read@ack                   cstackCOMRAM 000007
I2C_2_Master_Read@tmp                   cstackCOMRAM 000008
I2C_2_Master_Write@data_byte            cstackCOMRAM 000006
_ANSELBbits                             (abs)        000E9A
_ANSELDbits                             (abs)        000EA7
_ANSELFbits                             (abs)        000EB4
_BAUD4CONbits                           (abs)        000EE9
_CCP1CONbits                            (abs)        000FAB
_CCP2CONbits                            (abs)        000FA7
_CCP3CONbits                            (abs)        000F26
_CCP4CONbits                            (abs)        000F22
_CCPR1H                                 (abs)        000FAA
_CCPR2H                                 (abs)        000FA6
_CCPR3H                                 (abs)        000F25
_CCPR4H                                 (abs)        000F21
_CCPTMRS0bits                           (abs)        000FAD
_EUSART4RXbuf                           bssBANK2     00023C
_EUSART4TXbuf                           bssBANK2     000200
_HighISR                                intcode      000008
_I2C_2_Master_Idle                      text48       003074
_I2C_2_Master_Init                      text5        00304A
_I2C_2_Master_Read                      text38       002EFC
_I2C_2_Master_RepStart                  text37       0031B8
_I2C_2_Master_Start                     text47       0031CC
_I2C_2_Master_Stop                      text46       0031C2
_I2C_2_Master_Write                     text45       0031A0
_INT1PPS                                (abs)        000DF1
_INTCONbits                             (abs)        000FF2
_IPR0bits                               (abs)        000E1F
_Interrupts_init                        text40       002F7E
_LATAbits                               (abs)        000F79
_LATDbits                               (abs)        000F7C
_LATFbits                               (abs)        000F7E
_LATGbits                               (abs)        000F7F
_LATHbits                               (abs)        000F80
_LEDSon_init                            text39       0030EA
_PIE0bits                               (abs)        000E29
_PIE4bits                               (abs)        000E2D
_PIR0bits                               (abs)        000E33
_PIR4bits                               (abs)        000E37
_PORTFbits                              (abs)        000F8E
_RC0PPS                                 (abs)        000E62
_RC4REG                                 (abs)        000EE3
_RC4STAbits                             (abs)        000EE7
_RC7PPS                                 (abs)        000E69
_RD5PPS                                 (abs)        000E6F
_RD6PPS                                 (abs)        000E70
_RE2PPS                                 (abs)        000E74
_RE4PPS                                 (abs)        000E76
_RG6PPS                                 (abs)        000E88
_RX4PPS                                 (abs)        000E15
_RxBufReadCnt                           bssCOMRAM    000059
_RxBufWriteCnt                          bssCOMRAM    00005A
_SP4BRGH                                (abs)        000EE6
_SP4BRGL                                (abs)        000EE5
_SSP2ADD                                (abs)        000ED6
_SSP2BUF                                (abs)        000ED5
_SSP2CLKPPS                             (abs)        000E1C
_SSP2CON1bits                           (abs)        000ED9
_SSP2CON2                               (abs)        000EDA
_SSP2CON2bits                           (abs)        000EDA
_SSP2DATPPS                             (abs)        000E1D
_SSP2STAT                               (abs)        000ED8
_T2CLKCONbits                           (abs)        000FBF
_T2CONbits                              (abs)        000FBD
_T2HLTbits                              (abs)        000FBE
_T2PR                                   (abs)        000FBC
_TRISAbits                              (abs)        000F81
_TRISBbits                              (abs)        000F82
_TRISCbits                              (abs)        000F83
_TRISDbits                              (abs)        000F84
_TRISEbits                              (abs)        000F85
_TRISFbits                              (abs)        000F86
_TRISGbits                              (abs)        000F87
_TRISHbits                              (abs)        000F88
_TX4REG                                 (abs)        000EE4
_TX4STAbits                             (abs)        000EE8
_TxBufReadCnt                           bssCOMRAM    000057
_TxBufWriteCnt                          bssCOMRAM    000058
__HRAM                                  (abs)        000000
__Habs1                                 abs1         000000
__Hbank0                                bank0        000000
__Hbank1                                bank1        000000
__Hbank10                               bank10       000000
__Hbank11                               bank11       000000
__Hbank12                               bank12       000000
__Hbank13                               bank13       000000
__Hbank2                                bank2        000000
__Hbank3                                bank3        000000
__Hbank4                                bank4        000000
__Hbank5                                bank5        000000
__Hbank6                                bank6        000000
__Hbank7                                bank7        000000
__Hbank8                                bank8        000000
__Hbank9                                bank9        000000
__Hbigbss                               bigbss       000000
__Hbigdata                              bigdata      000000
__Hbigram                               bigram       000000
__Hbigsfr                               bigsfr       000000
__Hbss                                  bss          000000
__HbssBANK0                             bssBANK0     000000
__HbssBANK2                             bssBANK2     000000
__HbssCOMRAM                            bssCOMRAM    000000
__Hcinit                                cinit        000000
__Hclrtext                              clrtext      000000
__Hcomram                               comram       000000
__Hconfig                               config       30000C
__Hconst                                const        000000
__HcstackBANK0                          cstackBANK0  000000
__HcstackBANK1                          cstackBANK1  000000
__HcstackCOMRAM                         cstackCOMRAM 000000
__Hdata                                 data         000000
__Heeprom_data                          eeprom_data  000000
__Hfarbss                               farbss       000000
__Hfardata                              fardata      000000
__Hheap                                 heap         000000
__Hibigdata                             ibigdata     000000
__Hidata                                idata        000000
__Hidloc                                idloc        200010
__Hifardata                             ifardata     000000
__Hinit                                 init         00007A
__Hintcode                              intcode      000076
__Hintcode_body                         intcode_body 000000
__Hintcodelo                            intcodelo    000076
__Hintentry                             intentry     000000
__Hintret                               intret       000000
__Hintsave_regs                         intsave_regs 000000
__Hirdata                               irdata       000000
__Hmediumconst                          mediumconst  000000
__HnvFARRAM                             nvFARRAM     000000
__Hnvbit                                nvbit        000000
__Hnvrram                               nvrram       000000
__Hparam                                rparam       000000
__Hpowerup                              powerup      000076
__Hram                                  ram          000000
__Hramtop                               ramtop       000E00
__Hrbit                                 rbit         000000
__Hrbss                                 rbss         000000
__Hrdata                                rdata        000000
__Hreset_vec                            reset_vec    000004
__Hrparam                               rparam       000000
__Hsfr                                  sfr          000000
__Hsmallconst                           smallconst   000E7A
__Hspace_0                              (abs)        0031EC
__Hspace_1                              (abs)        000270
__Hspace_2                              (abs)        000000
__Hspace_4                              (abs)        60000C
__Hstack                                stack        000000
__Hstruct                               struct       000000
__Htemp                                 temp         00005C
__Htext                                 text         000000
__Htext0                                text0        000000
__Htext1                                text1        000000
__Htext10                               text10       000000
__Htext11                               text11       000000
__Htext12                               text12       000000
__Htext13                               text13       000000
__Htext14                               text14       000000
__Htext15                               text15       000000
__Htext16                               text16       000000
__Htext17                               text17       000000
__Htext18                               text18       000000
__Htext19                               text19       000000
__Htext2                                text2        000000
__Htext20                               text20       000000
__Htext21                               text21       000000
__Htext22                               text22       000000
__Htext23                               text23       000000
__Htext24                               text24       000000
__Htext25                               text25       000000
__Htext26                               text26       000000
__Htext27                               text27       000000
__Htext28                               text28       000000
__Htext29                               text29       000000
__Htext3                                text3        000000
__Htext30                               text30       000000
__Htext31                               text31       000000
__Htext32                               text32       000000
__Htext33                               text33       000000
__Htext34                               text34       000000
__Htext35                               text35       000000
__Htext36                               text36       000000
__Htext37                               text37       000000
__Htext38                               text38       000000
__Htext39                               text39       000000
__Htext4                                text4        000000
__Htext40                               text40       000000
__Htext41                               text41       000000
__Htext42                               text42       000000
__Htext43                               text43       000000
__Htext44                               text44       000000
__Htext45                               text45       000000
__Htext46                               text46       000000
__Htext47                               text47       000000
__Htext48                               text48       000000
__Htext5                                text5        000000
__Htext50                               text50       000000
__Htext51                               text51       000000
__Htext52                               text52       000000
__Htext53                               text53       000000
__Htext54                               text54       000000
__Htext6                                text6        000000
__Htext7                                text7        000000
__Htext8                                text8        000000
__Htext9                                text9        000000
__LRAM                                  (abs)        000001
__Labs1                                 abs1         000000
__Lbank0                                bank0        000000
__Lbank1                                bank1        000000
__Lbank10                               bank10       000000
__Lbank11                               bank11       000000
__Lbank12                               bank12       000000
__Lbank13                               bank13       000000
__Lbank2                                bank2        000000
__Lbank3                                bank3        000000
__Lbank4                                bank4        000000
__Lbank5                                bank5        000000
__Lbank6                                bank6        000000
__Lbank7                                bank7        000000
__Lbank8                                bank8        000000
__Lbank9                                bank9        000000
__Lbigbss                               bigbss       000000
__Lbigdata                              bigdata      000000
__Lbigram                               bigram       000000
__Lbigsfr                               bigsfr       000000
__Lbss                                  bss          000000
__LbssBANK0                             bssBANK0     000000
__LbssBANK2                             bssBANK2     000000
__LbssCOMRAM                            bssCOMRAM    000000
__Lcinit                                cinit        000000
__Lclrtext                              clrtext      000000
__Lcomram                               comram       000000
__Lconfig                               config       000000
__Lconst                                const        000000
__LcstackBANK0                          cstackBANK0  000000
__LcstackBANK1                          cstackBANK1  000000
__LcstackCOMRAM                         cstackCOMRAM 000000
__Ldata                                 data         000000
__Leeprom_data                          eeprom_data  000000
__Lfarbss                               farbss       000000
__Lfardata                              fardata      000000
__Lheap                                 heap         000000
__Libigdata                             ibigdata     000000
__Lidata                                idata        000000
__Lidloc                                idloc        000000
__Lifardata                             ifardata     000000
__Linit                                 init         000076
__Lintcode                              intcode      000008
__Lintcode_body                         intcode_body 000000
__Lintcodelo                            intcodelo    000076
__Lintentry                             intentry     000000
__Lintret                               intret       000000
__Lintsave_regs                         intsave_regs 000000
__Lirdata                               irdata       000000
__Lmediumconst                          mediumconst  000000
__LnvFARRAM                             nvFARRAM     000000
__Lnvbit                                nvbit        000000
__Lnvrram                               nvrram       000000
__Lparam                                rparam       000000
__Lpowerup                              powerup      000076
__Lram                                  ram          000000
__Lramtop                               ramtop       000E00
__Lrbit                                 rbit         000000
__Lrbss                                 rbss         000000
__Lrdata                                rdata        000000
__Lreset_vec                            reset_vec    000000
__Lrparam                               rparam       000000
__Lsfr                                  sfr          000000
__Lsmallconst                           smallconst   000E00
__Lspace_0                              (abs)        000000
__Lspace_1                              (abs)        000000
__Lspace_2                              (abs)        000000
__Lspace_4                              (abs)        000000
__Lstack                                stack        000000
__Lstruct                               struct       000000
__Ltemp                                 temp         00005B
__Ltext                                 text         000000
__Ltext0                                text0        000000
__Ltext1                                text1        000000
__Ltext10                               text10       000000
__Ltext11                               text11       000000
__Ltext12                               text12       000000
__Ltext13                               text13       000000
__Ltext14                               text14       000000
__Ltext15                               text15       000000
__Ltext16                               text16       000000
__Ltext17                               text17       000000
__Ltext18                               text18       000000
__Ltext19                               text19       000000
__Ltext2                                text2        000000
__Ltext20                               text20       000000
__Ltext21                               text21       000000
__Ltext22                               text22       000000
__Ltext23                               text23       000000
__Ltext24                               text24       000000
__Ltext25                               text25       000000
__Ltext26                               text26       000000
__Ltext27                               text27       000000
__Ltext28                               text28       000000
__Ltext29                               text29       000000
__Ltext3                                text3        000000
__Ltext30                               text30       000000
__Ltext31                               text31       000000
__Ltext32                               text32       000000
__Ltext33                               text33       000000
__Ltext34                               text34       000000
__Ltext35                               text35       000000
__Ltext36                               text36       000000
__Ltext37                               text37       000000
__Ltext38                               text38       000000
__Ltext39                               text39       000000
__Ltext4                                text4        000000
__Ltext40                               text40       000000
__Ltext41                               text41       000000
__Ltext42                               text42       000000
__Ltext43                               text43       000000
__Ltext44                               text44       000000
__Ltext45                               text45       000000
__Ltext46                               text46       000000
__Ltext47                               text47       000000
__Ltext48                               text48       000000
__Ltext5                                text5        000000
__Ltext50                               text50       000000
__Ltext51                               text51       000000
__Ltext52                               text52       000000
__Ltext53                               text53       000000
__Ltext54                               text54       000000
__Ltext6                                text6        000000
__Ltext7                                text7        000000
__Ltext8                                text8        000000
__Ltext9                                text9        000000
__S0                                    (abs)        0031EC
__S1                                    (abs)        000270
__S4                                    (abs)        000000
__S5                                    (abs)        000000
___aodiv                                text17       001D82
___aodiv@counter                        cstackCOMRAM 000015
___aodiv@dividend                       cstackCOMRAM 000005
___aodiv@divisor                        cstackCOMRAM 00000D
___aodiv@quotient                       cstackCOMRAM 000017
___aodiv@sign                           cstackCOMRAM 000016
___aomod                                text16       002076
___aomod@counter                        cstackCOMRAM 000015
___aomod@dividend                       cstackCOMRAM 000005
___aomod@divisor                        cstackCOMRAM 00000D
___aomod@sign                           cstackCOMRAM 000016
___heap_hi                              (abs)        000000
___heap_lo                              (abs)        000000
___inthi_sp                             stack        000000
___intlo_sp                             stack        000000
___lwdiv                                text29       002BF6
___lwdiv@counter                        cstackCOMRAM 000011
___lwdiv@dividend                       cstackCOMRAM 00000B
___lwdiv@divisor                        cstackCOMRAM 00000D
___lwdiv@quotient                       cstackCOMRAM 00000F
___param_bank                           (abs)        000000
___rparam_used                          (abs)        000001
___sp                                   stack        000000
___wmul                                 text28       0030C4
___wmul@multiplicand                    cstackCOMRAM 000007
___wmul@multiplier                      cstackCOMRAM 000005
___wmul@product                         cstackCOMRAM 000009
__accesstop                             (abs)        000060
__activetblptr                          (abs)        000003
__end_of_HighISR                        intcode      000076
__end_of_I2C_2_Master_Idle              text48       00309C
__end_of_I2C_2_Master_Init              text5        003074
__end_of_I2C_2_Master_Read              text38       002F3E
__end_of_I2C_2_Master_RepStart          text37       0031C2
__end_of_I2C_2_Master_Start             text47       0031D6
__end_of_I2C_2_Master_Stop              text46       0031CC
__end_of_I2C_2_Master_Write             text45       0031AC
__end_of_Interrupts_init                text40       002FBC
__end_of_LEDSon_init                    text39       00310C
__end_of___aodiv                        text17       001F0A
__end_of___aomod                        text16       0021DA
__end_of___lwdiv                        text29       002C6A
__end_of___wmul                         text28       0030EA
__end_of__initialization                cinit        003040
__end_of_abs                            text21       002F7E
__end_of_card_response                  text7        002486
__end_of_clear_interrupt_flag           text44       00317A
__end_of_clear_read_calibration         text6        0025A0
__end_of_collect_avg_readings           text32       001D82
__end_of_color_click_init               text4        002FF0
__end_of_color_read_Blue                text36       002EB8
__end_of_color_read_Clear               text35       002E68
__end_of_color_read_Green               text34       002E18
__end_of_color_read_Red                 text33       002DC8
__end_of_color_writetoaddr              text43       00314C
__end_of_determine_card                 text31       002B7C
__end_of_dtoa                           text11       001B08
__end_of_enable_color_interrupt         text42       0031A0
__end_of_fputc                          text14       002776
__end_of_fputs                          text13       002EFC
__end_of_fullSpeedAhead                 text3        00295E
__end_of_initDCmotorsPWM                text2        002A72
__end_of_initUSART4                     text1        00312C
__end_of_main                           text0        0015A6
__end_of_make_master_closeness          text30       0026AC
__end_of_motor_response                 text22       001272
__end_of_normalise_readings             text20       00188A
__end_of_pad                            text12       002BF6
__end_of_putch                          text15       0031EC
__end_of_reverseFullSpeed               text26       0029EA
__end_of_sendCharSerial4                text19       003164
__end_of_sendStringSerial4              text18       003020
__end_of_setMotorPWM                    text27       002076
__end_of_set_interrupt_threshold        text41       002CD2
__end_of_sprintf                        text8        002D78
__end_of_stop                           text25       002AF8
__end_of_turnLeft45                     text24       0028D2
__end_of_turnRight45                    text23       002824
__end_of_vfpfcnvrt                      text10       002338
__end_of_vfprintf                       text9        002D26
__end_ofi2_I2C_2_Master_Idle            text54       0030C4
__end_ofi2_I2C_2_Master_Start           text53       0031EA
__end_ofi2_I2C_2_Master_Stop            text52       0031E0
__end_ofi2_I2C_2_Master_Write           text51       0031B8
__end_ofi2_clear_interrupt_flag         text50       003190
__initialization                        cinit        003020
__mediumconst                           mediumconst  000000
__pbssBANK0                             bssBANK0     0000EE
__pbssBANK2                             bssBANK2     000200
__pbssCOMRAM                            bssCOMRAM    000057
__pcinit                                cinit        003020
__pcstackBANK0                          cstackBANK0  000060
__pcstackBANK1                          cstackBANK1  000100
__pcstackCOMRAM                         cstackCOMRAM 000001
__pintcode                              intcode      000008
__psmallconst                           smallconst   000E00
__ptext0                                text0        001272
__ptext1                                text1        00310C
__ptext10                               text10       0021DA
__ptext11                               text11       00188A
__ptext12                               text12       002B7C
__ptext13                               text13       002EB8
__ptext14                               text14       0026AC
__ptext15                               text15       0031EA
__ptext16                               text16       002076
__ptext17                               text17       001D82
__ptext18                               text18       002FF0
__ptext19                               text19       00314C
__ptext2                                text2        0029EA
__ptext20                               text20       0015A6
__ptext21                               text21       002F3E
__ptext22                               text22       000E7A
__ptext23                               text23       002776
__ptext24                               text24       002824
__ptext25                               text25       002A72
__ptext26                               text26       00295E
__ptext27                               text27       001F0A
__ptext28                               text28       0030C4
__ptext29                               text29       002BF6
__ptext3                                text3        0028D2
__ptext30                               text30       0025A0
__ptext31                               text31       002AF8
__ptext32                               text32       001B08
__ptext33                               text33       002D78
__ptext34                               text34       002DC8
__ptext35                               text35       002E18
__ptext36                               text36       002E68
__ptext37                               text37       0031B8
__ptext38                               text38       002EFC
__ptext39                               text39       0030EA
__ptext4                                text4        002FBC
__ptext40                               text40       002F7E
__ptext41                               text41       002C6A
__ptext42                               text42       003190
__ptext43                               text43       00312C
__ptext44                               text44       003164
__ptext45                               text45       0031A0
__ptext46                               text46       0031C2
__ptext47                               text47       0031CC
__ptext48                               text48       003074
__ptext5                                text5        00304A
__ptext50                               text50       00317A
__ptext51                               text51       0031AC
__ptext52                               text52       0031D6
__ptext53                               text53       0031E0
__ptext54                               text54       00309C
__ptext6                                text6        002486
__ptext7                                text7        002338
__ptext8                                text8        002D26
__ptext9                                text9        002CD2
__ramtop                                ramtop       000E00
__smallconst                            smallconst   000E00
_abs                                    text21       002F3E
_card_detected                          bssBANK0     0000F2
_card_response                          text7        002338
_clear_interrupt_flag                   text44       003164
_clear_read_calibration                 text6        002486
_collect_avg_readings                   text32       001B08
_color_click_init                       text4        002FBC
_color_read_Blue                        text36       002E68
_color_read_Clear                       text35       002E18
_color_read_Green                       text34       002DC8
_color_read_Red                         text33       002D78
_color_writetoaddr                      text43       00312C
_dbuf                                   bssBANK2     000250
_determine_card                         text31       002AF8
_dtoa                                   text11       00188A
_dtoa$2611                              cstackCOMRAM 000032
_enable_color_interrupt                 text42       003190
_flags                                  bssBANK0     0000F6
_fputc                                  text14       0026AC
_fputs                                  text13       002EB8
_fullSpeedAhead                         text3        0028D2
_initDCmotorsPWM                        text2        0029EA
_initUSART4                             text1        00310C
_main                                   text0        001272
_make_master_closeness                  text30       0025A0
_motor_response                         text22       000E7A
_normalise_readings                     text20       0015A6
_pad                                    text12       002B7C
_prec                                   bssBANK0     0000F0
_putch                                  text15       0031EA
_response_in_progress                   bssBANK0     0000F4
_reverseFullSpeed                       text26       00295E
_sendCharSerial4                        text19       00314C
_sendStringSerial4                      text18       002FF0
_setMotorPWM                            text27       001F0A
_set_interrupt_threshold                text41       002C6A
_set_interrupt_threshold$2092           cstackCOMRAM 00000F
_set_interrupt_threshold$2093           cstackCOMRAM 000010
_sprintf                                text8        002D26
_stop                                   text25       002A72
_turnLeft45                             text24       002824
_turnRight45                            text23       002776
_vfpfcnvrt                              text10       0021DA
_vfprintf                               text9        002CD2
_width                                  bssBANK0     0000EE
abs@a                                   cstackCOMRAM 000017
btemp                                   temp         00005B
card_response@blue_read                 cstackBANK0  000089
card_response@buf                       cstackBANK0  000081
card_response@card                      cstackBANK0  0000EB
card_response@clear_read                cstackBANK0  000083
card_response@expected_values           cstackBANK0  00008B
card_response@green_read                cstackBANK0  000087
card_response@mL                        cstackBANK0  00008D
card_response@mR                        cstackBANK0  00008F
card_response@master_closeness          cstackBANK0  0000D9
card_response@normalised_values         cstackBANK0  000091
card_response@red_read                  cstackBANK0  000085
clear_read_calibration@buf              cstackBANK0  000081
clear_read_calibration@clear_read       cstackBANK0  000083
clear_read_calibration@clear_read_check cstackBANK0  000085
clear_read_calibration@i                cstackBANK0  00008B
clear_read_calibration@i_1591           cstackBANK0  00008D
collect_avg_readings@blue_read          cstackCOMRAM 000016
collect_avg_readings@clear_read         cstackCOMRAM 000010
collect_avg_readings@green_read         cstackCOMRAM 000014
collect_avg_readings@i                  cstackCOMRAM 00001A
collect_avg_readings@i_1602             cstackCOMRAM 00001C
collect_avg_readings@i_1603             cstackCOMRAM 00001E
collect_avg_readings@i_1604             cstackCOMRAM 000020
collect_avg_readings@i_1605             cstackCOMRAM 000022
collect_avg_readings@red_read           cstackCOMRAM 000012
color_read_Blue@tmp                     cstackCOMRAM 00000E
color_read_Clear@tmp                    cstackCOMRAM 00000E
color_read_Green@tmp                    cstackCOMRAM 00000E
color_read_Red@tmp                      cstackCOMRAM 00000E
color_writetoaddr@address               cstackCOMRAM 000008
color_writetoaddr@value                 cstackCOMRAM 000007
determine_card@current_smallest         cstackCOMRAM 00000B
determine_card@i                        cstackCOMRAM 00000E
determine_card@master_closeness         cstackCOMRAM 000005
determine_card@predicted_colour         cstackCOMRAM 00000D
dtoa@d                                  cstackCOMRAM 000022
dtoa@fp                                 cstackCOMRAM 000020
dtoa@i                                  cstackCOMRAM 000041
dtoa@n                                  cstackCOMRAM 000038
dtoa@p                                  cstackCOMRAM 000034
dtoa@s                                  cstackCOMRAM 000040
dtoa@w                                  cstackCOMRAM 000036
end_of_initialization                   cinit        003040
fputc@c                                 cstackCOMRAM 000005
fputc@fp                                cstackCOMRAM 000007
fputs@c                                 cstackCOMRAM 000012
fputs@fp                                cstackCOMRAM 000010
fputs@i                                 cstackCOMRAM 000013
fputs@s                                 cstackCOMRAM 00000E
fullSpeedAhead@i                        cstackCOMRAM 00001D
fullSpeedAhead@mL                       cstackCOMRAM 000018
fullSpeedAhead@mR                       cstackCOMRAM 00001A
i2I2C_2_Master_Write@data_byte          cstackCOMRAM 000002
i2_I2C_2_Master_Idle                    text54       00309C
i2_I2C_2_Master_Start                   text53       0031E0
i2_I2C_2_Master_Stop                    text52       0031D6
i2_I2C_2_Master_Write                   text51       0031AC
i2_clear_interrupt_flag                 text50       00317A
int$flags                               temp         00005B
intlevel0                               text         000000
intlevel1                               text         000000
intlevel2                               text         000000
intlevel3                               text         000000
isa$std                                 (abs)        000001
isa$xinst                               (abs)        000000
main@PWMcycle                           cstackBANK1  0001DE
main@blue_read                          cstackBANK1  0001E5
main@buf                                cstackBANK1  000100
main@clear_read                         cstackBANK1  0001E8
main@clear_read_check                   cstackBANK1  0001DF
main@expected_values                    cstackBANK1  000196
main@green_read                         cstackBANK1  0001E3
main@i                                  cstackBANK1  0001E7
main@motorL                             cstackBANK1  0001EA
main@motorR                             cstackBANK1  0001F3
main@red_read                           cstackBANK1  0001E1
make_master_closeness@buf               cstackCOMRAM 000005
make_master_closeness@i                 cstackCOMRAM 000029
make_master_closeness@master_closeness  cstackCOMRAM 000009
make_master_closeness@normalised_values cstackCOMRAM 000007
motor_response@card                     cstackCOMRAM 000026
motor_response@mL                       cstackCOMRAM 000020
motor_response@mR                       cstackCOMRAM 000022
normalise_readings@blue_read            cstackCOMRAM 000023
normalise_readings@buf                  cstackCOMRAM 00001B
normalise_readings@clear_read           cstackCOMRAM 00001D
normalise_readings@difference           cstackCOMRAM 000031
normalise_readings@expected_values      cstackCOMRAM 000025
normalise_readings@green_read           cstackCOMRAM 000021
normalise_readings@i                    cstackCOMRAM 000033
normalise_readings@normalised_values    cstackCOMRAM 000027
normalise_readings@red_read             cstackCOMRAM 00001F
pad@buf                                 cstackCOMRAM 000017
pad@fp                                  cstackCOMRAM 000015
pad@i                                   cstackCOMRAM 00001C
pad@p                                   cstackCOMRAM 000019
pad@w                                   cstackCOMRAM 00001E
reverseFullSpeed@i                      cstackCOMRAM 00001D
reverseFullSpeed@mL                     cstackCOMRAM 000018
reverseFullSpeed@mR                     cstackCOMRAM 00001A
sendCharSerial4@charToSend              cstackCOMRAM 000005
sendStringSerial4@string                cstackCOMRAM 000006
setMotorPWM@m                           cstackCOMRAM 000012
setMotorPWM@negDuty                     cstackCOMRAM 000017
setMotorPWM@posDuty                     cstackCOMRAM 000016
set_interrupt_threshold@AIHT            cstackCOMRAM 00000B
set_interrupt_threshold@AILT            cstackCOMRAM 000009
set_interrupt_threshold@persistence     cstackCOMRAM 00000D
sprintf@ap                              cstackBANK0  000074
sprintf@f                               cstackBANK0  000076
sprintf@fmt                             cstackBANK0  000068
sprintf@s                               cstackBANK0  000066
stackhi                                 (abs)        000000
stacklo                                 (abs)        000000
start                                   init         000076
start_initialization                    cinit        003020
stop@mL                                 cstackCOMRAM 000018
stop@mR                                 cstackCOMRAM 00001A
ttemp5                                  temp         00005C
ttemp6                                  temp         00005F
ttemp7                                  temp         000063
turnLeft45@i                            cstackCOMRAM 00001E
turnLeft45@mL                           cstackCOMRAM 000018
turnLeft45@mR                           cstackCOMRAM 00001A
turnRight45@i                           cstackCOMRAM 00001E
turnRight45@mL                          cstackCOMRAM 000018
turnRight45@mR                          cstackCOMRAM 00001A
vfpfcnvrt@ap                            cstackCOMRAM 000047
vfpfcnvrt@convarg                       cstackCOMRAM 00004B
vfpfcnvrt@cp                            cstackCOMRAM 000053
vfpfcnvrt@fmt                           cstackCOMRAM 000045
vfpfcnvrt@fp                            cstackCOMRAM 000043
vfprintf@ap                             cstackBANK0  000064
vfprintf@cfmt                           cstackCOMRAM 000055
vfprintf@fmt                            cstackBANK0  000062
vfprintf@fp                             cstackBANK0  000060
wtemp8                                  temp         00005C


MODULE INFORMATION

Module		Function		Class		Link	Load	Size
C:\Program Files\Microchip\xc8\v2.40\pic\sources\c99\common\nf_fputc.c
		_fputc         		CODE           	26AC	0000	202

C:\Program Files\Microchip\xc8\v2.40\pic\sources\c99\common\nf_fputc.c estimated size: 202

serial.c
		_sendStringSerial4		CODE           	2FF0	0000	48
		_sendCharSerial4		CODE           	314C	0000	24
		_initUSART4    		CODE           	310C	0000	32

serial.c estimated size: 104

C:\Program Files\Microchip\xc8\v2.40\pic\sources\c99\common\nf_sprintf.c
		_sprintf       		CODE           	2D26	0000	82

C:\Program Files\Microchip\xc8\v2.40\pic\sources\c99\common\nf_sprintf.c estimated size: 82

C:\Program Files\Microchip\xc8\v2.40\pic\sources\c99\common\lwdiv.c
		___lwdiv       		CODE           	2BF6	0000	116

C:\Program Files\Microchip\xc8\v2.40\pic\sources\c99\common\lwdiv.c estimated size: 116

color.c
		_color_writetoaddr		CODE           	312C	0000	32
		_color_click_init		CODE           	2FBC	0000	52
		_color_read_Green		CODE           	2DC8	0000	80
		_color_read_Clear		CODE           	2E18	0000	80
		_color_read_Red		CODE           	2D78	0000	80
		_color_read_Blue		CODE           	2E68	0000	80

color.c estimated size: 404

C:\Program Files\Microchip\xc8\v2.40\pic\sources\c99\common\Umul16.c
		___wmul        		CODE           	30C4	0000	38

C:\Program Files\Microchip\xc8\v2.40\pic\sources\c99\common\Umul16.c estimated size: 38

dc_motor.c
		_fullSpeedAhead		CODE           	28D2	0000	140
		_turnLeft45    		CODE           	2824	0000	174
		_stop          		CODE           	2A72	0000	134
		_initDCmotorsPWM		CODE           	29EA	0000	136
		_turnRight45   		CODE           	2776	0000	174
		_setMotorPWM   		CODE           	1F0A	0000	364
		_reverseFullSpeed		CODE           	295E	0000	140

dc_motor.c estimated size: 1262

interrupts.c
		_clear_interrupt_flag		CODE           	3164	0000	22
		_enable_color_interrupt		CODE           	3190	0000	16
		_Interrupts_init		CODE           	2F7E	0000	62
		_set_interrupt_threshold		CODE           	2C6A	0000	104
		_HighISR       		CODE           	0008	0000	110

interrupts.c estimated size: 314

C:\Program Files\Microchip\xc8\v2.40\pic\sources\c99\common\abs.c
		_abs           		CODE           	2F3E	0000	64

C:\Program Files\Microchip\xc8\v2.40\pic\sources\c99\common\abs.c estimated size: 64

i2c.c
		_I2C_2_Master_Start		CODE           	31CC	0000	10
		_I2C_2_Master_Read		CODE           	2EFC	0000	66
		_I2C_2_Master_Idle		CODE           	3074	0000	40
		_I2C_2_Master_Init		CODE           	304A	0000	42
		_I2C_2_Master_Stop		CODE           	31C2	0000	10
		_I2C_2_Master_RepStart		CODE           	31B8	0000	10
		_I2C_2_Master_Write		CODE           	31A0	0000	12

i2c.c estimated size: 190

LEDsOn.c
		_LEDSon_init   		CODE           	30EA	0000	34

LEDsOn.c estimated size: 34

C:\Program Files\Microchip\xc8\v2.40\pic\sources\c99\common\nf_fputs.c
		_fputs         		CODE           	2EB8	0000	68

C:\Program Files\Microchip\xc8\v2.40\pic\sources\c99\common\nf_fputs.c estimated size: 68

C:\Program Files\Microchip\xc8\v2.40\pic\sources\c99\common\aomod.c
		___aomod       		CODE           	2076	0000	356

C:\Program Files\Microchip\xc8\v2.40\pic\sources\c99\common\aomod.c estimated size: 356

shared
		i2_I2C_2_Master_Stop		CODE           	31D6	0000	10
		i2_I2C_2_Master_Idle		CODE           	309C	0000	40
		__initialization		CODE           	3020	0000	32
		i2_clear_interrupt_flag		CODE           	317A	0000	22
		i2_I2C_2_Master_Write		CODE           	31AC	0000	12
		i2_I2C_2_Master_Start		CODE           	31E0	0000	10

shared estimated size: 126

C:\Program Files\Microchip\xc8\v2.40\pic\sources\c99\common\putch.c
		_putch         		CODE           	31EA	0000	2

C:\Program Files\Microchip\xc8\v2.40\pic\sources\c99\common\putch.c estimated size: 2

C:\Program Files\Microchip\xc8\v2.40\pic\sources\c99\common\doprnt.c
		_vfpfcnvrt     		CODE           	21DA	0000	350
		_pad           		CODE           	2B7C	0000	122
		_dtoa          		CODE           	188A	0000	638
		_vfprintf      		CODE           	2CD2	0000	84

C:\Program Files\Microchip\xc8\v2.40\pic\sources\c99\common\doprnt.c estimated size: 1194

colour_identify.c
		_motor_response		CODE           	0E7A	0000	1016
		_clear_read_calibration		CODE           	2486	0000	282
		_collect_avg_readings		CODE           	1B08	0000	634
		_determine_card		CODE           	2AF8	0000	132
		_normalise_readings		CODE           	15A6	0000	740
		_make_master_closeness		CODE           	25A0	0000	268
		_card_response 		CODE           	2338	0000	334

colour_identify.c estimated size: 3406

main.c
		_main          		CODE           	1272	0000	820

main.c estimated size: 820

C:\Program Files\Microchip\xc8\v2.40\pic\sources\c99\common\aodiv.c
		___aodiv       		CODE           	1D82	0000	392

C:\Program Files\Microchip\xc8\v2.40\pic\sources\c99\common\aodiv.c estimated size: 392

