Microchip MPLAB XC8 Compiler V2.40

Linker command line:

-W-3 \
  --edf=C:\Program Files\Microchip\xc8\v2.40\pic\dat\20220703182018_en.msgs \
  -cn \
  -h+dist/default/production\final-project-darciea-matti.X.production.sym \
  --cmf=dist/default/production\final-project-darciea-matti.X.production.cmf \
  -z -Q18F67K40 -oC:\Users\Matti\AppData\Local\Temp\xcAsbi0.4 \
  --defsym=__MPLAB_BUILD=1 --fixupoverflow=error \
  -Mdist/default/production/final-project-darciea-matti.X.production.map \
  --md=C:\Users\Matti\AppData\Local\Temp\xcAsbi0.dat -E1 -ver=XC8 Compiler \
  --acfsm=1493 -ACODE=00h-01FFFFh -ACONST=00h-01FFFFh \
  -ASMALLCONST=0E00h-0EFFhx498 -AMEDIUMCONST=0E00h-0FFFFh,010E00h-01FFFFh \
  -ACOMRAM=01h-05Fh -AABS1=00h-0DE9h -ABIGRAM=01h-0DE9h \
  -ARAM=060h-0FFh,0100h-01FFhx12,0D00h-0DE9h -ABANK0=060h-0FFh \
  -ABANK1=0100h-01FFh -ABANK2=0200h-02FFh -ABANK3=0300h-03FFh \
  -ABANK4=0400h-04FFh -ABANK5=0500h-05FFh -ABANK6=0600h-06FFh \
  -ABANK7=0700h-07FFh -ABANK8=0800h-08FFh -ABANK9=0900h-09FFh \
  -ABANK10=0A00h-0AFFh -ABANK11=0B00h-0BFFh -ABANK12=0C00h-0CFFh \
  -ABANK13=0D00h-0DE9h \
  -ASFR=0DEFh-0DFFh,0E00h-0EFFh,0F00h-0F5Fh,0F60h-0FFFh \
  -ABIGSFR=0DEFh-0FFFh -ACONFIG=0300000h-030000Bh -AIDLOC=0200000h-020000Fh \
  -AEEDATA=0310000h-03103FFh -peeprom_data=EEDATA \
  -preset_vec=00h,intcode,intcodelo=018h,powerup,init -pramtop=0E00h \
  -psmallconst=SMALLCONST -pmediumconst=MEDIUMCONST -pconst=CONST \
  -AFARRAM=00h-00h \
  -prdata=COMRAM,nvrram=COMRAM,nvbit=COMRAM,rbss=COMRAM,rbit=COMRAM \
  -pfarbss=FARRAM,fardata=FARRAM,nvFARRAM=FARRAM \
  -pintsave_regs=BIGRAM,bigbss=BIGRAM,bigdata=BIGRAM -pbss=RAM \
  -pidata=CODE,irdata=CODE,ibigdata=CODE,ifardata=CODE -prparam=COMRAM \
  C:\Users\Matti\AppData\Local\Temp\xcAsbi0.o \
  dist/default/production\final-project-darciea-matti.X.production.o 

Object code version is 3.11

Machine type is 18F67K40



                Name                               Link     Load   Length Selector   Space Scale
C:\Users\Matti\AppData\Local\Temp\xcAsbi0.o
                idloc                            200000   200000       10        0       5
                config                           300000   300000        C        0       4
                init                                 5C       5C        4        C       0
                reset_vec                             0        0        4        0       0
dist/default/production\final-project-darciea-matti.X.production.o
                intcodelo                            18       18       44        C       0
                idloc                            200000   200000       10        0       5
                config                           300000   300000        C        0       4
                temp                                 5B       5B        1        1       1
                smallconst                          E00      E00       FA      700       0
                text47                             38A6     38A6       2A      77D       0
                text46                             387C     387C       2A      77D       0
                text45                             34DE     34DE       64      77D       0
                text44                             38F8     38F8       28      77D       0
                text43                             376C     376C       42      77D       0
                text42                             39BE     39BE        A      77D       0
                text41                             39B4     39B4        A      77D       0
                text40                             39AA     39AA        A      77D       0
                text39                             399E     399E        C      77D       0
                text38                             36D8     36D8       50      77D       0
                text37                             3688     3688       50      77D       0
                text36                             3638     3638       50      77D       0
                text35                             35E8     35E8       50      77D       0
                text34                             2364     2364      27A      77D       0
                text33                             3370     3370       80      77D       0
                text32                             2E1C     2E1C      10C      77D       0
                text31                             346A     346A       74      77D       0
                text30                             3920     3920       26      77D       0
                text29                             28D4     28D4      16C      77D       0
                text28                             31D6     31D6       8C      77D       0
                text27                             32EA     32EA       86      77D       0
                text26                             309E     309E       AC      77D       0
                text25                             2FF2     2FF2       AC      77D       0
                text24                             1A54     1A54      3AE      77D       0
                text23                             314A     314A       8C      77D       0
                text22                             3986     3986       18      77D       0
                text21                             3822     3822       30      77D       0
                text20                             25DE     25DE      188      77D       0
                text19                             2A40     2A40      164      77D       0
                text18                             37AE     37AE       40      77D       0
                text17                             39C8     39C8        2      77D       0
                text16                             2F28     2F28       CA      77D       0
                text15                             3728     3728       44      77D       0
                text14                             33F0     33F0       7A      77D       0
                text13                             20E6     20E6      27E      77D       0
                text12                             2BA4     2BA4      15E      77D       0
                text11                             3542     3542       54      77D       0
                text10                             3596     3596       52      77D       0
                text9                               EFA      EFA      5E8      77D       0
                text8                              1E02     1E02      2E4      77D       0
                text7                              2766     2766      16E      77D       0
                text6                              2D02     2D02      11A      77D       0
                text5                              3852     3852       2A      77D       0
                text4                              3966     3966       20      77D       0
                text3                              37EE     37EE       34      77D       0
                text2                              3262     3262       88      77D       0
                text1                              3946     3946       20      77D       0
                text0                              14E2     14E2      572      77D       0
                cstackCOMRAM                          1        1       57        1       1
                cstackBANK0                          60       60       6F       60       1
                cstackBANK1                         100      100       FB      100       1
                cstackBANK2                         200      200       E4      200       1
                bssBANK3                            300      300       5C      300       1
                bssBANK0                             CF       CF       20       60       1
                bssCOMRAM                            58       58        3        1       1
                cinit                              38D0     38D0       28      77D       0

TOTAL           Name                               Link     Load   Length     Space
        CLASS   CODE           
                intcodelo                            18       18       44         0
                init                                 5C       5C        4         0
                reset_vec                             0        0        4         0
                text47                             38A6     38A6       2A         0
                text46                             387C     387C       2A         0
                text45                             34DE     34DE       64         0
                text44                             38F8     38F8       28         0
                text43                             376C     376C       42         0
                text42                             39BE     39BE        A         0
                text41                             39B4     39B4        A         0
                text40                             39AA     39AA        A         0
                text39                             399E     399E        C         0
                text38                             36D8     36D8       50         0
                text37                             3688     3688       50         0
                text36                             3638     3638       50         0
                text35                             35E8     35E8       50         0
                text34                             2364     2364      27A         0
                text33                             3370     3370       80         0
                text32                             2E1C     2E1C      10C         0
                text31                             346A     346A       74         0
                text30                             3920     3920       26         0
                text29                             28D4     28D4      16C         0
                text28                             31D6     31D6       8C         0
                text27                             32EA     32EA       86         0
                text26                             309E     309E       AC         0
                text25                             2FF2     2FF2       AC         0
                text24                             1A54     1A54      3AE         0
                text23                             314A     314A       8C         0
                text22                             3986     3986       18         0
                text21                             3822     3822       30         0
                text20                             25DE     25DE      188         0
                text19                             2A40     2A40      164         0
                text18                             37AE     37AE       40         0
                text17                             39C8     39C8        2         0
                text16                             2F28     2F28       CA         0
                text15                             3728     3728       44         0
                text14                             33F0     33F0       7A         0
                text13                             20E6     20E6      27E         0
                text12                             2BA4     2BA4      15E         0
                text11                             3542     3542       54         0
                text10                             3596     3596       52         0
                text9                               EFA      EFA      5E8         0
                text8                              1E02     1E02      2E4         0
                text7                              2766     2766      16E         0
                text6                              2D02     2D02      11A         0
                text5                              3852     3852       2A         0
                text4                              3966     3966       20         0
                text3                              37EE     37EE       34         0
                text2                              3262     3262       88         0
                text1                              3946     3946       20         0
                text0                              14E2     14E2      572         0
                cinit                              38D0     38D0       28         0

        CLASS   CONST          

        CLASS   SMALLCONST     
                smallconst                          E00      E00       FA         0

        CLASS   MEDIUMCONST    

        CLASS   COMRAM         
                temp                                 5B       5B        1         1
                cstackCOMRAM                          1        1       57         1
                bssCOMRAM                            58       58        3         1

        CLASS   ABS1           

        CLASS   BIGRAM         

        CLASS   RAM            

        CLASS   BANK0          
                cstackBANK0                          60       60       6F         1
                bssBANK0                             CF       CF       20         1

        CLASS   BANK1          
                cstackBANK1                         100      100       FB         1

        CLASS   BANK2          
                cstackBANK2                         200      200       E4         1

        CLASS   BANK3          
                bssBANK3                            300      300       5C         1

        CLASS   BANK4          

        CLASS   BANK5          

        CLASS   BANK6          

        CLASS   BANK7          

        CLASS   BANK8          

        CLASS   BANK9          

        CLASS   BANK10         

        CLASS   BANK11         

        CLASS   BANK12         

        CLASS   BANK13         

        CLASS   SFR            

        CLASS   BIGSFR         

        CLASS   CONFIG         
                config                           300000   300000        C         4

        CLASS   IDLOC          
                idloc                            200000   200000       10         5

        CLASS   EEDATA         

        CLASS   FARRAM         

        CLASS   HEAP           

        CLASS   STACK          



SEGMENTS        Name                           Load    Length   Top    Selector   Space  Class

                reset_vec                      000000  000004  000004         0       0  CODE    
                cstackCOMRAM                   000001  00005B  00005C         1       1  COMRAM  
                intcodelo                      000018  000048  000060         C       0  CODE    
                cstackBANK0                    000060  00008F  0000EF        60       1  BANK0   
                cstackBANK1                    000100  0000FB  0001FB       100       1  BANK1   
                cstackBANK2                    000200  0000E4  0002E4       200       1  BANK2   
                bssBANK3                       000300  00005C  00035C       300       1  BANK3   
                smallconst                     000E00  0000FA  000EFA       700       0  SMALLCON
                text9                          000EFA  002AD0  0039CA       77D       0  CODE    


UNUSED ADDRESS RANGES

        Name                Unused          Largest block    Delta
        BANK0            0000EF-0000FF               11
        BANK1            0001FB-0001FF                5
        BANK10           000A00-000AFF              100
        BANK11           000B00-000BFF              100
        BANK12           000C00-000CFF              100
        BANK13           000D00-000DE9               EA
        BANK2            0002E4-0002FF               1C
        BANK3            00035C-0003FF               A4
        BANK4            000400-0004FF              100
        BANK5            000500-0005FF              100
        BANK6            000600-0006FF              100
        BANK7            000700-0007FF              100
        BANK8            000800-0008FF              100
        BANK9            000900-0009FF              100
        BIGRAM           00005C-00005F                4
                         0000EF-0000FF               11
                         0001FB-0001FF                5
                         0002E4-0002FF               1C
                         00035C-000DE9              A8E
        BIGSFR           000DEF-000FFF              211
        CODE             000004-000017               14
                         000060-000DFF              DA0
                         0039CA-01FFFF            1C636
        COMRAM           00005C-00005F                4
        CONST            000004-000017               14
                         000060-000DFF              DA0
                         0039CA-01FFFF            1C636
        EEDATA           310000-3103FF              400
        MEDIUMCONST      0039CA-00FFFF             C636
                         010E00-01FFFF             F200
        RAM              0000EF-0000FF               11
                         0001FB-0001FF                5
                         0002E4-0002FF               1C
                         00035C-000DE9              100
        SFR              000DEF-000FFF              100
        SMALLCONST       0039CA-01FFFF              100

                                  Symbol Table

?___aodiv                               cstackCOMRAM 000004
?___aomod                               cstackCOMRAM 000004
?___lwdiv                               cstackCOMRAM 00000A
?___lwmod                               cstackCOMRAM 000004
?___wmul                                cstackCOMRAM 000004
?_abs                                   cstackCOMRAM 000016
?_color_read_Blue                       cstackCOMRAM 000008
?_color_read_Clear                      cstackCOMRAM 000008
?_color_read_Green                      cstackCOMRAM 000008
?_color_read_Red                        cstackCOMRAM 000008
?_sprintf                               cstackBANK0  000066
?_vfprintf                              cstackBANK0  000060
I2C_2_Master_Read@ack                   cstackCOMRAM 000006
I2C_2_Master_Read@tmp                   cstackCOMRAM 000007
I2C_2_Master_Write@data_byte            cstackCOMRAM 000005
_ANSELDbits                             (abs)        000EA7
_ANSELFbits                             (abs)        000EB4
_BAUD4CONbits                           (abs)        000EE9
_CCP1CONbits                            (abs)        000FAB
_CCP2CONbits                            (abs)        000FA7
_CCP3CONbits                            (abs)        000F26
_CCP4CONbits                            (abs)        000F22
_CCPR1H                                 (abs)        000FAA
_CCPR2H                                 (abs)        000FA6
_CCPR3H                                 (abs)        000F25
_CCPR4H                                 (abs)        000F21
_CCPTMRS0bits                           (abs)        000FAD
_EUSART4RXbuf                           bssBANK0     0000CF
_EUSART4TXbuf                           bssBANK3     000300
_I2C_2_Master_Idle                      text44       0038F8
_I2C_2_Master_Init                      text5        003852
_I2C_2_Master_Read                      text43       00376C
_I2C_2_Master_RepStart                  text42       0039BE
_I2C_2_Master_Start                     text41       0039B4
_I2C_2_Master_Stop                      text40       0039AA
_I2C_2_Master_Write                     text39       00399E
_INTCONbits                             (abs)        000FF2
_IPR0bits                               (abs)        000E1F
_Interrupts_init                        text47       0038A6
_LATAbits                               (abs)        000F79
_LATDbits                               (abs)        000F7C
_LATFbits                               (abs)        000F7E
_LATGbits                               (abs)        000F7F
_LATHbits                               (abs)        000F80
_LEDSon_init                            text46       00387C
_LowISR                                 intcodelo    000018
_PIE4bits                               (abs)        000E2D
_PIR4bits                               (abs)        000E37
_PORTFbits                              (abs)        000F8E
_RC0PPS                                 (abs)        000E62
_RC4REG                                 (abs)        000EE3
_RC4STAbits                             (abs)        000EE7
_RC7PPS                                 (abs)        000E69
_RD5PPS                                 (abs)        000E6F
_RD6PPS                                 (abs)        000E70
_RE2PPS                                 (abs)        000E74
_RE4PPS                                 (abs)        000E76
_RG6PPS                                 (abs)        000E88
_RX4PPS                                 (abs)        000E15
_RxBufReadCnt                           bssBANK0     0000EE
_RxBufWriteCnt                          bssCOMRAM    00005A
_SP4BRGH                                (abs)        000EE6
_SP4BRGL                                (abs)        000EE5
_SSP2ADD                                (abs)        000ED6
_SSP2BUF                                (abs)        000ED5
_SSP2CLKPPS                             (abs)        000E1C
_SSP2CON1bits                           (abs)        000ED9
_SSP2CON2                               (abs)        000EDA
_SSP2CON2bits                           (abs)        000EDA
_SSP2DATPPS                             (abs)        000E1D
_SSP2STAT                               (abs)        000ED8
_T0CON0bits                             (abs)        000FD5
_T0CON1bits                             (abs)        000FD6
_T2CLKCONbits                           (abs)        000FBF
_T2CONbits                              (abs)        000FBD
_T2HLTbits                              (abs)        000FBE
_T2PR                                   (abs)        000FBC
_TMR0H                                  (abs)        000FD4
_TMR0IE                                 (abs)        00714D
_TMR0IF                                 (abs)        00719D
_TMR0L                                  (abs)        000FD3
_TRISAbits                              (abs)        000F81
_TRISCbits                              (abs)        000F83
_TRISDbits                              (abs)        000F84
_TRISEbits                              (abs)        000F85
_TRISFbits                              (abs)        000F86
_TRISGbits                              (abs)        000F87
_TRISHbits                              (abs)        000F88
_TX4REG                                 (abs)        000EE4
_TX4STAbits                             (abs)        000EE8
_TimerFlag                              bssBANK0     0000EB
_TxBufReadCnt                           bssCOMRAM    000058
_TxBufWriteCnt                          bssCOMRAM    000059
__HRAM                                  (abs)        000000
__Habs1                                 abs1         000000
__Hbank0                                bank0        000000
__Hbank1                                bank1        000000
__Hbank10                               bank10       000000
__Hbank11                               bank11       000000
__Hbank12                               bank12       000000
__Hbank13                               bank13       000000
__Hbank2                                bank2        000000
__Hbank3                                bank3        000000
__Hbank4                                bank4        000000
__Hbank5                                bank5        000000
__Hbank6                                bank6        000000
__Hbank7                                bank7        000000
__Hbank8                                bank8        000000
__Hbank9                                bank9        000000
__Hbigbss                               bigbss       000000
__Hbigdata                              bigdata      000000
__Hbigram                               bigram       000000
__Hbigsfr                               bigsfr       000000
__Hbss                                  bss          000000
__HbssBANK0                             bssBANK0     000000
__HbssBANK3                             bssBANK3     000000
__HbssCOMRAM                            bssCOMRAM    000000
__Hcinit                                cinit        000000
__Hclrtext                              clrtext      000000
__Hcomram                               comram       000000
__Hconfig                               config       30000C
__Hconst                                const        000000
__HcstackBANK0                          cstackBANK0  000000
__HcstackBANK1                          cstackBANK1  000000
__HcstackBANK2                          cstackBANK2  000000
__HcstackCOMRAM                         cstackCOMRAM 000000
__Hdata                                 data         000000
__Heeprom_data                          eeprom_data  000000
__Hfarbss                               farbss       000000
__Hfardata                              fardata      000000
__Hheap                                 heap         000000
__Hibigdata                             ibigdata     000000
__Hidata                                idata        000000
__Hidloc                                idloc        200010
__Hifardata                             ifardata     000000
__Hinit                                 init         000060
__Hintcode                              intcode      000004
__Hintcode_body                         intcode_body 000000
__Hintcodelo                            intcodelo    00005C
__Hintentry                             intentry     000000
__Hintret                               intret       000000
__Hintsave_regs                         intsave_regs 000000
__Hirdata                               irdata       000000
__Hmediumconst                          mediumconst  000000
__HnvFARRAM                             nvFARRAM     000000
__Hnvbit                                nvbit        000000
__Hnvrram                               nvrram       000000
__Hparam                                rparam       000000
__Hpowerup                              powerup      00005C
__Hram                                  ram          000000
__Hramtop                               ramtop       000E00
__Hrbit                                 rbit         000000
__Hrbss                                 rbss         000000
__Hrdata                                rdata        000000
__Hreset_vec                            reset_vec    000004
__Hrparam                               rparam       000000
__Hsfr                                  sfr          000000
__Hsmallconst                           smallconst   000EFA
__Hspace_0                              (abs)        0039CA
__Hspace_1                              (abs)        00035C
__Hspace_2                              (abs)        000000
__Hspace_4                              (abs)        60000C
__Hstack                                stack        000000
__Hstruct                               struct       000000
__Htemp                                 temp         00005C
__Htext                                 text         000000
__Htext0                                text0        000000
__Htext1                                text1        000000
__Htext10                               text10       000000
__Htext11                               text11       000000
__Htext12                               text12       000000
__Htext13                               text13       000000
__Htext14                               text14       000000
__Htext15                               text15       000000
__Htext16                               text16       000000
__Htext17                               text17       000000
__Htext18                               text18       000000
__Htext19                               text19       000000
__Htext2                                text2        000000
__Htext20                               text20       000000
__Htext21                               text21       000000
__Htext22                               text22       000000
__Htext23                               text23       000000
__Htext24                               text24       000000
__Htext25                               text25       000000
__Htext26                               text26       000000
__Htext27                               text27       000000
__Htext28                               text28       000000
__Htext29                               text29       000000
__Htext3                                text3        000000
__Htext30                               text30       000000
__Htext31                               text31       000000
__Htext32                               text32       000000
__Htext33                               text33       000000
__Htext34                               text34       000000
__Htext35                               text35       000000
__Htext36                               text36       000000
__Htext37                               text37       000000
__Htext38                               text38       000000
__Htext39                               text39       000000
__Htext4                                text4        000000
__Htext40                               text40       000000
__Htext41                               text41       000000
__Htext42                               text42       000000
__Htext43                               text43       000000
__Htext44                               text44       000000
__Htext45                               text45       000000
__Htext46                               text46       000000
__Htext47                               text47       000000
__Htext5                                text5        000000
__Htext6                                text6        000000
__Htext7                                text7        000000
__Htext8                                text8        000000
__Htext9                                text9        000000
__LRAM                                  (abs)        000001
__Labs1                                 abs1         000000
__Lbank0                                bank0        000000
__Lbank1                                bank1        000000
__Lbank10                               bank10       000000
__Lbank11                               bank11       000000
__Lbank12                               bank12       000000
__Lbank13                               bank13       000000
__Lbank2                                bank2        000000
__Lbank3                                bank3        000000
__Lbank4                                bank4        000000
__Lbank5                                bank5        000000
__Lbank6                                bank6        000000
__Lbank7                                bank7        000000
__Lbank8                                bank8        000000
__Lbank9                                bank9        000000
__Lbigbss                               bigbss       000000
__Lbigdata                              bigdata      000000
__Lbigram                               bigram       000000
__Lbigsfr                               bigsfr       000000
__Lbss                                  bss          000000
__LbssBANK0                             bssBANK0     000000
__LbssBANK3                             bssBANK3     000000
__LbssCOMRAM                            bssCOMRAM    000000
__Lcinit                                cinit        000000
__Lclrtext                              clrtext      000000
__Lcomram                               comram       000000
__Lconfig                               config       000000
__Lconst                                const        000000
__LcstackBANK0                          cstackBANK0  000000
__LcstackBANK1                          cstackBANK1  000000
__LcstackBANK2                          cstackBANK2  000000
__LcstackCOMRAM                         cstackCOMRAM 000000
__Ldata                                 data         000000
__Leeprom_data                          eeprom_data  000000
__Lfarbss                               farbss       000000
__Lfardata                              fardata      000000
__Lheap                                 heap         000000
__Libigdata                             ibigdata     000000
__Lidata                                idata        000000
__Lidloc                                idloc        000000
__Lifardata                             ifardata     000000
__Linit                                 init         00005C
__Lintcode                              intcode      000004
__Lintcode_body                         intcode_body 000000
__Lintcodelo                            intcodelo    000018
__Lintentry                             intentry     000000
__Lintret                               intret       000000
__Lintsave_regs                         intsave_regs 000000
__Lirdata                               irdata       000000
__Lmediumconst                          mediumconst  000000
__LnvFARRAM                             nvFARRAM     000000
__Lnvbit                                nvbit        000000
__Lnvrram                               nvrram       000000
__Lparam                                rparam       000000
__Lpowerup                              powerup      00005C
__Lram                                  ram          000000
__Lramtop                               ramtop       000E00
__Lrbit                                 rbit         000000
__Lrbss                                 rbss         000000
__Lrdata                                rdata        000000
__Lreset_vec                            reset_vec    000000
__Lrparam                               rparam       000000
__Lsfr                                  sfr          000000
__Lsmallconst                           smallconst   000E00
__Lspace_0                              (abs)        000000
__Lspace_1                              (abs)        000000
__Lspace_2                              (abs)        000000
__Lspace_4                              (abs)        000000
__Lstack                                stack        000000
__Lstruct                               struct       000000
__Ltemp                                 temp         00005B
__Ltext                                 text         000000
__Ltext0                                text0        000000
__Ltext1                                text1        000000
__Ltext10                               text10       000000
__Ltext11                               text11       000000
__Ltext12                               text12       000000
__Ltext13                               text13       000000
__Ltext14                               text14       000000
__Ltext15                               text15       000000
__Ltext16                               text16       000000
__Ltext17                               text17       000000
__Ltext18                               text18       000000
__Ltext19                               text19       000000
__Ltext2                                text2        000000
__Ltext20                               text20       000000
__Ltext21                               text21       000000
__Ltext22                               text22       000000
__Ltext23                               text23       000000
__Ltext24                               text24       000000
__Ltext25                               text25       000000
__Ltext26                               text26       000000
__Ltext27                               text27       000000
__Ltext28                               text28       000000
__Ltext29                               text29       000000
__Ltext3                                text3        000000
__Ltext30                               text30       000000
__Ltext31                               text31       000000
__Ltext32                               text32       000000
__Ltext33                               text33       000000
__Ltext34                               text34       000000
__Ltext35                               text35       000000
__Ltext36                               text36       000000
__Ltext37                               text37       000000
__Ltext38                               text38       000000
__Ltext39                               text39       000000
__Ltext4                                text4        000000
__Ltext40                               text40       000000
__Ltext41                               text41       000000
__Ltext42                               text42       000000
__Ltext43                               text43       000000
__Ltext44                               text44       000000
__Ltext45                               text45       000000
__Ltext46                               text46       000000
__Ltext47                               text47       000000
__Ltext5                                text5        000000
__Ltext6                                text6        000000
__Ltext7                                text7        000000
__Ltext8                                text8        000000
__Ltext9                                text9        000000
__S0                                    (abs)        0039CA
__S1                                    (abs)        00035C
__S4                                    (abs)        000000
__S5                                    (abs)        000000
___aodiv                                text20       0025DE
___aodiv@counter                        cstackCOMRAM 000014
___aodiv@dividend                       cstackCOMRAM 000004
___aodiv@divisor                        cstackCOMRAM 00000C
___aodiv@quotient                       cstackCOMRAM 000016
___aodiv@sign                           cstackCOMRAM 000015
___aomod                                text19       002A40
___aomod@counter                        cstackCOMRAM 000014
___aomod@dividend                       cstackCOMRAM 000004
___aomod@divisor                        cstackCOMRAM 00000C
___aomod@sign                           cstackCOMRAM 000015
___heap_hi                              (abs)        000000
___heap_lo                              (abs)        000000
___inthi_sp                             stack        000000
___intlo_sp                             stack        000000
___lwdiv                                text31       00346A
___lwdiv@counter                        cstackCOMRAM 000010
___lwdiv@dividend                       cstackCOMRAM 00000A
___lwdiv@divisor                        cstackCOMRAM 00000C
___lwdiv@quotient                       cstackCOMRAM 00000E
___lwmod                                text45       0034DE
___lwmod@counter                        cstackCOMRAM 000008
___lwmod@dividend                       cstackCOMRAM 000004
___lwmod@divisor                        cstackCOMRAM 000006
___param_bank                           (abs)        000000
___rparam_used                          (abs)        000001
___sp                                   stack        000000
___wmul                                 text30       003920
___wmul@multiplicand                    cstackCOMRAM 000006
___wmul@multiplier                      cstackCOMRAM 000004
___wmul@product                         cstackCOMRAM 000008
__accesstop                             (abs)        000060
__activetblptr                          (abs)        000003
__end_of_I2C_2_Master_Idle              text44       003920
__end_of_I2C_2_Master_Init              text5        00387C
__end_of_I2C_2_Master_Read              text43       0037AE
__end_of_I2C_2_Master_RepStart          text42       0039C8
__end_of_I2C_2_Master_Start             text41       0039BE
__end_of_I2C_2_Master_Stop              text40       0039B4
__end_of_I2C_2_Master_Write             text39       0039AA
__end_of_Interrupts_init                text47       0038D0
__end_of_LEDSon_init                    text46       0038A6
__end_of_LowISR                         intcodelo    00005C
__end_of___aodiv                        text20       002766
__end_of___aomod                        text19       002BA4
__end_of___lwdiv                        text31       0034DE
__end_of___lwmod                        text45       003542
__end_of___wmul                         text30       003946
__end_of__initialization                cinit        0038EE
__end_of_abs                            text18       0037EE
__end_of_card_response                  text7        0028D4
__end_of_clear_read_calibration         text6        002E1C
__end_of_collect_avg_readings           text34       0025DE
__end_of_color_click_init               text3        003822
__end_of_color_read_Blue                text38       003728
__end_of_color_read_Clear               text37       0036D8
__end_of_color_read_Green               text36       003688
__end_of_color_read_Red                 text35       003638
__end_of_color_writetoaddr              text4        003986
__end_of_determine_card                 text33       0033F0
__end_of_dtoa                           text13       002364
__end_of_fputc                          text16       002FF2
__end_of_fputs                          text15       00376C
__end_of_fullSpeedAhead                 text28       003262
__end_of_home_response                  text24       001E02
__end_of_initDCmotorsPWM                text2        0032EA
__end_of_initUSART4                     text1        003966
__end_of_main                           text0        001A54
__end_of_make_master_closeness          text32       002F28
__end_of_motor_response                 text9        0014E2
__end_of_normalise_readings             text8        0020E6
__end_of_pad                            text14       00346A
__end_of_putch                          text17       0039CA
__end_of_reverseFullSpeed               text23       0031D6
__end_of_sendCharSerial4                text22       00399E
__end_of_sendStringSerial4              text21       003852
__end_of_setMotorPWM                    text29       002A40
__end_of_sprintf                        text10       0035E8
__end_of_stop                           text27       003370
__end_of_turnLeft45                     text26       00314A
__end_of_turnRight45                    text25       00309E
__end_of_vfpfcnvrt                      text12       002D02
__end_of_vfprintf                       text11       003596
__initialization                        cinit        0038D0
__mediumconst                           mediumconst  000000
__pbssBANK0                             bssBANK0     0000CF
__pbssBANK3                             bssBANK3     000300
__pbssCOMRAM                            bssCOMRAM    000058
__pcinit                                cinit        0038D0
__pcstackBANK0                          cstackBANK0  000060
__pcstackBANK1                          cstackBANK1  000100
__pcstackBANK2                          cstackBANK2  000200
__pcstackCOMRAM                         cstackCOMRAM 000001
__pintcodelo                            intcodelo    000018
__psmallconst                           smallconst   000E00
__ptext0                                text0        0014E2
__ptext1                                text1        003946
__ptext10                               text10       003596
__ptext11                               text11       003542
__ptext12                               text12       002BA4
__ptext13                               text13       0020E6
__ptext14                               text14       0033F0
__ptext15                               text15       003728
__ptext16                               text16       002F28
__ptext17                               text17       0039C8
__ptext18                               text18       0037AE
__ptext19                               text19       002A40
__ptext2                                text2        003262
__ptext20                               text20       0025DE
__ptext21                               text21       003822
__ptext22                               text22       003986
__ptext23                               text23       00314A
__ptext24                               text24       001A54
__ptext25                               text25       002FF2
__ptext26                               text26       00309E
__ptext27                               text27       0032EA
__ptext28                               text28       0031D6
__ptext29                               text29       0028D4
__ptext3                                text3        0037EE
__ptext30                               text30       003920
__ptext31                               text31       00346A
__ptext32                               text32       002E1C
__ptext33                               text33       003370
__ptext34                               text34       002364
__ptext35                               text35       0035E8
__ptext36                               text36       003638
__ptext37                               text37       003688
__ptext38                               text38       0036D8
__ptext39                               text39       00399E
__ptext4                                text4        003966
__ptext40                               text40       0039AA
__ptext41                               text41       0039B4
__ptext42                               text42       0039BE
__ptext43                               text43       00376C
__ptext44                               text44       0038F8
__ptext45                               text45       0034DE
__ptext46                               text46       00387C
__ptext47                               text47       0038A6
__ptext5                                text5        003852
__ptext6                                text6        002D02
__ptext7                                text7        002766
__ptext8                                text8        001E02
__ptext9                                text9        000EFA
__ramtop                                ramtop       000E00
__smallconst                            smallconst   000E00
_abs                                    text18       0037AE
_card_detected                          bssBANK0     0000E7
_card_response                          text7        002766
_clear_read_calibration                 text6        002D02
_collect_avg_readings                   text34       002364
_color_click_init                       text3        0037EE
_color_read_Blue                        text38       0036D8
_color_read_Clear                       text37       003688
_color_read_Green                       text36       003638
_color_read_Red                         text35       0035E8
_color_writetoaddr                      text4        003966
_dbuf                                   bssBANK3     00033C
_determine_card                         text33       003370
_dtoa                                   text13       0020E6
_dtoa$2599                              cstackCOMRAM 000031
_flags                                  bssBANK0     0000ED
_fputc                                  text16       002F28
_fputs                                  text15       003728
_fullSpeedAhead                         text28       0031D6
_home_response                          text24       001A54
_initDCmotorsPWM                        text2        003262
_initUSART4                             text1        003946
_main                                   text0        0014E2
_make_master_closeness                  text32       002E1C
_motor_response                         text9        000EFA
_normalise_readings                     text8        001E02
_pad                                    text14       0033F0
_prec                                   bssBANK0     0000E5
_putch                                  text17       0039C8
_response_in_progress                   bssBANK0     0000E9
_reverseFullSpeed                       text23       00314A
_sendCharSerial4                        text22       003986
_sendStringSerial4                      text21       003822
_setMotorPWM                            text29       0028D4
_sprintf                                text10       003596
_stop                                   text27       0032EA
_turnLeft45                             text26       00309E
_turnRight45                            text25       002FF2
_vfpfcnvrt                              text12       002BA4
_vfprintf                               text11       003542
_width                                  bssBANK0     0000E3
abs@a                                   cstackCOMRAM 000016
btemp                                   temp         00005B
card_response@ReturnHomeArray           cstackBANK1  000111
card_response@blue_read                 cstackBANK1  000108
card_response@buf                       cstackBANK1  000100
card_response@card                      cstackBANK1  00010C
card_response@clear_read                cstackBANK1  000102
card_response@expected_values           cstackBANK1  00010A
card_response@green_read                cstackBANK1  000106
card_response@mL                        cstackBANK1  00010D
card_response@mR                        cstackBANK1  00010F
card_response@master_closeness          cstackBANK1  000195
card_response@normalised_values         cstackBANK1  00014D
card_response@red_read                  cstackBANK1  000104
clear_read_calibration@buf              cstackBANK0  000081
clear_read_calibration@clear_read       cstackBANK0  000083
clear_read_calibration@clear_read_check cstackBANK0  000085
clear_read_calibration@i                cstackBANK0  00008B
clear_read_calibration@i_1645           cstackBANK0  00008D
collect_avg_readings@blue_read          cstackCOMRAM 000015
collect_avg_readings@clear_read         cstackCOMRAM 00000F
collect_avg_readings@green_read         cstackCOMRAM 000013
collect_avg_readings@i                  cstackCOMRAM 000019
collect_avg_readings@i_1656             cstackCOMRAM 00001B
collect_avg_readings@i_1657             cstackCOMRAM 00001D
collect_avg_readings@i_1658             cstackCOMRAM 00001F
collect_avg_readings@i_1659             cstackCOMRAM 000021
collect_avg_readings@red_read           cstackCOMRAM 000011
color_read_Blue@tmp                     cstackCOMRAM 00000D
color_read_Clear@tmp                    cstackCOMRAM 00000D
color_read_Green@tmp                    cstackCOMRAM 00000D
color_read_Red@tmp                      cstackCOMRAM 00000D
color_writetoaddr@address               cstackCOMRAM 000007
color_writetoaddr@value                 cstackCOMRAM 000006
determine_card@current_smallest         cstackCOMRAM 00000A
determine_card@i                        cstackCOMRAM 00000D
determine_card@master_closeness         cstackCOMRAM 000004
determine_card@predicted_colour         cstackCOMRAM 00000C
dtoa@d                                  cstackCOMRAM 000021
dtoa@fp                                 cstackCOMRAM 00001F
dtoa@i                                  cstackCOMRAM 00003F
dtoa@n                                  cstackCOMRAM 000037
dtoa@p                                  cstackCOMRAM 000033
dtoa@s                                  cstackCOMRAM 000041
dtoa@w                                  cstackCOMRAM 000035
end_of_initialization                   cinit        0038EE
fputc@c                                 cstackCOMRAM 000004
fputc@fp                                cstackCOMRAM 000006
fputs@c                                 cstackCOMRAM 000011
fputs@fp                                cstackCOMRAM 00000F
fputs@i                                 cstackCOMRAM 000012
fputs@s                                 cstackCOMRAM 00000D
fullSpeedAhead@i                        cstackCOMRAM 00001C
fullSpeedAhead@mL                       cstackCOMRAM 000017
fullSpeedAhead@mR                       cstackCOMRAM 000019
home_response@card                      cstackCOMRAM 000025
home_response@mL                        cstackCOMRAM 00001F
home_response@mR                        cstackCOMRAM 000021
int$flags                               temp         00005B
intlevel0                               text         000000
intlevel1                               text         000000
intlevel2                               text         000000
intlevel3                               text         000000
isa$std                                 (abs)        000001
isa$xinst                               (abs)        000000
main@CardCount                          cstackBANK1  0001F1
main@PWMcycle                           cstackBANK0  0000CA
main@ReturnHomeArray                    cstackBANK2  000296
main@TimerCount                         cstackBANK1  0001EF
main@blue_read                          cstackBANK1  0001F7
main@buf                                cstackBANK2  000200
main@card                               cstackBANK0  0000CB
main@clear_read                         cstackBANK1  0001F9
main@clear_read_check                   cstackBANK0  0000CC
main@expected_values                    cstackBANK1  0001A7
main@green_read                         cstackBANK1  0001F5
main@i                                  cstackBANK0  0000CE
main@motorL                             cstackBANK2  0002D2
main@motorR                             cstackBANK2  0002DB
main@red_read                           cstackBANK1  0001F3
make_master_closeness@buf               cstackCOMRAM 000004
make_master_closeness@i                 cstackCOMRAM 000028
make_master_closeness@master_closeness  cstackCOMRAM 000008
make_master_closeness@normalised_values cstackCOMRAM 000006
motor_response@ReturnHomeArray          cstackBANK0  000088
motor_response@buf                      cstackBANK0  000081
motor_response@card                     cstackBANK0  000083
motor_response@i                        cstackBANK0  0000C6
motor_response@j                        cstackBANK0  0000C4
motor_response@mL                       cstackBANK0  000084
motor_response@mR                       cstackBANK0  000086
normalise_readings@blue_read            cstackCOMRAM 000022
normalise_readings@buf                  cstackCOMRAM 00001A
normalise_readings@clear_read           cstackCOMRAM 00001C
normalise_readings@difference           cstackCOMRAM 000030
normalise_readings@expected_values      cstackCOMRAM 000024
normalise_readings@green_read           cstackCOMRAM 000020
normalise_readings@i                    cstackCOMRAM 000032
normalise_readings@normalised_values    cstackCOMRAM 000026
normalise_readings@red_read             cstackCOMRAM 00001E
pad@buf                                 cstackCOMRAM 000016
pad@fp                                  cstackCOMRAM 000014
pad@i                                   cstackCOMRAM 00001B
pad@p                                   cstackCOMRAM 000018
pad@w                                   cstackCOMRAM 00001D
reverseFullSpeed@i                      cstackCOMRAM 00001C
reverseFullSpeed@mL                     cstackCOMRAM 000017
reverseFullSpeed@mR                     cstackCOMRAM 000019
sendCharSerial4@charToSend              cstackCOMRAM 000004
sendStringSerial4@string                cstackCOMRAM 000005
setMotorPWM@m                           cstackCOMRAM 000011
setMotorPWM@negDuty                     cstackCOMRAM 000016
setMotorPWM@posDuty                     cstackCOMRAM 000015
sprintf@ap                              cstackBANK0  000074
sprintf@f                               cstackBANK0  000076
sprintf@fmt                             cstackBANK0  000068
sprintf@s                               cstackBANK0  000066
stackhi                                 (abs)        000000
stacklo                                 (abs)        000000
start                                   init         00005C
start_initialization                    cinit        0038D0
stop@mL                                 cstackCOMRAM 000017
stop@mR                                 cstackCOMRAM 000019
ttemp5                                  temp         00005C
ttemp6                                  temp         00005F
ttemp7                                  temp         000063
turnLeft45@i                            cstackCOMRAM 00001D
turnLeft45@mL                           cstackCOMRAM 000017
turnLeft45@mR                           cstackCOMRAM 000019
turnRight45@i                           cstackCOMRAM 00001D
turnRight45@mL                          cstackCOMRAM 000017
turnRight45@mR                          cstackCOMRAM 000019
vfpfcnvrt@ap                            cstackCOMRAM 000046
vfpfcnvrt@convarg                       cstackCOMRAM 00004A
vfpfcnvrt@cp                            cstackCOMRAM 000052
vfpfcnvrt@fmt                           cstackCOMRAM 000044
vfpfcnvrt@fp                            cstackCOMRAM 000042
vfprintf@ap                             cstackBANK0  000064
vfprintf@cfmt                           cstackCOMRAM 000054
vfprintf@fmt                            cstackBANK0  000062
vfprintf@fp                             cstackBANK0  000060
wtemp8                                  temp         00005C


MODULE INFORMATION

Module		Function		Class		Link	Load	Size
C:\Program Files\Microchip\xc8\v2.40\pic\sources\c99\common\nf_fputc.c
		_fputc         		CODE           	2F28	0000	202

C:\Program Files\Microchip\xc8\v2.40\pic\sources\c99\common\nf_fputc.c estimated size: 202

serial.c
		_sendStringSerial4		CODE           	3822	0000	48
		_sendCharSerial4		CODE           	3986	0000	24
		_initUSART4    		CODE           	3946	0000	32

serial.c estimated size: 104

C:\Program Files\Microchip\xc8\v2.40\pic\sources\c99\common\nf_sprintf.c
		_sprintf       		CODE           	3596	0000	82

C:\Program Files\Microchip\xc8\v2.40\pic\sources\c99\common\nf_sprintf.c estimated size: 82

C:\Program Files\Microchip\xc8\v2.40\pic\sources\c99\common\lwdiv.c
		___lwdiv       		CODE           	346A	0000	116

C:\Program Files\Microchip\xc8\v2.40\pic\sources\c99\common\lwdiv.c estimated size: 116

color.c
		_color_writetoaddr		CODE           	3966	0000	32
		_color_click_init		CODE           	37EE	0000	52
		_color_read_Green		CODE           	3638	0000	80
		_color_read_Clear		CODE           	3688	0000	80
		_color_read_Red		CODE           	35E8	0000	80
		_color_read_Blue		CODE           	36D8	0000	80

color.c estimated size: 404

C:\Program Files\Microchip\xc8\v2.40\pic\sources\c99\common\Umul16.c
		___wmul        		CODE           	3920	0000	38

C:\Program Files\Microchip\xc8\v2.40\pic\sources\c99\common\Umul16.c estimated size: 38

dc_motor.c
		_fullSpeedAhead		CODE           	31D6	0000	140
		_turnLeft45    		CODE           	309E	0000	172
		_stop          		CODE           	32EA	0000	134
		_initDCmotorsPWM		CODE           	3262	0000	136
		_turnRight45   		CODE           	2FF2	0000	172
		_setMotorPWM   		CODE           	28D4	0000	364
		_reverseFullSpeed		CODE           	314A	0000	140

dc_motor.c estimated size: 1258

interrupts.c
		_LowISR        		CODE           	0018	0000	68
		_Interrupts_init		CODE           	38A6	0000	42

interrupts.c estimated size: 110

C:\Program Files\Microchip\xc8\v2.40\pic\sources\c99\common\abs.c
		_abs           		CODE           	37AE	0000	64

C:\Program Files\Microchip\xc8\v2.40\pic\sources\c99\common\abs.c estimated size: 64

i2c.c
		_I2C_2_Master_Start		CODE           	39B4	0000	10
		_I2C_2_Master_Read		CODE           	376C	0000	66
		_I2C_2_Master_Idle		CODE           	38F8	0000	40
		_I2C_2_Master_Init		CODE           	3852	0000	42
		_I2C_2_Master_Stop		CODE           	39AA	0000	10
		_I2C_2_Master_RepStart		CODE           	39BE	0000	10
		_I2C_2_Master_Write		CODE           	399E	0000	12

i2c.c estimated size: 190

LEDsOn.c
		_LEDSon_init   		CODE           	387C	0000	42

LEDsOn.c estimated size: 42

C:\Program Files\Microchip\xc8\v2.40\pic\sources\c99\common\nf_fputs.c
		_fputs         		CODE           	3728	0000	68

C:\Program Files\Microchip\xc8\v2.40\pic\sources\c99\common\nf_fputs.c estimated size: 68

C:\Program Files\Microchip\xc8\v2.40\pic\sources\c99\common\aomod.c
		___aomod       		CODE           	2A40	0000	356

C:\Program Files\Microchip\xc8\v2.40\pic\sources\c99\common\aomod.c estimated size: 356

shared
		__initialization		CODE           	38D0	0000	30

shared estimated size: 30

C:\Program Files\Microchip\xc8\v2.40\pic\sources\c99\common\lwmod.c
		___lwmod       		CODE           	34DE	0000	100

C:\Program Files\Microchip\xc8\v2.40\pic\sources\c99\common\lwmod.c estimated size: 100

C:\Program Files\Microchip\xc8\v2.40\pic\sources\c99\common\putch.c
		_putch         		CODE           	39C8	0000	2

C:\Program Files\Microchip\xc8\v2.40\pic\sources\c99\common\putch.c estimated size: 2

C:\Program Files\Microchip\xc8\v2.40\pic\sources\c99\common\doprnt.c
		_vfpfcnvrt     		CODE           	2BA4	0000	350
		_pad           		CODE           	33F0	0000	122
		_dtoa          		CODE           	20E6	0000	638
		_vfprintf      		CODE           	3542	0000	84

C:\Program Files\Microchip\xc8\v2.40\pic\sources\c99\common\doprnt.c estimated size: 1194

colour_identify.c
		_home_response 		CODE           	1A54	0000	942
		_motor_response		CODE           	0EFA	0000	1512
		_clear_read_calibration		CODE           	2D02	0000	282
		_collect_avg_readings		CODE           	2364	0000	634
		_determine_card		CODE           	3370	0000	128
		_normalise_readings		CODE           	1E02	0000	740
		_make_master_closeness		CODE           	2E1C	0000	268
		_card_response 		CODE           	2766	0000	366

colour_identify.c estimated size: 4872

main.c
		_main          		CODE           	14E2	0000	1394

main.c estimated size: 1394

C:\Program Files\Microchip\xc8\v2.40\pic\sources\c99\common\aodiv.c
		___aodiv       		CODE           	25DE	0000	392

C:\Program Files\Microchip\xc8\v2.40\pic\sources\c99\common\aodiv.c estimated size: 392

