Microchip MPLAB XC8 Compiler V2.40

Linker command line:

-W-3 \
  --edf=C:\Program Files\Microchip\xc8\v2.40\pic\dat\20220703182018_en.msgs \
  -cn \
  -h+dist/default/production\final-project-darciea-matti.X.production.sym \
  --cmf=dist/default/production\final-project-darciea-matti.X.production.cmf \
  -z -Q18F67K40 -oC:\Users\Matti\AppData\Local\Temp\xcAsm8c.4 \
  --defsym=__MPLAB_BUILD=1 --fixupoverflow=error \
  -Mdist/default/production/final-project-darciea-matti.X.production.map \
  --md=C:\Users\Matti\AppData\Local\Temp\xcAsm8c.dat -E1 -ver=XC8 Compiler \
  --acfsm=1493 -ACODE=00h-01FFFFh -ACONST=00h-01FFFFh \
  -ASMALLCONST=0E00h-0EFFhx498 -AMEDIUMCONST=0E00h-0FFFFh,010E00h-01FFFFh \
  -ACOMRAM=01h-05Fh -AABS1=00h-0DE9h -ABIGRAM=01h-0DE9h \
  -ARAM=060h-0FFh,0100h-01FFhx12,0D00h-0DE9h -ABANK0=060h-0FFh \
  -ABANK1=0100h-01FFh -ABANK2=0200h-02FFh -ABANK3=0300h-03FFh \
  -ABANK4=0400h-04FFh -ABANK5=0500h-05FFh -ABANK6=0600h-06FFh \
  -ABANK7=0700h-07FFh -ABANK8=0800h-08FFh -ABANK9=0900h-09FFh \
  -ABANK10=0A00h-0AFFh -ABANK11=0B00h-0BFFh -ABANK12=0C00h-0CFFh \
  -ABANK13=0D00h-0DE9h \
  -ASFR=0DEFh-0DFFh,0E00h-0EFFh,0F00h-0F5Fh,0F60h-0FFFh \
  -ABIGSFR=0DEFh-0FFFh -ACONFIG=0300000h-030000Bh -AIDLOC=0200000h-020000Fh \
  -AEEDATA=0310000h-03103FFh -peeprom_data=EEDATA \
  -preset_vec=00h,intcode=08h,intcodelo,powerup,init -pramtop=0E00h \
  -psmallconst=SMALLCONST -pmediumconst=MEDIUMCONST -pconst=CONST \
  -AFARRAM=00h-00h \
  -prdata=COMRAM,nvrram=COMRAM,nvbit=COMRAM,rbss=COMRAM,rbit=COMRAM \
  -pfarbss=FARRAM,fardata=FARRAM,nvFARRAM=FARRAM \
  -pintsave_regs=BIGRAM,bigbss=BIGRAM,bigdata=BIGRAM -pbss=RAM \
  -pidata=CODE,irdata=CODE,ibigdata=CODE,ifardata=CODE -prparam=COMRAM \
  C:\Users\Matti\AppData\Local\Temp\xcAsm8c.o \
  dist/default/production\final-project-darciea-matti.X.production.o 

Object code version is 3.11

Machine type is 18F67K40



                Name                               Link     Load   Length Selector   Space Scale
C:\Users\Matti\AppData\Local\Temp\xcAsm8c.o
                idloc                            200000   200000       10        0       5
                config                           300000   300000        C        0       4
                init                                 5A       5A        4        4       0
                reset_vec                             0        0        4        0       0
dist/default/production\final-project-darciea-matti.X.production.o
                intcode                               8        8       52        4       0
                idloc                            200000   200000       10        0       5
                config                           300000   300000        C        0       4
                temp                                 5B       5B        1        1       1
                smallconst                          E00      E00       18      700       0
                text42                             1E60     1E60       28      70C       0
                text41                             1FB6     1FB6        A      70C       0
                text40                             1FAC     1FAC        A      70C       0
                text39                             1F82     1F82        C      70C       0
                text38                             1F3E     1F3E       16      70C       0
                text36                             1E38     1E38       28      70C       0
                text35                             1FA2     1FA2        A      70C       0
                text34                             1F98     1F98        A      70C       0
                text33                             1F76     1F76        C      70C       0
                text32                             1F28     1F28       16      70C       0
                text31                             1EF0     1EF0       20      70C       0
                text30                             1F66     1F66       10      70C       0
                text29                             187A     187A       96      70C       0
                text28                             1DE0     1DE0       2E      70C       0
                text27                             1EAE     1EAE       22      70C       0
                text26                             1E0E     1E0E       2A      70C       0
                text25                             1D7C     1D7C       34      70C       0
                text24                             1CFA     1CFA       42      70C       0
                text23                             1F8E     1F8E        A      70C       0
                text22                             1C1C     1C1C       50      70C       0
                text21                             1BCC     1BCC       50      70C       0
                text20                             1B7C     1B7C       50      70C       0
                text19                             1B2C     1B2C       50      70C       0
                text18                             1910     1910       88      70C       0
                text17                             1ED0     1ED0       20      70C       0
                text16                             1F10     1F10       18      70C       0
                text15                             1DB0     1DB0       30      70C       0
                text14                             1A12     1A12       74      70C       0
                text13                             1E88     1E88       26      70C       0
                text12                             121E     121E      16C      70C       0
                text11                             1096     1096      188      70C       0
                text10                             14EE     14EE      164      70C       0
                text9                              1D3C     1D3C       40      70C       0
                text8                              1FC0     1FC0        2      70C       0
                text7                              17B0     17B0       CA      70C       0
                text6                              1CB6     1CB6       44      70C       0
                text5                              1998     1998       7A      70C       0
                text4                               E18      E18      27E      70C       0
                text3                              1652     1652      15E      70C       0
                text2                              1A86     1A86       54      70C       0
                text1                              1ADA     1ADA       52      70C       0
                text0                              138A     138A      164      70C       0
                cstackCOMRAM                          1        1       56        1       1
                cstackBANK0                          60       60       62       60       1
                bssBANK1                            100      100       5C      100       1
                dataBANK0                            DB       DB       12       60       1
                bssBANK0                             C2       C2       19       60       1
                bssCOMRAM                            57       57        4        1       1
                cinit                              1C6C     1C6C       4A      70C       0
                idataBANK0                         1F54     1F54       12      70C       0

TOTAL           Name                               Link     Load   Length     Space
        CLASS   CODE           
                intcode                               8        8       52         0
                init                                 5A       5A        4         0
                reset_vec                             0        0        4         0
                text42                             1E60     1E60       28         0
                text41                             1FB6     1FB6        A         0
                text40                             1FAC     1FAC        A         0
                text39                             1F82     1F82        C         0
                text38                             1F3E     1F3E       16         0
                text36                             1E38     1E38       28         0
                text35                             1FA2     1FA2        A         0
                text34                             1F98     1F98        A         0
                text33                             1F76     1F76        C         0
                text32                             1F28     1F28       16         0
                text31                             1EF0     1EF0       20         0
                text30                             1F66     1F66       10         0
                text29                             187A     187A       96         0
                text28                             1DE0     1DE0       2E         0
                text27                             1EAE     1EAE       22         0
                text26                             1E0E     1E0E       2A         0
                text25                             1D7C     1D7C       34         0
                text24                             1CFA     1CFA       42         0
                text23                             1F8E     1F8E        A         0
                text22                             1C1C     1C1C       50         0
                text21                             1BCC     1BCC       50         0
                text20                             1B7C     1B7C       50         0
                text19                             1B2C     1B2C       50         0
                text18                             1910     1910       88         0
                text17                             1ED0     1ED0       20         0
                text16                             1F10     1F10       18         0
                text15                             1DB0     1DB0       30         0
                text14                             1A12     1A12       74         0
                text13                             1E88     1E88       26         0
                text12                             121E     121E      16C         0
                text11                             1096     1096      188         0
                text10                             14EE     14EE      164         0
                text9                              1D3C     1D3C       40         0
                text8                              1FC0     1FC0        2         0
                text7                              17B0     17B0       CA         0
                text6                              1CB6     1CB6       44         0
                text5                              1998     1998       7A         0
                text4                               E18      E18      27E         0
                text3                              1652     1652      15E         0
                text2                              1A86     1A86       54         0
                text1                              1ADA     1ADA       52         0
                text0                              138A     138A      164         0
                cinit                              1C6C     1C6C       4A         0
                idataBANK0                         1F54     1F54       12         0

        CLASS   CONST          

        CLASS   SMALLCONST     
                smallconst                          E00      E00       18         0

        CLASS   MEDIUMCONST    

        CLASS   COMRAM         
                temp                                 5B       5B        1         1
                cstackCOMRAM                          1        1       56         1
                bssCOMRAM                            57       57        4         1

        CLASS   ABS1           

        CLASS   BIGRAM         

        CLASS   RAM            

        CLASS   BANK0          
                cstackBANK0                          60       60       62         1
                dataBANK0                            DB       DB       12         1
                bssBANK0                             C2       C2       19         1

        CLASS   BANK1          
                bssBANK1                            100      100       5C         1

        CLASS   BANK2          

        CLASS   BANK3          

        CLASS   BANK4          

        CLASS   BANK5          

        CLASS   BANK6          

        CLASS   BANK7          

        CLASS   BANK8          

        CLASS   BANK9          

        CLASS   BANK10         

        CLASS   BANK11         

        CLASS   BANK12         

        CLASS   BANK13         

        CLASS   SFR            

        CLASS   BIGSFR         

        CLASS   CONFIG         
                config                           300000   300000        C         4

        CLASS   IDLOC          
                idloc                            200000   200000       10         5

        CLASS   EEDATA         

        CLASS   FARRAM         

        CLASS   HEAP           

        CLASS   STACK          



SEGMENTS        Name                           Load    Length   Top    Selector   Space  Class

                reset_vec                      000000  000004  000004         0       0  CODE    
                cstackCOMRAM                   000001  00005B  00005C         1       1  COMRAM  
                intcode                        000008  000056  00005E         4       0  CODE    
                cstackBANK0                    000060  00008D  0000ED        60       1  BANK0   
                bssBANK1                       000100  00005C  00015C       100       1  BANK1   
                smallconst                     000E00  000018  000E18       700       0  SMALLCON
                text4                          000E18  0011AA  001FC2       70C       0  CODE    


UNUSED ADDRESS RANGES

        Name                Unused          Largest block    Delta
        BANK0            0000ED-0000FF               13
        BANK1            00015C-0001FF               A4
        BANK10           000A00-000AFF              100
        BANK11           000B00-000BFF              100
        BANK12           000C00-000CFF              100
        BANK13           000D00-000DE9               EA
        BANK2            000200-0002FF              100
        BANK3            000300-0003FF              100
        BANK4            000400-0004FF              100
        BANK5            000500-0005FF              100
        BANK6            000600-0006FF              100
        BANK7            000700-0007FF              100
        BANK8            000800-0008FF              100
        BANK9            000900-0009FF              100
        BIGRAM           00005C-00005F                4
                         0000ED-0000FF               13
                         00015C-000DE9              C8E
        BIGSFR           000DEF-000FFF              211
        CODE             000004-000007                4
                         00005E-000DFF              DA2
                         001FC2-01FFFF            1E03E
        COMRAM           00005C-00005F                4
        CONST            000004-000007                4
                         00005E-000DFF              DA2
                         001FC2-01FFFF            1E03E
        EEDATA           310000-3103FF              400
        MEDIUMCONST      001FC2-00FFFF             E03E
                         010E00-01FFFF             F200
        RAM              0000ED-0000FF               13
                         00015C-000DE9              100
        SFR              000DEF-000FFF              100
        SMALLCONST       001FC2-01FFFF              100

                                  Symbol Table

?___aodiv                           cstackCOMRAM 000005
?___aomod                           cstackCOMRAM 000005
?___lwdiv                           cstackCOMRAM 00000B
?___wmul                            cstackCOMRAM 000005
?_abs                               cstackCOMRAM 000017
?_color_read_Blue                   cstackCOMRAM 000009
?_color_read_Clear                  cstackCOMRAM 000009
?_color_read_Green                  cstackCOMRAM 000009
?_color_read_Red                    cstackCOMRAM 000009
?_sprintf                           cstackBANK0  000066
?_vfprintf                          cstackBANK0  000060
I2C_2_Master_Read@ack               cstackCOMRAM 000007
I2C_2_Master_Read@tmp               cstackCOMRAM 000008
I2C_2_Master_Write@data_byte        cstackCOMRAM 000006
_ANSELBbits                         (abs)        000E9A
_ANSELDbits                         (abs)        000EA7
_BAUD4CONbits                       (abs)        000EE9
_CCP1CONbits                        (abs)        000FAB
_CCP2CONbits                        (abs)        000FA7
_CCP3CONbits                        (abs)        000F26
_CCP4CONbits                        (abs)        000F22
_CCPR1H                             (abs)        000FAA
_CCPR2H                             (abs)        000FA6
_CCPR3H                             (abs)        000F25
_CCPR4H                             (abs)        000F21
_CCPTMRS0bits                       (abs)        000FAD
_EUSART4RXbuf                       bssBANK0     0000C2
_EUSART4TXbuf                       bssBANK1     000100
_HighISR                            intcode      000008
_I2C_2_Master_Idle                  text36       001E38
_I2C_2_Master_Init                  text26       001E0E
_I2C_2_Master_Read                  text24       001CFA
_I2C_2_Master_RepStart              text23       001F8E
_I2C_2_Master_Start                 text35       001FA2
_I2C_2_Master_Stop                  text34       001F98
_I2C_2_Master_Write                 text33       001F76
_INT1PPS                            (abs)        000DF1
_INTCONbits                         (abs)        000FF2
_IPR0bits                           (abs)        000E1F
_Interrupts_init                    text28       001DE0
_LATAbits                           (abs)        000F79
_LATDbits                           (abs)        000F7C
_LATFbits                           (abs)        000F7E
_LATGbits                           (abs)        000F7F
_LATHbits                           (abs)        000F80
_LEDSon_init                        text27       001EAE
_PIE0bits                           (abs)        000E29
_PIE4bits                           (abs)        000E2D
_PIR0bits                           (abs)        000E33
_PIR4bits                           (abs)        000E37
_PORTFbits                          (abs)        000F8E
_RC0PPS                             (abs)        000E62
_RC4REG                             (abs)        000EE3
_RC4STAbits                         (abs)        000EE7
_RC7PPS                             (abs)        000E69
_RD5PPS                             (abs)        000E6F
_RD6PPS                             (abs)        000E70
_RE2PPS                             (abs)        000E74
_RE4PPS                             (abs)        000E76
_RG6PPS                             (abs)        000E88
_RX4PPS                             (abs)        000E15
_RxBufReadCnt                       bssCOMRAM    000059
_RxBufWriteCnt                      bssCOMRAM    00005A
_SP4BRGH                            (abs)        000EE6
_SP4BRGL                            (abs)        000EE5
_SSP2ADD                            (abs)        000ED6
_SSP2BUF                            (abs)        000ED5
_SSP2CLKPPS                         (abs)        000E1C
_SSP2CON1bits                       (abs)        000ED9
_SSP2CON2                           (abs)        000EDA
_SSP2CON2bits                       (abs)        000EDA
_SSP2DATPPS                         (abs)        000E1D
_SSP2STAT                           (abs)        000ED8
_T2CLKCONbits                       (abs)        000FBF
_T2CONbits                          (abs)        000FBD
_T2HLTbits                          (abs)        000FBE
_T2PR                               (abs)        000FBC
_TRISAbits                          (abs)        000F81
_TRISBbits                          (abs)        000F82
_TRISCbits                          (abs)        000F83
_TRISDbits                          (abs)        000F84
_TRISEbits                          (abs)        000F85
_TRISFbits                          (abs)        000F86
_TRISGbits                          (abs)        000F87
_TRISHbits                          (abs)        000F88
_TX4REG                             (abs)        000EE4
_TX4STAbits                         (abs)        000EE8
_TxBufReadCnt                       bssCOMRAM    000057
_TxBufWriteCnt                      bssCOMRAM    000058
__HRAM                              (abs)        000000
__Habs1                             abs1         000000
__Hbank0                            bank0        000000
__Hbank1                            bank1        000000
__Hbank10                           bank10       000000
__Hbank11                           bank11       000000
__Hbank12                           bank12       000000
__Hbank13                           bank13       000000
__Hbank2                            bank2        000000
__Hbank3                            bank3        000000
__Hbank4                            bank4        000000
__Hbank5                            bank5        000000
__Hbank6                            bank6        000000
__Hbank7                            bank7        000000
__Hbank8                            bank8        000000
__Hbank9                            bank9        000000
__Hbigbss                           bigbss       000000
__Hbigdata                          bigdata      000000
__Hbigram                           bigram       000000
__Hbigsfr                           bigsfr       000000
__Hbss                              bss          000000
__HbssBANK0                         bssBANK0     000000
__HbssBANK1                         bssBANK1     000000
__HbssCOMRAM                        bssCOMRAM    000000
__Hcinit                            cinit        000000
__Hclrtext                          clrtext      000000
__Hcomram                           comram       000000
__Hconfig                           config       30000C
__Hconst                            const        000000
__HcstackBANK0                      cstackBANK0  000000
__HcstackCOMRAM                     cstackCOMRAM 000000
__Hdata                             data         000000
__HdataBANK0                        dataBANK0    000000
__Heeprom_data                      eeprom_data  000000
__Hfarbss                           farbss       000000
__Hfardata                          fardata      000000
__Hheap                             heap         000000
__Hibigdata                         ibigdata     000000
__Hidata                            idata        000000
__HidataBANK0                       idataBANK0   000000
__Hidloc                            idloc        200010
__Hifardata                         ifardata     000000
__Hinit                             init         00005E
__Hintcode                          intcode      00005A
__Hintcode_body                     intcode_body 000000
__Hintcodelo                        intcodelo    00005A
__Hintentry                         intentry     000000
__Hintret                           intret       000000
__Hintsave_regs                     intsave_regs 000000
__Hirdata                           irdata       000000
__Hmediumconst                      mediumconst  000000
__HnvFARRAM                         nvFARRAM     000000
__Hnvbit                            nvbit        000000
__Hnvrram                           nvrram       000000
__Hparam                            rparam       000000
__Hpowerup                          powerup      00005A
__Hram                              ram          000000
__Hramtop                           ramtop       000E00
__Hrbit                             rbit         000000
__Hrbss                             rbss         000000
__Hrdata                            rdata        000000
__Hreset_vec                        reset_vec    000004
__Hrparam                           rparam       000000
__Hsfr                              sfr          000000
__Hsmallconst                       smallconst   000E18
__Hspace_0                          (abs)        001FC2
__Hspace_1                          (abs)        00015C
__Hspace_2                          (abs)        000000
__Hspace_4                          (abs)        60000C
__Hstack                            stack        000000
__Hstruct                           struct       000000
__Htemp                             temp         00005C
__Htext                             text         000000
__Htext0                            text0        000000
__Htext1                            text1        000000
__Htext10                           text10       000000
__Htext11                           text11       000000
__Htext12                           text12       000000
__Htext13                           text13       000000
__Htext14                           text14       000000
__Htext15                           text15       000000
__Htext16                           text16       000000
__Htext17                           text17       000000
__Htext18                           text18       000000
__Htext19                           text19       000000
__Htext2                            text2        000000
__Htext20                           text20       000000
__Htext21                           text21       000000
__Htext22                           text22       000000
__Htext23                           text23       000000
__Htext24                           text24       000000
__Htext25                           text25       000000
__Htext26                           text26       000000
__Htext27                           text27       000000
__Htext28                           text28       000000
__Htext29                           text29       000000
__Htext3                            text3        000000
__Htext30                           text30       000000
__Htext31                           text31       000000
__Htext32                           text32       000000
__Htext33                           text33       000000
__Htext34                           text34       000000
__Htext35                           text35       000000
__Htext36                           text36       000000
__Htext38                           text38       000000
__Htext39                           text39       000000
__Htext4                            text4        000000
__Htext40                           text40       000000
__Htext41                           text41       000000
__Htext42                           text42       000000
__Htext5                            text5        000000
__Htext6                            text6        000000
__Htext7                            text7        000000
__Htext8                            text8        000000
__Htext9                            text9        000000
__LRAM                              (abs)        000001
__Labs1                             abs1         000000
__Lbank0                            bank0        000000
__Lbank1                            bank1        000000
__Lbank10                           bank10       000000
__Lbank11                           bank11       000000
__Lbank12                           bank12       000000
__Lbank13                           bank13       000000
__Lbank2                            bank2        000000
__Lbank3                            bank3        000000
__Lbank4                            bank4        000000
__Lbank5                            bank5        000000
__Lbank6                            bank6        000000
__Lbank7                            bank7        000000
__Lbank8                            bank8        000000
__Lbank9                            bank9        000000
__Lbigbss                           bigbss       000000
__Lbigdata                          bigdata      000000
__Lbigram                           bigram       000000
__Lbigsfr                           bigsfr       000000
__Lbss                              bss          000000
__LbssBANK0                         bssBANK0     000000
__LbssBANK1                         bssBANK1     000000
__LbssCOMRAM                        bssCOMRAM    000000
__Lcinit                            cinit        000000
__Lclrtext                          clrtext      000000
__Lcomram                           comram       000000
__Lconfig                           config       000000
__Lconst                            const        000000
__LcstackBANK0                      cstackBANK0  000000
__LcstackCOMRAM                     cstackCOMRAM 000000
__Ldata                             data         000000
__LdataBANK0                        dataBANK0    000000
__Leeprom_data                      eeprom_data  000000
__Lfarbss                           farbss       000000
__Lfardata                          fardata      000000
__Lheap                             heap         000000
__Libigdata                         ibigdata     000000
__Lidata                            idata        000000
__LidataBANK0                       idataBANK0   000000
__Lidloc                            idloc        000000
__Lifardata                         ifardata     000000
__Linit                             init         00005A
__Lintcode                          intcode      000008
__Lintcode_body                     intcode_body 000000
__Lintcodelo                        intcodelo    00005A
__Lintentry                         intentry     000000
__Lintret                           intret       000000
__Lintsave_regs                     intsave_regs 000000
__Lirdata                           irdata       000000
__Lmediumconst                      mediumconst  000000
__LnvFARRAM                         nvFARRAM     000000
__Lnvbit                            nvbit        000000
__Lnvrram                           nvrram       000000
__Lparam                            rparam       000000
__Lpowerup                          powerup      00005A
__Lram                              ram          000000
__Lramtop                           ramtop       000E00
__Lrbit                             rbit         000000
__Lrbss                             rbss         000000
__Lrdata                            rdata        000000
__Lreset_vec                        reset_vec    000000
__Lrparam                           rparam       000000
__Lsfr                              sfr          000000
__Lsmallconst                       smallconst   000E00
__Lspace_0                          (abs)        000000
__Lspace_1                          (abs)        000000
__Lspace_2                          (abs)        000000
__Lspace_4                          (abs)        000000
__Lstack                            stack        000000
__Lstruct                           struct       000000
__Ltemp                             temp         00005B
__Ltext                             text         000000
__Ltext0                            text0        000000
__Ltext1                            text1        000000
__Ltext10                           text10       000000
__Ltext11                           text11       000000
__Ltext12                           text12       000000
__Ltext13                           text13       000000
__Ltext14                           text14       000000
__Ltext15                           text15       000000
__Ltext16                           text16       000000
__Ltext17                           text17       000000
__Ltext18                           text18       000000
__Ltext19                           text19       000000
__Ltext2                            text2        000000
__Ltext20                           text20       000000
__Ltext21                           text21       000000
__Ltext22                           text22       000000
__Ltext23                           text23       000000
__Ltext24                           text24       000000
__Ltext25                           text25       000000
__Ltext26                           text26       000000
__Ltext27                           text27       000000
__Ltext28                           text28       000000
__Ltext29                           text29       000000
__Ltext3                            text3        000000
__Ltext30                           text30       000000
__Ltext31                           text31       000000
__Ltext32                           text32       000000
__Ltext33                           text33       000000
__Ltext34                           text34       000000
__Ltext35                           text35       000000
__Ltext36                           text36       000000
__Ltext38                           text38       000000
__Ltext39                           text39       000000
__Ltext4                            text4        000000
__Ltext40                           text40       000000
__Ltext41                           text41       000000
__Ltext42                           text42       000000
__Ltext5                            text5        000000
__Ltext6                            text6        000000
__Ltext7                            text7        000000
__Ltext8                            text8        000000
__Ltext9                            text9        000000
__S0                                (abs)        001FC2
__S1                                (abs)        00015C
__S4                                (abs)        000000
__S5                                (abs)        000000
___aodiv                            text11       001096
___aodiv@counter                    cstackCOMRAM 000015
___aodiv@dividend                   cstackCOMRAM 000005
___aodiv@divisor                    cstackCOMRAM 00000D
___aodiv@quotient                   cstackCOMRAM 000017
___aodiv@sign                       cstackCOMRAM 000016
___aomod                            text10       0014EE
___aomod@counter                    cstackCOMRAM 000015
___aomod@dividend                   cstackCOMRAM 000005
___aomod@divisor                    cstackCOMRAM 00000D
___aomod@sign                       cstackCOMRAM 000016
___heap_hi                          (abs)        000000
___heap_lo                          (abs)        000000
___inthi_sp                         stack        000000
___intlo_sp                         stack        000000
___lwdiv                            text14       001A12
___lwdiv@counter                    cstackCOMRAM 000011
___lwdiv@dividend                   cstackCOMRAM 00000B
___lwdiv@divisor                    cstackCOMRAM 00000D
___lwdiv@quotient                   cstackCOMRAM 00000F
___param_bank                       (abs)        000000
___rparam_used                      (abs)        000001
___sp                               stack        000000
___wmul                             text13       001E88
___wmul@multiplicand                cstackCOMRAM 000007
___wmul@multiplier                  cstackCOMRAM 000005
___wmul@product                     cstackCOMRAM 000009
__accesstop                         (abs)        000060
__activetblptr                      (abs)        000003
__end_of_HighISR                    intcode      00005A
__end_of_I2C_2_Master_Idle          text36       001E60
__end_of_I2C_2_Master_Init          text26       001E38
__end_of_I2C_2_Master_Read          text24       001D3C
__end_of_I2C_2_Master_RepStart      text23       001F98
__end_of_I2C_2_Master_Start         text35       001FAC
__end_of_I2C_2_Master_Stop          text34       001FA2
__end_of_I2C_2_Master_Write         text33       001F82
__end_of_Interrupts_init            text28       001E0E
__end_of_LEDSon_init                text27       001ED0
__end_of___aodiv                    text11       00121E
__end_of___aomod                    text10       001652
__end_of___lwdiv                    text14       001A86
__end_of___wmul                     text13       001EAE
__end_of__initialization            cinit        001CAC
__end_of_abs                        text9        001D7C
__end_of_clear_interrupt_flag       text32       001F3E
__end_of_color_click_init           text25       001DB0
__end_of_color_read_Blue            text22       001C6C
__end_of_color_read_Clear           text21       001C1C
__end_of_color_read_Green           text20       001BCC
__end_of_color_read_Red             text19       001B7C
__end_of_color_writetoaddr          text31       001F10
__end_of_dtoa                       text4        001096
__end_of_enable_color_interrupt     text30       001F76
__end_of_fputc                      text7        00187A
__end_of_fputs                      text6        001CFA
__end_of_initDCmotorsPWM            text18       001998
__end_of_initUSART4                 text17       001EF0
__end_of_main                       text0        0014EE
__end_of_pad                        text5        001A12
__end_of_putch                      text8        001FC2
__end_of_sendCharSerial4            text16       001F28
__end_of_sendStringSerial4          text15       001DE0
__end_of_setMotorPWM                text12       00138A
__end_of_set_interrupt_threshold    text29       001910
__end_of_sprintf                    text1        001B2C
__end_of_vfpfcnvrt                  text3        0017B0
__end_of_vfprintf                   text2        001ADA
__end_ofi2_I2C_2_Master_Idle        text42       001E88
__end_ofi2_I2C_2_Master_Start       text41       001FC0
__end_ofi2_I2C_2_Master_Stop        text40       001FB6
__end_ofi2_I2C_2_Master_Write       text39       001F8E
__end_ofi2_clear_interrupt_flag     text38       001F54
__initialization                    cinit        001C6C
__mediumconst                       mediumconst  000000
__pbssBANK0                         bssBANK0     0000C2
__pbssBANK1                         bssBANK1     000100
__pbssCOMRAM                        bssCOMRAM    000057
__pcinit                            cinit        001C6C
__pcstackBANK0                      cstackBANK0  000060
__pcstackCOMRAM                     cstackCOMRAM 000001
__pdataBANK0                        dataBANK0    0000DB
__pidataBANK0                       idataBANK0   001F54
__pintcode                          intcode      000008
__psmallconst                       smallconst   000E00
__ptext0                            text0        00138A
__ptext1                            text1        001ADA
__ptext10                           text10       0014EE
__ptext11                           text11       001096
__ptext12                           text12       00121E
__ptext13                           text13       001E88
__ptext14                           text14       001A12
__ptext15                           text15       001DB0
__ptext16                           text16       001F10
__ptext17                           text17       001ED0
__ptext18                           text18       001910
__ptext19                           text19       001B2C
__ptext2                            text2        001A86
__ptext20                           text20       001B7C
__ptext21                           text21       001BCC
__ptext22                           text22       001C1C
__ptext23                           text23       001F8E
__ptext24                           text24       001CFA
__ptext25                           text25       001D7C
__ptext26                           text26       001E0E
__ptext27                           text27       001EAE
__ptext28                           text28       001DE0
__ptext29                           text29       00187A
__ptext3                            text3        001652
__ptext30                           text30       001F66
__ptext31                           text31       001EF0
__ptext32                           text32       001F28
__ptext33                           text33       001F76
__ptext34                           text34       001F98
__ptext35                           text35       001FA2
__ptext36                           text36       001E38
__ptext38                           text38       001F3E
__ptext39                           text39       001F82
__ptext4                            text4        000E18
__ptext40                           text40       001FAC
__ptext41                           text41       001FB6
__ptext42                           text42       001E60
__ptext5                            text5        001998
__ptext6                            text6        001CB6
__ptext7                            text7        0017B0
__ptext8                            text8        001FC0
__ptext9                            text9        001D3C
__ramtop                            ramtop       000E00
__smallconst                        smallconst   000E00
_abs                                text9        001D3C
_clear_interrupt_flag               text32       001F28
_color_click_init                   text25       001D7C
_color_read_Blue                    text22       001C1C
_color_read_Clear                   text21       001BCC
_color_read_Green                   text20       001B7C
_color_read_Red                     text19       001B2C
_color_writetoaddr                  text31       001EF0
_dbuf                               bssBANK1     00013C
_dtoa                               text4        000E18
_dtoa$2470                          cstackCOMRAM 000032
_enable_color_interrupt             text30       001F66
_flags                              bssBANK0     0000DA
_fputc                              text7        0017B0
_fputs                              text6        001CB6
_initDCmotorsPWM                    text18       001910
_initUSART4                         text17       001ED0
_main                               text0        00138A
_pad                                text5        001998
_prec                               bssBANK0     0000D8
_putch                              text8        001FC0
_sendCharSerial4                    text16       001F10
_sendStringSerial4                  text15       001DB0
_setMotorPWM                        text12       00121E
_set_interrupt_threshold            text29       00187A
_set_interrupt_threshold$1949       cstackCOMRAM 00000B
_set_interrupt_threshold$1950       cstackCOMRAM 00000C
_set_interrupt_threshold$1951       cstackCOMRAM 00000D
_set_interrupt_threshold$1952       cstackCOMRAM 00000E
_sprintf                            text1        001ADA
_vfpfcnvrt                          text3        001652
_vfprintf                           text2        001A86
_width                              bssBANK0     0000D6
abs@a                               cstackCOMRAM 000017
btemp                               temp         00005B
color_read_Blue@tmp                 cstackCOMRAM 00000E
color_read_Clear@tmp                cstackCOMRAM 00000E
color_read_Green@tmp                cstackCOMRAM 00000E
color_read_Red@tmp                  cstackCOMRAM 00000E
color_writetoaddr@address           cstackCOMRAM 000008
color_writetoaddr@value             cstackCOMRAM 000007
dtoa@d                              cstackCOMRAM 000022
dtoa@fp                             cstackCOMRAM 000020
dtoa@i                              cstackCOMRAM 000041
dtoa@n                              cstackCOMRAM 000038
dtoa@p                              cstackCOMRAM 000034
dtoa@s                              cstackCOMRAM 000040
dtoa@w                              cstackCOMRAM 000036
end_of_initialization               cinit        001CAC
fputc@c                             cstackCOMRAM 000005
fputc@fp                            cstackCOMRAM 000007
fputs@c                             cstackCOMRAM 000012
fputs@fp                            cstackCOMRAM 000010
fputs@i                             cstackCOMRAM 000013
fputs@s                             cstackCOMRAM 00000E
i2I2C_2_Master_Write@data_byte      cstackCOMRAM 000002
i2_I2C_2_Master_Idle                text42       001E60
i2_I2C_2_Master_Start               text41       001FB6
i2_I2C_2_Master_Stop                text40       001FAC
i2_I2C_2_Master_Write               text39       001F82
i2_clear_interrupt_flag             text38       001F3E
int$flags                           temp         00005B
intlevel0                           text         000000
intlevel1                           text         000000
intlevel2                           text         000000
intlevel3                           text         000000
isa$std                             (abs)        000001
isa$xinst                           (abs)        000000
main@F14641                         dataBANK0    0000DB
main@PWMcycle                       cstackBANK0  0000AF
main@blue_read                      cstackBANK0  0000AB
main@buf                            cstackBANK0  000093
main@clear_read                     cstackBANK0  0000AD
main@expected_values                cstackBANK0  000081
main@green_read                     cstackBANK0  0000A9
main@motorL                         cstackBANK0  0000B0
main@motorR                         cstackBANK0  0000B9
main@red_read                       cstackBANK0  0000A7
pad@buf                             cstackCOMRAM 000017
pad@fp                              cstackCOMRAM 000015
pad@i                               cstackCOMRAM 00001C
pad@p                               cstackCOMRAM 000019
pad@w                               cstackCOMRAM 00001E
sendCharSerial4@charToSend          cstackCOMRAM 000005
sendStringSerial4@string            cstackCOMRAM 000006
setMotorPWM@m                       cstackCOMRAM 000012
setMotorPWM@negDuty                 cstackCOMRAM 000017
setMotorPWM@posDuty                 cstackCOMRAM 000016
set_interrupt_threshold@AIHT        cstackCOMRAM 000009
set_interrupt_threshold@AILT        cstackCOMRAM 00000F
set_interrupt_threshold@persistence cstackCOMRAM 00000A
sprintf@ap                          cstackBANK0  000072
sprintf@f                           cstackBANK0  000074
sprintf@fmt                         cstackBANK0  000068
sprintf@s                           cstackBANK0  000066
stackhi                             (abs)        000000
stacklo                             (abs)        000000
start                               init         00005A
start_initialization                cinit        001C6C
ttemp5                              temp         00005C
ttemp6                              temp         00005F
ttemp7                              temp         000063
vfpfcnvrt@ap                        cstackCOMRAM 000047
vfpfcnvrt@convarg                   cstackCOMRAM 00004B
vfpfcnvrt@cp                        cstackCOMRAM 000053
vfpfcnvrt@fmt                       cstackCOMRAM 000045
vfpfcnvrt@fp                        cstackCOMRAM 000043
vfprintf@ap                         cstackBANK0  000064
vfprintf@cfmt                       cstackCOMRAM 000055
vfprintf@fmt                        cstackBANK0  000062
vfprintf@fp                         cstackBANK0  000060
wtemp8                              temp         00005C


MODULE INFORMATION

Module		Function		Class		Link	Load	Size
C:\Program Files\Microchip\xc8\v2.40\pic\sources\c99\common\nf_fputc.c
		_fputc         		CODE           	17B0	0000	202

C:\Program Files\Microchip\xc8\v2.40\pic\sources\c99\common\nf_fputc.c estimated size: 202

serial.c
		_sendStringSerial4		CODE           	1DB0	0000	48
		_sendCharSerial4		CODE           	1F10	0000	24
		_initUSART4    		CODE           	1ED0	0000	32

serial.c estimated size: 104

C:\Program Files\Microchip\xc8\v2.40\pic\sources\c99\common\nf_sprintf.c
		_sprintf       		CODE           	1ADA	0000	82

C:\Program Files\Microchip\xc8\v2.40\pic\sources\c99\common\nf_sprintf.c estimated size: 82

C:\Program Files\Microchip\xc8\v2.40\pic\sources\c99\common\lwdiv.c
		___lwdiv       		CODE           	1A12	0000	116

C:\Program Files\Microchip\xc8\v2.40\pic\sources\c99\common\lwdiv.c estimated size: 116

color.c
		_color_writetoaddr		CODE           	1EF0	0000	32
		_color_click_init		CODE           	1D7C	0000	52
		_color_read_Green		CODE           	1B7C	0000	80
		_color_read_Clear		CODE           	1BCC	0000	80
		_color_read_Red		CODE           	1B2C	0000	80
		_color_read_Blue		CODE           	1C1C	0000	80

color.c estimated size: 404

C:\Program Files\Microchip\xc8\v2.40\pic\sources\c99\common\Umul16.c
		___wmul        		CODE           	1E88	0000	38

C:\Program Files\Microchip\xc8\v2.40\pic\sources\c99\common\Umul16.c estimated size: 38

dc_motor.c
		_initDCmotorsPWM		CODE           	1910	0000	136
		_setMotorPWM   		CODE           	121E	0000	364

dc_motor.c estimated size: 500

interrupts.c
		_clear_interrupt_flag		CODE           	1F28	0000	22
		_enable_color_interrupt		CODE           	1F66	0000	16
		_Interrupts_init		CODE           	1DE0	0000	46
		_set_interrupt_threshold		CODE           	187A	0000	150
		_HighISR       		CODE           	0008	0000	82

interrupts.c estimated size: 316

C:\Program Files\Microchip\xc8\v2.40\pic\sources\c99\common\abs.c
		_abs           		CODE           	1D3C	0000	64

C:\Program Files\Microchip\xc8\v2.40\pic\sources\c99\common\abs.c estimated size: 64

i2c.c
		_I2C_2_Master_Start		CODE           	1FA2	0000	10
		_I2C_2_Master_Read		CODE           	1CFA	0000	66
		_I2C_2_Master_Idle		CODE           	1E38	0000	40
		_I2C_2_Master_Init		CODE           	1E0E	0000	42
		_I2C_2_Master_Stop		CODE           	1F98	0000	10
		_I2C_2_Master_RepStart		CODE           	1F8E	0000	10
		_I2C_2_Master_Write		CODE           	1F76	0000	12

i2c.c estimated size: 190

LEDsOn.c
		_LEDSon_init   		CODE           	1EAE	0000	34

LEDsOn.c estimated size: 34

C:\Program Files\Microchip\xc8\v2.40\pic\sources\c99\common\nf_fputs.c
		_fputs         		CODE           	1CB6	0000	68

C:\Program Files\Microchip\xc8\v2.40\pic\sources\c99\common\nf_fputs.c estimated size: 68

C:\Program Files\Microchip\xc8\v2.40\pic\sources\c99\common\aomod.c
		___aomod       		CODE           	14EE	0000	356

C:\Program Files\Microchip\xc8\v2.40\pic\sources\c99\common\aomod.c estimated size: 356

shared
		i2_I2C_2_Master_Stop		CODE           	1FAC	0000	10
		i2_I2C_2_Master_Idle		CODE           	1E60	0000	40
		__initialization		CODE           	1C6C	0000	64
		i2_clear_interrupt_flag		CODE           	1F3E	0000	22
		i2_I2C_2_Master_Write		CODE           	1F82	0000	12
		i2_I2C_2_Master_Start		CODE           	1FB6	0000	10

shared estimated size: 158

C:\Program Files\Microchip\xc8\v2.40\pic\sources\c99\common\putch.c
		_putch         		CODE           	1FC0	0000	2

C:\Program Files\Microchip\xc8\v2.40\pic\sources\c99\common\putch.c estimated size: 2

C:\Program Files\Microchip\xc8\v2.40\pic\sources\c99\common\doprnt.c
		_vfpfcnvrt     		CODE           	1652	0000	350
		_pad           		CODE           	1998	0000	122
		_dtoa          		CODE           	0E18	0000	638
		_vfprintf      		CODE           	1A86	0000	84

C:\Program Files\Microchip\xc8\v2.40\pic\sources\c99\common\doprnt.c estimated size: 1194

main.c
		_main          		CODE           	138A	0000	356

main.c estimated size: 356

C:\Program Files\Microchip\xc8\v2.40\pic\sources\c99\common\aodiv.c
		___aodiv       		CODE           	1096	0000	392

C:\Program Files\Microchip\xc8\v2.40\pic\sources\c99\common\aodiv.c estimated size: 392

