Microchip MPLAB XC8 Compiler V2.40

Linker command line:

-W-3 \
  --edf=C:\Program Files\Microchip\xc8\v2.40\pic\dat\20220703182018_en.msgs \
  -cn \
  -h+dist/default/production\final-project-darciea-matti.X.production.sym \
  --cmf=dist/default/production\final-project-darciea-matti.X.production.cmf \
  -z -Q18F67K40 -oC:\Users\darci\AppData\Local\Temp\xcAsjh4.4 \
  --defsym=__MPLAB_BUILD=1 --fixupoverflow=error \
  -Mdist/default/production/final-project-darciea-matti.X.production.map \
  --md=C:\Users\darci\AppData\Local\Temp\xcAsjh4.dat -E1 -ver=XC8 Compiler \
  --acfsm=1493 -ACODE=00h-01FFFFh -ACONST=00h-01FFFFh \
  -ASMALLCONST=0E00h-0EFFhx498 -AMEDIUMCONST=0E00h-0FFFFh,010E00h-01FFFFh \
  -ACOMRAM=01h-05Fh -AABS1=00h-0DE9h -ABIGRAM=01h-0DE9h \
  -ARAM=060h-0FFh,0100h-01FFhx12,0D00h-0DE9h -ABANK0=060h-0FFh \
  -ABANK1=0100h-01FFh -ABANK2=0200h-02FFh -ABANK3=0300h-03FFh \
  -ABANK4=0400h-04FFh -ABANK5=0500h-05FFh -ABANK6=0600h-06FFh \
  -ABANK7=0700h-07FFh -ABANK8=0800h-08FFh -ABANK9=0900h-09FFh \
  -ABANK10=0A00h-0AFFh -ABANK11=0B00h-0BFFh -ABANK12=0C00h-0CFFh \
  -ABANK13=0D00h-0DE9h \
  -ASFR=0DEFh-0DFFh,0E00h-0EFFh,0F00h-0F5Fh,0F60h-0FFFh \
  -ABIGSFR=0DEFh-0FFFh -ACONFIG=0300000h-030000Bh -AIDLOC=0200000h-020000Fh \
  -AEEDATA=0310000h-03103FFh -peeprom_data=EEDATA \
  -preset_vec=00h,intcode,intcodelo,powerup,init -pramtop=0E00h \
  -psmallconst=SMALLCONST -pmediumconst=MEDIUMCONST -pconst=CONST \
  -AFARRAM=00h-00h \
  -prdata=COMRAM,nvrram=COMRAM,nvbit=COMRAM,rbss=COMRAM,rbit=COMRAM \
  -pfarbss=FARRAM,fardata=FARRAM,nvFARRAM=FARRAM \
  -pintsave_regs=BIGRAM,bigbss=BIGRAM,bigdata=BIGRAM -pbss=RAM \
  -pidata=CODE,irdata=CODE,ibigdata=CODE,ifardata=CODE -prparam=COMRAM \
  C:\Users\darci\AppData\Local\Temp\xcAsjh4.o \
  dist/default/production\final-project-darciea-matti.X.production.o 

Object code version is 3.11

Machine type is 18F67K40



                Name                               Link     Load   Length Selector   Space Scale
C:\Users\darci\AppData\Local\Temp\xcAsjh4.o
                idloc                            200000   200000       10        0       5
                config                           300000   300000        C        0       4
                init                                  0        0        4        0       0
dist/default/production\final-project-darciea-matti.X.production.o
                idloc                            200000   200000       10        0       5
                config                           300000   300000        C        0       4
                smallconst                          E00      E00       26      700       0
                text35                             23F6     23F6       22      713       0
                text34                             2020     2020       74      713       0
                text33                             23A8     23A8       28      713       0
                text32                             226C     226C       42      713       0
                text31                             2490     2490        A      713       0
                text30                             2486     2486        A      713       0
                text29                             247C     247C        A      713       0
                text28                             2470     2470        C      713       0
                text27                             21D8     21D8       50      713       0
                text26                             2188     2188       50      713       0
                text25                             2138     2138       50      713       0
                text24                             154C     154C      1E6      713       0
                text23                             237E     237E       2A      713       0
                text22                             2438     2438       20      713       0
                text21                             22EE     22EE       34      713       0
                text20                             1F26     1F26       80      713       0
                text19                             1E9E     1E9E       88      713       0
                text18                             2418     2418       20      713       0
                text17                             1CE8     1CE8       EC      713       0
                text16                             23D0     23D0       26      713       0
                text15                             22AE     22AE       40      713       0
                text14                             10A4     10A4      270      713       0
                text13                             2458     2458       18      713       0
                text12                             2322     2322       30      713       0
                text11                             18BA     18BA      16C      713       0
                text10                             1732     1732      188      713       0
                text9                              1A26     1A26      164      713       0
                text8                              249A     249A        2      713       0
                text7                              1DD4     1DD4       CA      713       0
                text6                              2228     2228       44      713       0
                text5                              1FA6     1FA6       7A      713       0
                text4                               E26      E26      27E      713       0
                text3                              1B8A     1B8A      15E      713       0
                text2                              20E6     20E6       52      713       0
                text1                              2094     2094       52      713       0
                text0                              1314     1314      238      713       0
                cstackCOMRAM                          1        1       5E        1       1
                cstackBANK0                          60       60       98       60       1
                cstackBANK1                         100      100       A8      100       1
                bssBANK2                            200      200       3C      200       1
                bssBANK1                            1A8      1A8       34      100       1
                bssBANK0                             F8       F8        8       60       1
                bssCOMRAM                            5F       5F        1        1       1
                cinit                              2352     2352       2C      713       0

TOTAL           Name                               Link     Load   Length     Space
        CLASS   CODE           
                init                                  0        0        4         0
                text35                             23F6     23F6       22         0
                text34                             2020     2020       74         0
                text33                             23A8     23A8       28         0
                text32                             226C     226C       42         0
                text31                             2490     2490        A         0
                text30                             2486     2486        A         0
                text29                             247C     247C        A         0
                text28                             2470     2470        C         0
                text27                             21D8     21D8       50         0
                text26                             2188     2188       50         0
                text25                             2138     2138       50         0
                text24                             154C     154C      1E6         0
                text23                             237E     237E       2A         0
                text22                             2438     2438       20         0
                text21                             22EE     22EE       34         0
                text20                             1F26     1F26       80         0
                text19                             1E9E     1E9E       88         0
                text18                             2418     2418       20         0
                text17                             1CE8     1CE8       EC         0
                text16                             23D0     23D0       26         0
                text15                             22AE     22AE       40         0
                text14                             10A4     10A4      270         0
                text13                             2458     2458       18         0
                text12                             2322     2322       30         0
                text11                             18BA     18BA      16C         0
                text10                             1732     1732      188         0
                text9                              1A26     1A26      164         0
                text8                              249A     249A        2         0
                text7                              1DD4     1DD4       CA         0
                text6                              2228     2228       44         0
                text5                              1FA6     1FA6       7A         0
                text4                               E26      E26      27E         0
                text3                              1B8A     1B8A      15E         0
                text2                              20E6     20E6       52         0
                text1                              2094     2094       52         0
                text0                              1314     1314      238         0
                cinit                              2352     2352       2C         0

        CLASS   CONST          

        CLASS   SMALLCONST     
                smallconst                          E00      E00       26         0

        CLASS   MEDIUMCONST    

        CLASS   COMRAM         
                cstackCOMRAM                          1        1       5E         1
                bssCOMRAM                            5F       5F        1         1

        CLASS   ABS1           

        CLASS   BIGRAM         

        CLASS   RAM            

        CLASS   BANK0          
                cstackBANK0                          60       60       98         1
                bssBANK0                             F8       F8        8         1

        CLASS   BANK1          
                cstackBANK1                         100      100       A8         1
                bssBANK1                            1A8      1A8       34         1

        CLASS   BANK2          
                bssBANK2                            200      200       3C         1

        CLASS   BANK3          

        CLASS   BANK4          

        CLASS   BANK5          

        CLASS   BANK6          

        CLASS   BANK7          

        CLASS   BANK8          

        CLASS   BANK9          

        CLASS   BANK10         

        CLASS   BANK11         

        CLASS   BANK12         

        CLASS   BANK13         

        CLASS   SFR            

        CLASS   BIGSFR         

        CLASS   CONFIG         
                config                           300000   300000        C         4

        CLASS   IDLOC          
                idloc                            200000   200000       10         5

        CLASS   EEDATA         

        CLASS   FARRAM         

        CLASS   HEAP           

        CLASS   STACK          



SEGMENTS        Name                           Load    Length   Top    Selector   Space  Class

                reset_vec                      000000  000004  000004         0       0  CODE    
                cstackCOMRAM                   000001  00005F  000060         1       1  COMRAM  
                cstackBANK0                    000060  0000A0  000100        60       1  BANK0   
                cstackBANK1                    000100  0000DC  0001DC       100       1  BANK1   
                bssBANK2                       000200  00003C  00023C       200       1  BANK2   
                smallconst                     000E00  000026  000E26       700       0  SMALLCON
                text4                          000E26  001676  00249C       713       0  CODE    


UNUSED ADDRESS RANGES

        Name                Unused          Largest block    Delta
        BANK1            0001DC-0001FF               24
        BANK10           000A00-000AFF              100
        BANK11           000B00-000BFF              100
        BANK12           000C00-000CFF              100
        BANK13           000D00-000DE9               EA
        BANK2            00023C-0002FF               C4
        BANK3            000300-0003FF              100
        BANK4            000400-0004FF              100
        BANK5            000500-0005FF              100
        BANK6            000600-0006FF              100
        BANK7            000700-0007FF              100
        BANK8            000800-0008FF              100
        BANK9            000900-0009FF              100
        BIGRAM           0001DC-0001FF               24
                         00023C-000DE9              BAE
        BIGSFR           000DEF-000FFF              211
        CODE             000004-000DFF              DFC
                         00249C-01FFFF            1DB64
        CONST            000004-000DFF              DFC
                         00249C-01FFFF            1DB64
        EEDATA           310000-3103FF              400
        MEDIUMCONST      00249C-00FFFF             DB64
                         010E00-01FFFF             F200
        RAM              0001DC-0001FF               24
                         00023C-000DE9              100
        SFR              000DEF-000FFF              100
        SMALLCONST       00249C-01FFFF              100

                                  Symbol Table

?___aodiv                               cstackCOMRAM 000001
?___aomod                               cstackCOMRAM 000001
?___lwdiv                               cstackCOMRAM 000007
?___wmul                                cstackCOMRAM 000001
?_abs                                   cstackCOMRAM 000013
?_color_read_Blue                       cstackCOMRAM 000005
?_color_read_Green                      cstackCOMRAM 000005
?_color_read_Red                        cstackCOMRAM 000005
?_sprintf                               cstackBANK0  000060
?_vfprintf                              cstackCOMRAM 000051
I2C_2_Master_Read@ack                   cstackCOMRAM 000003
I2C_2_Master_Read@tmp                   cstackCOMRAM 000004
I2C_2_Master_Write@data_byte            cstackCOMRAM 000002
_ANSELDbits                             (abs)        000EA7
_ANSELFbits                             (abs)        000EB4
_BAUD4CONbits                           (abs)        000EE9
_CCP1CONbits                            (abs)        000FAB
_CCP2CONbits                            (abs)        000FA7
_CCP3CONbits                            (abs)        000F26
_CCP4CONbits                            (abs)        000F22
_CCPR1H                                 (abs)        000FAA
_CCPR2H                                 (abs)        000FA6
_CCPR3H                                 (abs)        000F25
_CCPR4H                                 (abs)        000F21
_CCPTMRS0bits                           (abs)        000FAD
_EUSART4RXbuf                           bssBANK1     0001A8
_EUSART4TXbuf                           bssBANK2     000200
_I2C_2_Master_Idle                      text33       0023A8
_I2C_2_Master_Init                      text23       00237E
_I2C_2_Master_Read                      text32       00226C
_I2C_2_Master_RepStart                  text31       002490
_I2C_2_Master_Start                     text30       002486
_I2C_2_Master_Stop                      text29       00247C
_I2C_2_Master_Write                     text28       002470
_LATAbits                               (abs)        000F79
_LATDbits                               (abs)        000F7C
_LATFbits                               (abs)        000F7E
_LATGbits                               (abs)        000F7F
_LATHbits                               (abs)        000F80
_LEDSon_init                            text35       0023F6
_PIE4bits                               (abs)        000E2D
_PIR4bits                               (abs)        000E37
_PORTFbits                              (abs)        000F8E
_RC0PPS                                 (abs)        000E62
_RC4REG                                 (abs)        000EE3
_RC4STAbits                             (abs)        000EE7
_RC7PPS                                 (abs)        000E69
_RD5PPS                                 (abs)        000E6F
_RD6PPS                                 (abs)        000E70
_RE2PPS                                 (abs)        000E74
_RE4PPS                                 (abs)        000E76
_RG6PPS                                 (abs)        000E88
_RX4PPS                                 (abs)        000E15
_RxBufReadCnt                           bssBANK0     0000FE
_RxBufWriteCnt                          bssBANK0     0000FF
_SP4BRGH                                (abs)        000EE6
_SP4BRGL                                (abs)        000EE5
_SSP2ADD                                (abs)        000ED6
_SSP2BUF                                (abs)        000ED5
_SSP2CLKPPS                             (abs)        000E1C
_SSP2CON1bits                           (abs)        000ED9
_SSP2CON2                               (abs)        000EDA
_SSP2CON2bits                           (abs)        000EDA
_SSP2DATPPS                             (abs)        000E1D
_SSP2STAT                               (abs)        000ED8
_T2CLKCONbits                           (abs)        000FBF
_T2CONbits                              (abs)        000FBD
_T2HLTbits                              (abs)        000FBE
_T2PR                                   (abs)        000FBC
_TRISAbits                              (abs)        000F81
_TRISCbits                              (abs)        000F83
_TRISDbits                              (abs)        000F84
_TRISEbits                              (abs)        000F85
_TRISFbits                              (abs)        000F86
_TRISGbits                              (abs)        000F87
_TRISHbits                              (abs)        000F88
_TX4REG                                 (abs)        000EE4
_TX4STAbits                             (abs)        000EE8
_TxBufReadCnt                           bssBANK0     0000FD
_TxBufWriteCnt                          bssCOMRAM    00005F
__HRAM                                  (abs)        000000
__Habs1                                 abs1         000000
__Hbank0                                bank0        000000
__Hbank1                                bank1        000000
__Hbank10                               bank10       000000
__Hbank11                               bank11       000000
__Hbank12                               bank12       000000
__Hbank13                               bank13       000000
__Hbank2                                bank2        000000
__Hbank3                                bank3        000000
__Hbank4                                bank4        000000
__Hbank5                                bank5        000000
__Hbank6                                bank6        000000
__Hbank7                                bank7        000000
__Hbank8                                bank8        000000
__Hbank9                                bank9        000000
__Hbigbss                               bigbss       000000
__Hbigdata                              bigdata      000000
__Hbigram                               bigram       000000
__Hbigsfr                               bigsfr       000000
__Hbss                                  bss          000000
__HbssBANK0                             bssBANK0     000000
__HbssBANK1                             bssBANK1     000000
__HbssBANK2                             bssBANK2     000000
__HbssCOMRAM                            bssCOMRAM    000000
__Hcinit                                cinit        000000
__Hclrtext                              clrtext      000000
__Hcomram                               comram       000000
__Hconfig                               config       30000C
__Hconst                                const        000000
__HcstackBANK0                          cstackBANK0  000000
__HcstackBANK1                          cstackBANK1  000000
__HcstackCOMRAM                         cstackCOMRAM 000000
__Hdata                                 data         000000
__Heeprom_data                          eeprom_data  000000
__Hfarbss                               farbss       000000
__Hfardata                              fardata      000000
__Hheap                                 heap         000000
__Hibigdata                             ibigdata     000000
__Hidata                                idata        000000
__Hidloc                                idloc        200010
__Hifardata                             ifardata     000000
__Hinit                                 init         000004
__Hintcode                              intcode      000000
__Hintcode_body                         intcode_body 000000
__Hintcodelo                            intcodelo    000000
__Hintentry                             intentry     000000
__Hintret                               intret       000000
__Hintsave_regs                         intsave_regs 000000
__Hirdata                               irdata       000000
__Hmediumconst                          mediumconst  000000
__HnvFARRAM                             nvFARRAM     000000
__Hnvbit                                nvbit        000000
__Hnvrram                               nvrram       000000
__Hparam                                rparam       000000
__Hpowerup                              powerup      000000
__Hram                                  ram          000000
__Hramtop                               ramtop       000E00
__Hrbit                                 rbit         000000
__Hrbss                                 rbss         000000
__Hrdata                                rdata        000000
__Hreset_vec                            reset_vec    000000
__Hrparam                               rparam       000000
__Hsfr                                  sfr          000000
__Hsmallconst                           smallconst   000E26
__Hspace_0                              (abs)        00249C
__Hspace_1                              (abs)        00023C
__Hspace_2                              (abs)        000000
__Hspace_4                              (abs)        60000C
__Hstack                                stack        000000
__Hstruct                               struct       000000
__Htemp                                 temp         000000
__Htext                                 text         000000
__Htext0                                text0        000000
__Htext1                                text1        000000
__Htext10                               text10       000000
__Htext11                               text11       000000
__Htext12                               text12       000000
__Htext13                               text13       000000
__Htext14                               text14       000000
__Htext15                               text15       000000
__Htext16                               text16       000000
__Htext17                               text17       000000
__Htext18                               text18       000000
__Htext19                               text19       000000
__Htext2                                text2        000000
__Htext20                               text20       000000
__Htext21                               text21       000000
__Htext22                               text22       000000
__Htext23                               text23       000000
__Htext24                               text24       000000
__Htext25                               text25       000000
__Htext26                               text26       000000
__Htext27                               text27       000000
__Htext28                               text28       000000
__Htext29                               text29       000000
__Htext3                                text3        000000
__Htext30                               text30       000000
__Htext31                               text31       000000
__Htext32                               text32       000000
__Htext33                               text33       000000
__Htext34                               text34       000000
__Htext35                               text35       000000
__Htext4                                text4        000000
__Htext5                                text5        000000
__Htext6                                text6        000000
__Htext7                                text7        000000
__Htext8                                text8        000000
__Htext9                                text9        000000
__LRAM                                  (abs)        000001
__Labs1                                 abs1         000000
__Lbank0                                bank0        000000
__Lbank1                                bank1        000000
__Lbank10                               bank10       000000
__Lbank11                               bank11       000000
__Lbank12                               bank12       000000
__Lbank13                               bank13       000000
__Lbank2                                bank2        000000
__Lbank3                                bank3        000000
__Lbank4                                bank4        000000
__Lbank5                                bank5        000000
__Lbank6                                bank6        000000
__Lbank7                                bank7        000000
__Lbank8                                bank8        000000
__Lbank9                                bank9        000000
__Lbigbss                               bigbss       000000
__Lbigdata                              bigdata      000000
__Lbigram                               bigram       000000
__Lbigsfr                               bigsfr       000000
__Lbss                                  bss          000000
__LbssBANK0                             bssBANK0     000000
__LbssBANK1                             bssBANK1     000000
__LbssBANK2                             bssBANK2     000000
__LbssCOMRAM                            bssCOMRAM    000000
__Lcinit                                cinit        000000
__Lclrtext                              clrtext      000000
__Lcomram                               comram       000000
__Lconfig                               config       000000
__Lconst                                const        000000
__LcstackBANK0                          cstackBANK0  000000
__LcstackBANK1                          cstackBANK1  000000
__LcstackCOMRAM                         cstackCOMRAM 000000
__Ldata                                 data         000000
__Leeprom_data                          eeprom_data  000000
__Lfarbss                               farbss       000000
__Lfardata                              fardata      000000
__Lheap                                 heap         000000
__Libigdata                             ibigdata     000000
__Lidata                                idata        000000
__Lidloc                                idloc        000000
__Lifardata                             ifardata     000000
__Linit                                 init         000000
__Lintcode                              intcode      000000
__Lintcode_body                         intcode_body 000000
__Lintcodelo                            intcodelo    000000
__Lintentry                             intentry     000000
__Lintret                               intret       000000
__Lintsave_regs                         intsave_regs 000000
__Lirdata                               irdata       000000
__Lmediumconst                          mediumconst  000000
__LnvFARRAM                             nvFARRAM     000000
__Lnvbit                                nvbit        000000
__Lnvrram                               nvrram       000000
__Lparam                                rparam       000000
__Lpowerup                              powerup      000000
__Lram                                  ram          000000
__Lramtop                               ramtop       000E00
__Lrbit                                 rbit         000000
__Lrbss                                 rbss         000000
__Lrdata                                rdata        000000
__Lreset_vec                            reset_vec    000000
__Lrparam                               rparam       000000
__Lsfr                                  sfr          000000
__Lsmallconst                           smallconst   000E00
__Lspace_0                              (abs)        000000
__Lspace_1                              (abs)        000000
__Lspace_2                              (abs)        000000
__Lspace_4                              (abs)        000000
__Lstack                                stack        000000
__Lstruct                               struct       000000
__Ltemp                                 temp         000000
__Ltext                                 text         000000
__Ltext0                                text0        000000
__Ltext1                                text1        000000
__Ltext10                               text10       000000
__Ltext11                               text11       000000
__Ltext12                               text12       000000
__Ltext13                               text13       000000
__Ltext14                               text14       000000
__Ltext15                               text15       000000
__Ltext16                               text16       000000
__Ltext17                               text17       000000
__Ltext18                               text18       000000
__Ltext19                               text19       000000
__Ltext2                                text2        000000
__Ltext20                               text20       000000
__Ltext21                               text21       000000
__Ltext22                               text22       000000
__Ltext23                               text23       000000
__Ltext24                               text24       000000
__Ltext25                               text25       000000
__Ltext26                               text26       000000
__Ltext27                               text27       000000
__Ltext28                               text28       000000
__Ltext29                               text29       000000
__Ltext3                                text3        000000
__Ltext30                               text30       000000
__Ltext31                               text31       000000
__Ltext32                               text32       000000
__Ltext33                               text33       000000
__Ltext34                               text34       000000
__Ltext35                               text35       000000
__Ltext4                                text4        000000
__Ltext5                                text5        000000
__Ltext6                                text6        000000
__Ltext7                                text7        000000
__Ltext8                                text8        000000
__Ltext9                                text9        000000
__S0                                    (abs)        00249C
__S1                                    (abs)        00023C
__S4                                    (abs)        000000
__S5                                    (abs)        000000
___aodiv                                text10       001732
___aodiv@counter                        cstackCOMRAM 000011
___aodiv@dividend                       cstackCOMRAM 000001
___aodiv@divisor                        cstackCOMRAM 000009
___aodiv@quotient                       cstackCOMRAM 000013
___aodiv@sign                           cstackCOMRAM 000012
___aomod                                text9        001A26
___aomod@counter                        cstackCOMRAM 000011
___aomod@dividend                       cstackCOMRAM 000001
___aomod@divisor                        cstackCOMRAM 000009
___aomod@sign                           cstackCOMRAM 000012
___heap_hi                              (abs)        000000
___heap_lo                              (abs)        000000
___inthi_sp                             stack        000000
___intlo_sp                             stack        000000
___lwdiv                                text34       002020
___lwdiv@counter                        cstackCOMRAM 00000D
___lwdiv@dividend                       cstackCOMRAM 000007
___lwdiv@divisor                        cstackCOMRAM 000009
___lwdiv@quotient                       cstackCOMRAM 00000B
___param_bank                           (abs)        000000
___rparam_used                          (abs)        000001
___sp                                   stack        000000
___wmul                                 text16       0023D0
___wmul@multiplicand                    cstackCOMRAM 000003
___wmul@multiplier                      cstackCOMRAM 000001
___wmul@product                         cstackCOMRAM 000005
__accesstop                             (abs)        000060
__activetblptr                          (abs)        000003
__end_of_I2C_2_Master_Idle              text33       0023D0
__end_of_I2C_2_Master_Init              text23       0023A8
__end_of_I2C_2_Master_Read              text32       0022AE
__end_of_I2C_2_Master_RepStart          text31       00249A
__end_of_I2C_2_Master_Start             text30       002490
__end_of_I2C_2_Master_Stop              text29       002486
__end_of_I2C_2_Master_Write             text28       00247C
__end_of_LEDSon_init                    text35       002418
__end_of___aodiv                        text10       0018BA
__end_of___aomod                        text9        001B8A
__end_of___lwdiv                        text34       002094
__end_of___wmul                         text16       0023F6
__end_of__initialization                cinit        002378
__end_of_abs                            text15       0022EE
__end_of_collect_avg_readings           text24       001732
__end_of_color_click_init               text21       002322
__end_of_color_read_Blue                text27       002228
__end_of_color_read_Green               text26       0021D8
__end_of_color_read_Red                 text25       002188
__end_of_color_writetoaddr              text22       002458
__end_of_determine_card                 text20       001FA6
__end_of_dtoa                           text4        0010A4
__end_of_fputc                          text7        001E9E
__end_of_fputs                          text6        00226C
__end_of_initDCmotorsPWM                text19       001F26
__end_of_initUSART4                     text18       002438
__end_of_main                           text0        00154C
__end_of_make_master_closeness          text17       001DD4
__end_of_normalise_readings             text14       001314
__end_of_pad                            text5        002020
__end_of_putch                          text8        00249C
__end_of_sendCharSerial4                text13       002470
__end_of_sendStringSerial4              text12       002352
__end_of_setMotorPWM                    text11       001A26
__end_of_sprintf                        text1        0020E6
__end_of_vfpfcnvrt                      text3        001CE8
__end_of_vfprintf                       text2        002138
__initialization                        cinit        002352
__mediumconst                           mediumconst  000000
__pbssBANK0                             bssBANK0     0000F8
__pbssBANK1                             bssBANK1     0001A8
__pbssBANK2                             bssBANK2     000200
__pbssCOMRAM                            bssCOMRAM    00005F
__pcinit                                cinit        002352
__pcstackBANK0                          cstackBANK0  000060
__pcstackBANK1                          cstackBANK1  000100
__pcstackCOMRAM                         cstackCOMRAM 000001
__psmallconst                           smallconst   000E00
__ptext0                                text0        001314
__ptext1                                text1        002094
__ptext10                               text10       001732
__ptext11                               text11       0018BA
__ptext12                               text12       002322
__ptext13                               text13       002458
__ptext14                               text14       0010A4
__ptext15                               text15       0022AE
__ptext16                               text16       0023D0
__ptext17                               text17       001CE8
__ptext18                               text18       002418
__ptext19                               text19       001E9E
__ptext2                                text2        0020E6
__ptext20                               text20       001F26
__ptext21                               text21       0022EE
__ptext22                               text22       002438
__ptext23                               text23       00237E
__ptext24                               text24       00154C
__ptext25                               text25       002138
__ptext26                               text26       002188
__ptext27                               text27       0021D8
__ptext28                               text28       002470
__ptext29                               text29       00247C
__ptext3                                text3        001B8A
__ptext30                               text30       002486
__ptext31                               text31       002490
__ptext32                               text32       00226C
__ptext33                               text33       0023A8
__ptext34                               text34       002020
__ptext35                               text35       0023F6
__ptext4                                text4        000E26
__ptext5                                text5        001FA6
__ptext6                                text6        002228
__ptext7                                text7        001DD4
__ptext8                                text8        00249A
__ptext9                                text9        001A26
__ramtop                                ramtop       000E00
__smallconst                            smallconst   000E00
_abs                                    text15       0022AE
_collect_avg_readings                   text24       00154C
_color_click_init                       text21       0022EE
_color_read_Blue                        text27       0021D8
_color_read_Green                       text26       002188
_color_read_Red                         text25       002138
_color_writetoaddr                      text22       002438
_dbuf                                   bssBANK1     0001BC
_determine_card                         text20       001F26
_dtoa                                   text4        000E26
_dtoa$2277                              cstackCOMRAM 00002E
_flags                                  bssBANK0     0000FC
_fputc                                  text7        001DD4
_fputs                                  text6        002228
_initDCmotorsPWM                        text19       001E9E
_initUSART4                             text18       002418
_main                                   text0        001314
_make_master_closeness                  text17       001CE8
_normalise_readings                     text14       0010A4
_pad                                    text5        001FA6
_prec                                   bssBANK0     0000FA
_putch                                  text8        00249A
_sendCharSerial4                        text13       002458
_sendStringSerial4                      text12       002322
_setMotorPWM                            text11       0018BA
_sprintf                                text1        002094
_vfpfcnvrt                              text3        001B8A
_vfprintf                               text2        0020E6
_width                                  bssBANK0     0000F8
abs@a                                   cstackCOMRAM 000013
collect_avg_readings@blue_read          cstackCOMRAM 000012
collect_avg_readings@green_read         cstackCOMRAM 000010
collect_avg_readings@i                  cstackCOMRAM 000016
collect_avg_readings@i_1551             cstackCOMRAM 000018
collect_avg_readings@i_1552             cstackCOMRAM 00001A
collect_avg_readings@i_1553             cstackCOMRAM 00001C
collect_avg_readings@red_read           cstackCOMRAM 00000E
color_read_Blue@tmp                     cstackCOMRAM 00000A
color_read_Green@tmp                    cstackCOMRAM 00000A
color_read_Red@tmp                      cstackCOMRAM 00000A
color_writetoaddr@address               cstackCOMRAM 000004
color_writetoaddr@value                 cstackCOMRAM 000003
determine_card@current_smallest         cstackCOMRAM 000007
determine_card@i                        cstackCOMRAM 00000A
determine_card@master_closeness         cstackCOMRAM 000001
determine_card@predicted_colour         cstackCOMRAM 000009
dtoa@d                                  cstackCOMRAM 00001E
dtoa@fp                                 cstackCOMRAM 00001C
dtoa@i                                  cstackCOMRAM 00003C
dtoa@n                                  cstackCOMRAM 000034
dtoa@p                                  cstackCOMRAM 000030
dtoa@s                                  cstackCOMRAM 00003E
dtoa@w                                  cstackCOMRAM 000032
end_of_initialization                   cinit        002378
fputc@c                                 cstackCOMRAM 000001
fputc@fp                                cstackCOMRAM 000003
fputs@c                                 cstackCOMRAM 00000E
fputs@fp                                cstackCOMRAM 00000C
fputs@i                                 cstackCOMRAM 00000F
fputs@s                                 cstackCOMRAM 00000A
intlevel0                               text         000000
intlevel1                               text         000000
intlevel2                               text         000000
intlevel3                               text         000000
isa$std                                 (abs)        000001
isa$xinst                               (abs)        000000
main@PWMcycle                           cstackCOMRAM 00005A
main@blue_read                          cstackBANK0  0000F6
main@buf                                cstackBANK1  000100
main@card                               cstackCOMRAM 000059
main@expected_values                    cstackBANK0  0000AD
main@green_read                         cstackCOMRAM 00005D
main@i                                  cstackBANK0  0000F5
main@master_closeness                   cstackBANK0  0000E3
main@motorL                             cstackBANK1  000196
main@motorR                             cstackBANK1  00019F
main@normalised_values                  cstackBANK0  000077
main@red_read                           cstackCOMRAM 00005B
make_master_closeness@buf               cstackCOMRAM 00000E
make_master_closeness@i                 cstackCOMRAM 000028
make_master_closeness@master_closeness  cstackCOMRAM 000012
make_master_closeness@normalised_values cstackCOMRAM 000010
normalise_readings@blue_read            cstackCOMRAM 00001D
normalise_readings@buf                  cstackCOMRAM 000017
normalise_readings@difference           cstackCOMRAM 00002B
normalise_readings@expected_values      cstackCOMRAM 00001F
normalise_readings@green_read           cstackCOMRAM 00001B
normalise_readings@i                    cstackCOMRAM 00002D
normalise_readings@normalised_values    cstackCOMRAM 000021
normalise_readings@red_read             cstackCOMRAM 000019
pad@buf                                 cstackCOMRAM 000013
pad@fp                                  cstackCOMRAM 000011
pad@i                                   cstackCOMRAM 000018
pad@p                                   cstackCOMRAM 000015
pad@w                                   cstackCOMRAM 00001A
sendCharSerial4@charToSend              cstackCOMRAM 000001
sendStringSerial4@string                cstackCOMRAM 000002
setMotorPWM@m                           cstackCOMRAM 00000E
setMotorPWM@negDuty                     cstackCOMRAM 000013
setMotorPWM@posDuty                     cstackCOMRAM 000012
sprintf@ap                              cstackBANK0  00006A
sprintf@f                               cstackBANK0  00006C
sprintf@fmt                             cstackBANK0  000062
sprintf@s                               cstackBANK0  000060
stackhi                                 (abs)        000000
stacklo                                 (abs)        000000
start                                   init         000000
start_initialization                    cinit        002352
vfpfcnvrt@ap                            cstackCOMRAM 000043
vfpfcnvrt@convarg                       cstackCOMRAM 000047
vfpfcnvrt@cp                            cstackCOMRAM 00004F
vfpfcnvrt@fmt                           cstackCOMRAM 000041
vfpfcnvrt@fp                            cstackCOMRAM 00003F
vfprintf@ap                             cstackCOMRAM 000055
vfprintf@cfmt                           cstackCOMRAM 000057
vfprintf@fmt                            cstackCOMRAM 000053
vfprintf@fp                             cstackCOMRAM 000051


MODULE INFORMATION

Module		Function		Class		Link	Load	Size
C:\Program Files\Microchip\xc8\v2.40\pic\sources\c99\common\nf_fputc.c
		_fputc         		CODE           	1DD4	0000	202

C:\Program Files\Microchip\xc8\v2.40\pic\sources\c99\common\nf_fputc.c estimated size: 202

serial.c
		_sendStringSerial4		CODE           	2322	0000	48
		_sendCharSerial4		CODE           	2458	0000	24
		_initUSART4    		CODE           	2418	0000	32

serial.c estimated size: 104

C:\Program Files\Microchip\xc8\v2.40\pic\sources\c99\common\nf_sprintf.c
		_sprintf       		CODE           	2094	0000	82

C:\Program Files\Microchip\xc8\v2.40\pic\sources\c99\common\nf_sprintf.c estimated size: 82

C:\Program Files\Microchip\xc8\v2.40\pic\sources\c99\common\lwdiv.c
		___lwdiv       		CODE           	2020	0000	116

C:\Program Files\Microchip\xc8\v2.40\pic\sources\c99\common\lwdiv.c estimated size: 116

color.c
		_color_writetoaddr		CODE           	2438	0000	32
		_color_click_init		CODE           	22EE	0000	52
		_color_read_Green		CODE           	2188	0000	80
		_color_read_Red		CODE           	2138	0000	80
		_color_read_Blue		CODE           	21D8	0000	80

color.c estimated size: 324

C:\Program Files\Microchip\xc8\v2.40\pic\sources\c99\common\Umul16.c
		___wmul        		CODE           	23D0	0000	38

C:\Program Files\Microchip\xc8\v2.40\pic\sources\c99\common\Umul16.c estimated size: 38

dc_motor.c
		_initDCmotorsPWM		CODE           	1E9E	0000	136
		_setMotorPWM   		CODE           	18BA	0000	364

dc_motor.c estimated size: 500

C:\Program Files\Microchip\xc8\v2.40\pic\sources\c99\common\abs.c
		_abs           		CODE           	22AE	0000	64

C:\Program Files\Microchip\xc8\v2.40\pic\sources\c99\common\abs.c estimated size: 64

i2c.c
		_I2C_2_Master_Start		CODE           	2486	0000	10
		_I2C_2_Master_Read		CODE           	226C	0000	66
		_I2C_2_Master_Idle		CODE           	23A8	0000	40
		_I2C_2_Master_Init		CODE           	237E	0000	42
		_I2C_2_Master_Stop		CODE           	247C	0000	10
		_I2C_2_Master_RepStart		CODE           	2490	0000	10
		_I2C_2_Master_Write		CODE           	2470	0000	12

i2c.c estimated size: 190

LEDsOn.c
		_LEDSon_init   		CODE           	23F6	0000	34

LEDsOn.c estimated size: 34

C:\Program Files\Microchip\xc8\v2.40\pic\sources\c99\common\nf_fputs.c
		_fputs         		CODE           	2228	0000	68

C:\Program Files\Microchip\xc8\v2.40\pic\sources\c99\common\nf_fputs.c estimated size: 68

C:\Program Files\Microchip\xc8\v2.40\pic\sources\c99\common\aomod.c
		___aomod       		CODE           	1A26	0000	356

C:\Program Files\Microchip\xc8\v2.40\pic\sources\c99\common\aomod.c estimated size: 356

shared
		__initialization		CODE           	2352	0000	38

shared estimated size: 38

C:\Program Files\Microchip\xc8\v2.40\pic\sources\c99\common\putch.c
		_putch         		CODE           	249A	0000	2

C:\Program Files\Microchip\xc8\v2.40\pic\sources\c99\common\putch.c estimated size: 2

C:\Program Files\Microchip\xc8\v2.40\pic\sources\c99\common\doprnt.c
		_vfpfcnvrt     		CODE           	1B8A	0000	350
		_pad           		CODE           	1FA6	0000	122
		_dtoa          		CODE           	0E26	0000	638
		_vfprintf      		CODE           	20E6	0000	82

C:\Program Files\Microchip\xc8\v2.40\pic\sources\c99\common\doprnt.c estimated size: 1192

colour_identify.c
		_collect_avg_readings		CODE           	154C	0000	486
		_determine_card		CODE           	1F26	0000	128
		_normalise_readings		CODE           	10A4	0000	624
		_make_master_closeness		CODE           	1CE8	0000	236

colour_identify.c estimated size: 1474

main.c
		_main          		CODE           	1314	0000	568

main.c estimated size: 568

C:\Program Files\Microchip\xc8\v2.40\pic\sources\c99\common\aodiv.c
		___aodiv       		CODE           	1732	0000	392

C:\Program Files\Microchip\xc8\v2.40\pic\sources\c99\common\aodiv.c estimated size: 392

