Microchip MPLAB XC8 Compiler V2.40

Linker command line:

-W-3 \
  --edf=C:\Program Files\Microchip\xc8\v2.40\pic\dat\20220703182018_en.msgs \
  -cn \
  -h+dist/default/production\final-project-darciea-matti.X.production.sym \
  --cmf=dist/default/production\final-project-darciea-matti.X.production.cmf \
  -z -Q18F67K40 -oC:\Users\darci\AppData\Local\Temp\xcAsfn4.4 \
  --defsym=__MPLAB_BUILD=1 --fixupoverflow=error \
  -Mdist/default/production/final-project-darciea-matti.X.production.map \
  --md=C:\Users\darci\AppData\Local\Temp\xcAsfn4.dat -E1 -ver=XC8 Compiler \
  --acfsm=1493 -ACODE=00h-01FFFFh -ACONST=00h-01FFFFh \
  -ASMALLCONST=0E00h-0EFFhx498 -AMEDIUMCONST=0E00h-0FFFFh,010E00h-01FFFFh \
  -ACOMRAM=01h-05Fh -AABS1=00h-0DE9h -ABIGRAM=01h-0DE9h \
  -ARAM=060h-0FFh,0100h-01FFhx12,0D00h-0DE9h -ABANK0=060h-0FFh \
  -ABANK1=0100h-01FFh -ABANK2=0200h-02FFh -ABANK3=0300h-03FFh \
  -ABANK4=0400h-04FFh -ABANK5=0500h-05FFh -ABANK6=0600h-06FFh \
  -ABANK7=0700h-07FFh -ABANK8=0800h-08FFh -ABANK9=0900h-09FFh \
  -ABANK10=0A00h-0AFFh -ABANK11=0B00h-0BFFh -ABANK12=0C00h-0CFFh \
  -ABANK13=0D00h-0DE9h \
  -ASFR=0DEFh-0DFFh,0E00h-0EFFh,0F00h-0F5Fh,0F60h-0FFFh \
  -ABIGSFR=0DEFh-0FFFh -ACONFIG=0300000h-030000Bh -AIDLOC=0200000h-020000Fh \
  -AEEDATA=0310000h-03103FFh -peeprom_data=EEDATA \
  -preset_vec=00h,intcode,intcodelo,powerup,init -pramtop=0E00h \
  -psmallconst=SMALLCONST -pmediumconst=MEDIUMCONST -pconst=CONST \
  -AFARRAM=00h-00h \
  -prdata=COMRAM,nvrram=COMRAM,nvbit=COMRAM,rbss=COMRAM,rbit=COMRAM \
  -pfarbss=FARRAM,fardata=FARRAM,nvFARRAM=FARRAM \
  -pintsave_regs=BIGRAM,bigbss=BIGRAM,bigdata=BIGRAM -pbss=RAM \
  -pidata=CODE,irdata=CODE,ibigdata=CODE,ifardata=CODE -prparam=COMRAM \
  C:\Users\darci\AppData\Local\Temp\xcAsfn4.o \
  dist/default/production\final-project-darciea-matti.X.production.o 

Object code version is 3.11

Machine type is 18F67K40



                Name                               Link     Load   Length Selector   Space Scale
C:\Users\darci\AppData\Local\Temp\xcAsfn4.o
                idloc                            200000   200000       10        0       5
                config                           300000   300000        C        0       4
                init                                  0        0        4        0       0
dist/default/production\final-project-darciea-matti.X.production.o
                idloc                            200000   200000       10        0       5
                config                           300000   300000        C        0       4
                smallconst                          E00      E00       8A      700       0
                text41                             2AE6     2AE6       22      745       0
                text40                             2712     2712       74      745       0
                text39                             2A98     2A98       28      745       0
                text38                             295E     295E       42      745       0
                text37                             2B80     2B80        A      745       0
                text36                             2B76     2B76        A      745       0
                text35                             2B6C     2B6C        A      745       0
                text34                             2B60     2B60        C      745       0
                text33                             28CA     28CA       50      745       0
                text32                             287A     287A       50      745       0
                text31                             282A     282A       50      745       0
                text30                             1610     1610      1E6      745       0
                text29                             2618     2618       80      745       0
                text28                             2B48     2B48       18      745       0
                text27                             2A14     2A14       30      745       0
                text26                             1B7E     1B7E      188      745       0
                text25                             1E72     1E72      164      745       0
                text24                             29A0     29A0       40      745       0
                text23                             2B8A     2B8A        2      745       0
                text22                             225A     225A       CA      745       0
                text21                             291A     291A       44      745       0
                text20                             2698     2698       7A      745       0
                text19                             11A0     11A0      27E      745       0
                text18                             1FD6     1FD6      15E      745       0
                text17                             27D8     27D8       52      745       0
                text16                             2786     2786       52      745       0
                text15                             19D6     19D6      1A8      745       0
                text14                             2AC0     2AC0       26      745       0
                text13                             1D06     1D06      16C      745       0
                text12                             247E     247E       8C      745       0
                text11                             2592     2592       86      745       0
                text10                             2324     2324       AE      745       0
                text9                              23D2     23D2       AC      745       0
                text8                               E8A      E8A      316      745       0
                text7                              17F6     17F6      1E0      745       0
                text6                              2134     2134      126      745       0
                text5                              2A6E     2A6E       2A      745       0
                text4                              2B28     2B28       20      745       0
                text3                              29E0     29E0       34      745       0
                text2                              250A     250A       88      745       0
                text1                              2B08     2B08       20      745       0
                text0                              141E     141E      1F2      745       0
                cstackCOMRAM                          1        1       5F        1       1
                cstackBANK0                          60       60       86       60       1
                cstackBANK1                         100      100       E6      100       1
                bssBANK2                            200      200       5C      200       1
                bssBANK1                            1E6      1E6       14      100       1
                bssBANK0                             E6       E6        9       60       1
                cinit                              2A44     2A44       2A      745       0

TOTAL           Name                               Link     Load   Length     Space
        CLASS   CODE           
                init                                  0        0        4         0
                text41                             2AE6     2AE6       22         0
                text40                             2712     2712       74         0
                text39                             2A98     2A98       28         0
                text38                             295E     295E       42         0
                text37                             2B80     2B80        A         0
                text36                             2B76     2B76        A         0
                text35                             2B6C     2B6C        A         0
                text34                             2B60     2B60        C         0
                text33                             28CA     28CA       50         0
                text32                             287A     287A       50         0
                text31                             282A     282A       50         0
                text30                             1610     1610      1E6         0
                text29                             2618     2618       80         0
                text28                             2B48     2B48       18         0
                text27                             2A14     2A14       30         0
                text26                             1B7E     1B7E      188         0
                text25                             1E72     1E72      164         0
                text24                             29A0     29A0       40         0
                text23                             2B8A     2B8A        2         0
                text22                             225A     225A       CA         0
                text21                             291A     291A       44         0
                text20                             2698     2698       7A         0
                text19                             11A0     11A0      27E         0
                text18                             1FD6     1FD6      15E         0
                text17                             27D8     27D8       52         0
                text16                             2786     2786       52         0
                text15                             19D6     19D6      1A8         0
                text14                             2AC0     2AC0       26         0
                text13                             1D06     1D06      16C         0
                text12                             247E     247E       8C         0
                text11                             2592     2592       86         0
                text10                             2324     2324       AE         0
                text9                              23D2     23D2       AC         0
                text8                               E8A      E8A      316         0
                text7                              17F6     17F6      1E0         0
                text6                              2134     2134      126         0
                text5                              2A6E     2A6E       2A         0
                text4                              2B28     2B28       20         0
                text3                              29E0     29E0       34         0
                text2                              250A     250A       88         0
                text1                              2B08     2B08       20         0
                text0                              141E     141E      1F2         0
                cinit                              2A44     2A44       2A         0

        CLASS   CONST          

        CLASS   SMALLCONST     
                smallconst                          E00      E00       8A         0

        CLASS   MEDIUMCONST    

        CLASS   COMRAM         
                cstackCOMRAM                          1        1       5F         1

        CLASS   ABS1           

        CLASS   BIGRAM         

        CLASS   RAM            

        CLASS   BANK0          
                cstackBANK0                          60       60       86         1
                bssBANK0                             E6       E6        9         1

        CLASS   BANK1          
                cstackBANK1                         100      100       E6         1
                bssBANK1                            1E6      1E6       14         1

        CLASS   BANK2          
                bssBANK2                            200      200       5C         1

        CLASS   BANK3          

        CLASS   BANK4          

        CLASS   BANK5          

        CLASS   BANK6          

        CLASS   BANK7          

        CLASS   BANK8          

        CLASS   BANK9          

        CLASS   BANK10         

        CLASS   BANK11         

        CLASS   BANK12         

        CLASS   BANK13         

        CLASS   SFR            

        CLASS   BIGSFR         

        CLASS   CONFIG         
                config                           300000   300000        C         4

        CLASS   IDLOC          
                idloc                            200000   200000       10         5

        CLASS   EEDATA         

        CLASS   FARRAM         

        CLASS   HEAP           

        CLASS   STACK          



SEGMENTS        Name                           Load    Length   Top    Selector   Space  Class

                reset_vec                      000000  000004  000004         0       0  CODE    
                cstackCOMRAM                   000001  00005F  000060         1       1  COMRAM  
                cstackBANK0                    000060  00008F  0000EF        60       1  BANK0   
                cstackBANK1                    000100  0000FA  0001FA       100       1  BANK1   
                bssBANK2                       000200  00005C  00025C       200       1  BANK2   
                smallconst                     000E00  00008A  000E8A       700       0  SMALLCON
                text8                          000E8A  001D02  002B8C       745       0  CODE    


UNUSED ADDRESS RANGES

        Name                Unused          Largest block    Delta
        BANK0            0000EF-0000FF               11
        BANK1            0001FA-0001FF                6
        BANK10           000A00-000AFF              100
        BANK11           000B00-000BFF              100
        BANK12           000C00-000CFF              100
        BANK13           000D00-000DE9               EA
        BANK2            00025C-0002FF               A4
        BANK3            000300-0003FF              100
        BANK4            000400-0004FF              100
        BANK5            000500-0005FF              100
        BANK6            000600-0006FF              100
        BANK7            000700-0007FF              100
        BANK8            000800-0008FF              100
        BANK9            000900-0009FF              100
        BIGRAM           0000EF-0000FF               11
                         0001FA-0001FF                6
                         00025C-000DE9              B8E
        BIGSFR           000DEF-000FFF              211
        CODE             000004-000DFF              DFC
                         002B8C-01FFFF            1D474
        CONST            000004-000DFF              DFC
                         002B8C-01FFFF            1D474
        EEDATA           310000-3103FF              400
        MEDIUMCONST      002B8C-00FFFF             D474
                         010E00-01FFFF             F200
        RAM              0000EF-0000FF               11
                         0001FA-0001FF                6
                         00025C-000DE9              100
        SFR              000DEF-000FFF              100
        SMALLCONST       002B8C-01FFFF              100

                                  Symbol Table

?___aodiv                               cstackCOMRAM 000001
?___aomod                               cstackCOMRAM 000001
?___lwdiv                               cstackCOMRAM 000007
?___wmul                                cstackCOMRAM 000001
?_abs                                   cstackCOMRAM 000013
?_color_read_Blue                       cstackCOMRAM 000005
?_color_read_Green                      cstackCOMRAM 000005
?_color_read_Red                        cstackCOMRAM 000005
?_sprintf                               cstackBANK0  000060
?_vfprintf                              cstackCOMRAM 000051
I2C_2_Master_Read@ack                   cstackCOMRAM 000003
I2C_2_Master_Read@tmp                   cstackCOMRAM 000004
I2C_2_Master_Write@data_byte            cstackCOMRAM 000002
_ANSELDbits                             (abs)        000EA7
_ANSELFbits                             (abs)        000EB4
_BAUD4CONbits                           (abs)        000EE9
_CCP1CONbits                            (abs)        000FAB
_CCP2CONbits                            (abs)        000FA7
_CCP3CONbits                            (abs)        000F26
_CCP4CONbits                            (abs)        000F22
_CCPR1H                                 (abs)        000FAA
_CCPR2H                                 (abs)        000FA6
_CCPR3H                                 (abs)        000F25
_CCPR4H                                 (abs)        000F21
_CCPTMRS0bits                           (abs)        000FAD
_EUSART4RXbuf                           bssBANK1     0001E6
_EUSART4TXbuf                           bssBANK2     000200
_I2C_2_Master_Idle                      text39       002A98
_I2C_2_Master_Init                      text5        002A6E
_I2C_2_Master_Read                      text38       00295E
_I2C_2_Master_RepStart                  text37       002B80
_I2C_2_Master_Start                     text36       002B76
_I2C_2_Master_Stop                      text35       002B6C
_I2C_2_Master_Write                     text34       002B60
_LATAbits                               (abs)        000F79
_LATDbits                               (abs)        000F7C
_LATFbits                               (abs)        000F7E
_LATGbits                               (abs)        000F7F
_LATHbits                               (abs)        000F80
_LEDSon_init                            text41       002AE6
_PIE4bits                               (abs)        000E2D
_PIR4bits                               (abs)        000E37
_PORTFbits                              (abs)        000F8E
_RC0PPS                                 (abs)        000E62
_RC4REG                                 (abs)        000EE3
_RC4STAbits                             (abs)        000EE7
_RC7PPS                                 (abs)        000E69
_RD5PPS                                 (abs)        000E6F
_RD6PPS                                 (abs)        000E70
_RE2PPS                                 (abs)        000E74
_RE4PPS                                 (abs)        000E76
_RG6PPS                                 (abs)        000E88
_RX4PPS                                 (abs)        000E15
_RxBufReadCnt                           bssBANK0     0000ED
_RxBufWriteCnt                          bssBANK0     0000EE
_SP4BRGH                                (abs)        000EE6
_SP4BRGL                                (abs)        000EE5
_SSP2ADD                                (abs)        000ED6
_SSP2BUF                                (abs)        000ED5
_SSP2CLKPPS                             (abs)        000E1C
_SSP2CON1bits                           (abs)        000ED9
_SSP2CON2                               (abs)        000EDA
_SSP2CON2bits                           (abs)        000EDA
_SSP2DATPPS                             (abs)        000E1D
_SSP2STAT                               (abs)        000ED8
_T2CLKCONbits                           (abs)        000FBF
_T2CONbits                              (abs)        000FBD
_T2HLTbits                              (abs)        000FBE
_T2PR                                   (abs)        000FBC
_TRISAbits                              (abs)        000F81
_TRISCbits                              (abs)        000F83
_TRISDbits                              (abs)        000F84
_TRISEbits                              (abs)        000F85
_TRISFbits                              (abs)        000F86
_TRISGbits                              (abs)        000F87
_TRISHbits                              (abs)        000F88
_TX4REG                                 (abs)        000EE4
_TX4STAbits                             (abs)        000EE8
_TxBufReadCnt                           bssBANK0     0000EB
_TxBufWriteCnt                          bssBANK0     0000EC
__HRAM                                  (abs)        000000
__Habs1                                 abs1         000000
__Hbank0                                bank0        000000
__Hbank1                                bank1        000000
__Hbank10                               bank10       000000
__Hbank11                               bank11       000000
__Hbank12                               bank12       000000
__Hbank13                               bank13       000000
__Hbank2                                bank2        000000
__Hbank3                                bank3        000000
__Hbank4                                bank4        000000
__Hbank5                                bank5        000000
__Hbank6                                bank6        000000
__Hbank7                                bank7        000000
__Hbank8                                bank8        000000
__Hbank9                                bank9        000000
__Hbigbss                               bigbss       000000
__Hbigdata                              bigdata      000000
__Hbigram                               bigram       000000
__Hbigsfr                               bigsfr       000000
__Hbss                                  bss          000000
__HbssBANK0                             bssBANK0     000000
__HbssBANK1                             bssBANK1     000000
__HbssBANK2                             bssBANK2     000000
__Hcinit                                cinit        000000
__Hclrtext                              clrtext      000000
__Hcomram                               comram       000000
__Hconfig                               config       30000C
__Hconst                                const        000000
__HcstackBANK0                          cstackBANK0  000000
__HcstackBANK1                          cstackBANK1  000000
__HcstackCOMRAM                         cstackCOMRAM 000000
__Hdata                                 data         000000
__Heeprom_data                          eeprom_data  000000
__Hfarbss                               farbss       000000
__Hfardata                              fardata      000000
__Hheap                                 heap         000000
__Hibigdata                             ibigdata     000000
__Hidata                                idata        000000
__Hidloc                                idloc        200010
__Hifardata                             ifardata     000000
__Hinit                                 init         000004
__Hintcode                              intcode      000000
__Hintcode_body                         intcode_body 000000
__Hintcodelo                            intcodelo    000000
__Hintentry                             intentry     000000
__Hintret                               intret       000000
__Hintsave_regs                         intsave_regs 000000
__Hirdata                               irdata       000000
__Hmediumconst                          mediumconst  000000
__HnvFARRAM                             nvFARRAM     000000
__Hnvbit                                nvbit        000000
__Hnvrram                               nvrram       000000
__Hparam                                rparam       000000
__Hpowerup                              powerup      000000
__Hram                                  ram          000000
__Hramtop                               ramtop       000E00
__Hrbit                                 rbit         000000
__Hrbss                                 rbss         000000
__Hrdata                                rdata        000000
__Hreset_vec                            reset_vec    000000
__Hrparam                               rparam       000000
__Hsfr                                  sfr          000000
__Hsmallconst                           smallconst   000E8A
__Hspace_0                              (abs)        002B8C
__Hspace_1                              (abs)        00025C
__Hspace_2                              (abs)        000000
__Hspace_4                              (abs)        60000C
__Hstack                                stack        000000
__Hstruct                               struct       000000
__Htemp                                 temp         000000
__Htext                                 text         000000
__Htext0                                text0        000000
__Htext1                                text1        000000
__Htext10                               text10       000000
__Htext11                               text11       000000
__Htext12                               text12       000000
__Htext13                               text13       000000
__Htext14                               text14       000000
__Htext15                               text15       000000
__Htext16                               text16       000000
__Htext17                               text17       000000
__Htext18                               text18       000000
__Htext19                               text19       000000
__Htext2                                text2        000000
__Htext20                               text20       000000
__Htext21                               text21       000000
__Htext22                               text22       000000
__Htext23                               text23       000000
__Htext24                               text24       000000
__Htext25                               text25       000000
__Htext26                               text26       000000
__Htext27                               text27       000000
__Htext28                               text28       000000
__Htext29                               text29       000000
__Htext3                                text3        000000
__Htext30                               text30       000000
__Htext31                               text31       000000
__Htext32                               text32       000000
__Htext33                               text33       000000
__Htext34                               text34       000000
__Htext35                               text35       000000
__Htext36                               text36       000000
__Htext37                               text37       000000
__Htext38                               text38       000000
__Htext39                               text39       000000
__Htext4                                text4        000000
__Htext40                               text40       000000
__Htext41                               text41       000000
__Htext5                                text5        000000
__Htext6                                text6        000000
__Htext7                                text7        000000
__Htext8                                text8        000000
__Htext9                                text9        000000
__LRAM                                  (abs)        000001
__Labs1                                 abs1         000000
__Lbank0                                bank0        000000
__Lbank1                                bank1        000000
__Lbank10                               bank10       000000
__Lbank11                               bank11       000000
__Lbank12                               bank12       000000
__Lbank13                               bank13       000000
__Lbank2                                bank2        000000
__Lbank3                                bank3        000000
__Lbank4                                bank4        000000
__Lbank5                                bank5        000000
__Lbank6                                bank6        000000
__Lbank7                                bank7        000000
__Lbank8                                bank8        000000
__Lbank9                                bank9        000000
__Lbigbss                               bigbss       000000
__Lbigdata                              bigdata      000000
__Lbigram                               bigram       000000
__Lbigsfr                               bigsfr       000000
__Lbss                                  bss          000000
__LbssBANK0                             bssBANK0     000000
__LbssBANK1                             bssBANK1     000000
__LbssBANK2                             bssBANK2     000000
__Lcinit                                cinit        000000
__Lclrtext                              clrtext      000000
__Lcomram                               comram       000000
__Lconfig                               config       000000
__Lconst                                const        000000
__LcstackBANK0                          cstackBANK0  000000
__LcstackBANK1                          cstackBANK1  000000
__LcstackCOMRAM                         cstackCOMRAM 000000
__Ldata                                 data         000000
__Leeprom_data                          eeprom_data  000000
__Lfarbss                               farbss       000000
__Lfardata                              fardata      000000
__Lheap                                 heap         000000
__Libigdata                             ibigdata     000000
__Lidata                                idata        000000
__Lidloc                                idloc        000000
__Lifardata                             ifardata     000000
__Linit                                 init         000000
__Lintcode                              intcode      000000
__Lintcode_body                         intcode_body 000000
__Lintcodelo                            intcodelo    000000
__Lintentry                             intentry     000000
__Lintret                               intret       000000
__Lintsave_regs                         intsave_regs 000000
__Lirdata                               irdata       000000
__Lmediumconst                          mediumconst  000000
__LnvFARRAM                             nvFARRAM     000000
__Lnvbit                                nvbit        000000
__Lnvrram                               nvrram       000000
__Lparam                                rparam       000000
__Lpowerup                              powerup      000000
__Lram                                  ram          000000
__Lramtop                               ramtop       000E00
__Lrbit                                 rbit         000000
__Lrbss                                 rbss         000000
__Lrdata                                rdata        000000
__Lreset_vec                            reset_vec    000000
__Lrparam                               rparam       000000
__Lsfr                                  sfr          000000
__Lsmallconst                           smallconst   000E00
__Lspace_0                              (abs)        000000
__Lspace_1                              (abs)        000000
__Lspace_2                              (abs)        000000
__Lspace_4                              (abs)        000000
__Lstack                                stack        000000
__Lstruct                               struct       000000
__Ltemp                                 temp         000000
__Ltext                                 text         000000
__Ltext0                                text0        000000
__Ltext1                                text1        000000
__Ltext10                               text10       000000
__Ltext11                               text11       000000
__Ltext12                               text12       000000
__Ltext13                               text13       000000
__Ltext14                               text14       000000
__Ltext15                               text15       000000
__Ltext16                               text16       000000
__Ltext17                               text17       000000
__Ltext18                               text18       000000
__Ltext19                               text19       000000
__Ltext2                                text2        000000
__Ltext20                               text20       000000
__Ltext21                               text21       000000
__Ltext22                               text22       000000
__Ltext23                               text23       000000
__Ltext24                               text24       000000
__Ltext25                               text25       000000
__Ltext26                               text26       000000
__Ltext27                               text27       000000
__Ltext28                               text28       000000
__Ltext29                               text29       000000
__Ltext3                                text3        000000
__Ltext30                               text30       000000
__Ltext31                               text31       000000
__Ltext32                               text32       000000
__Ltext33                               text33       000000
__Ltext34                               text34       000000
__Ltext35                               text35       000000
__Ltext36                               text36       000000
__Ltext37                               text37       000000
__Ltext38                               text38       000000
__Ltext39                               text39       000000
__Ltext4                                text4        000000
__Ltext40                               text40       000000
__Ltext41                               text41       000000
__Ltext5                                text5        000000
__Ltext6                                text6        000000
__Ltext7                                text7        000000
__Ltext8                                text8        000000
__Ltext9                                text9        000000
__S0                                    (abs)        002B8C
__S1                                    (abs)        00025C
__S4                                    (abs)        000000
__S5                                    (abs)        000000
___aodiv                                text26       001B7E
___aodiv@counter                        cstackCOMRAM 000011
___aodiv@dividend                       cstackCOMRAM 000001
___aodiv@divisor                        cstackCOMRAM 000009
___aodiv@quotient                       cstackCOMRAM 000013
___aodiv@sign                           cstackCOMRAM 000012
___aomod                                text25       001E72
___aomod@counter                        cstackCOMRAM 000011
___aomod@dividend                       cstackCOMRAM 000001
___aomod@divisor                        cstackCOMRAM 000009
___aomod@sign                           cstackCOMRAM 000012
___heap_hi                              (abs)        000000
___heap_lo                              (abs)        000000
___inthi_sp                             stack        000000
___intlo_sp                             stack        000000
___lwdiv                                text40       002712
___lwdiv@counter                        cstackCOMRAM 00000D
___lwdiv@dividend                       cstackCOMRAM 000007
___lwdiv@divisor                        cstackCOMRAM 000009
___lwdiv@quotient                       cstackCOMRAM 00000B
___param_bank                           (abs)        000000
___rparam_used                          (abs)        000001
___sp                                   stack        000000
___wmul                                 text14       002AC0
___wmul@multiplicand                    cstackCOMRAM 000003
___wmul@multiplier                      cstackCOMRAM 000001
___wmul@product                         cstackCOMRAM 000005
__accesstop                             (abs)        000060
__activetblptr                          (abs)        000003
__end_of_I2C_2_Master_Idle              text39       002AC0
__end_of_I2C_2_Master_Init              text5        002A98
__end_of_I2C_2_Master_Read              text38       0029A0
__end_of_I2C_2_Master_RepStart          text37       002B8A
__end_of_I2C_2_Master_Start             text36       002B80
__end_of_I2C_2_Master_Stop              text35       002B76
__end_of_I2C_2_Master_Write             text34       002B6C
__end_of_LEDSon_init                    text41       002B08
__end_of___aodiv                        text26       001D06
__end_of___aomod                        text25       001FD6
__end_of___lwdiv                        text40       002786
__end_of___wmul                         text14       002AE6
__end_of__initialization                cinit        002A68
__end_of_abs                            text24       0029E0
__end_of_card_response                  text6        00225A
__end_of_collect_avg_readings           text30       0017F6
__end_of_color_click_init               text3        002A14
__end_of_color_read_Blue                text33       00291A
__end_of_color_read_Green               text32       0028CA
__end_of_color_read_Red                 text31       00287A
__end_of_color_writetoaddr              text4        002B48
__end_of_determine_card                 text29       002698
__end_of_dtoa                           text19       00141E
__end_of_fputc                          text22       002324
__end_of_fputs                          text21       00295E
__end_of_initDCmotorsPWM                text2        002592
__end_of_initUSART4                     text1        002B28
__end_of_main                           text0        001610
__end_of_make_master_closeness          text15       001B7E
__end_of_motor_response                 text8        0011A0
__end_of_normalise_readings             text7        0019D6
__end_of_pad                            text20       002712
__end_of_putch                          text23       002B8C
__end_of_reverseFullSpeed               text12       00250A
__end_of_sendCharSerial4                text28       002B60
__end_of_sendStringSerial4              text27       002A44
__end_of_setMotorPWM                    text13       001E72
__end_of_sprintf                        text16       0027D8
__end_of_stop                           text11       002618
__end_of_turnLeft45                     text10       0023D2
__end_of_turnRight45                    text9        00247E
__end_of_vfpfcnvrt                      text18       002134
__end_of_vfprintf                       text17       00282A
__initialization                        cinit        002A44
__mediumconst                           mediumconst  000000
__pbssBANK0                             bssBANK0     0000E6
__pbssBANK1                             bssBANK1     0001E6
__pbssBANK2                             bssBANK2     000200
__pcinit                                cinit        002A44
__pcstackBANK0                          cstackBANK0  000060
__pcstackBANK1                          cstackBANK1  000100
__pcstackCOMRAM                         cstackCOMRAM 000001
__psmallconst                           smallconst   000E00
__ptext0                                text0        00141E
__ptext1                                text1        002B08
__ptext10                               text10       002324
__ptext11                               text11       002592
__ptext12                               text12       00247E
__ptext13                               text13       001D06
__ptext14                               text14       002AC0
__ptext15                               text15       0019D6
__ptext16                               text16       002786
__ptext17                               text17       0027D8
__ptext18                               text18       001FD6
__ptext19                               text19       0011A0
__ptext2                                text2        00250A
__ptext20                               text20       002698
__ptext21                               text21       00291A
__ptext22                               text22       00225A
__ptext23                               text23       002B8A
__ptext24                               text24       0029A0
__ptext25                               text25       001E72
__ptext26                               text26       001B7E
__ptext27                               text27       002A14
__ptext28                               text28       002B48
__ptext29                               text29       002618
__ptext3                                text3        0029E0
__ptext30                               text30       001610
__ptext31                               text31       00282A
__ptext32                               text32       00287A
__ptext33                               text33       0028CA
__ptext34                               text34       002B60
__ptext35                               text35       002B6C
__ptext36                               text36       002B76
__ptext37                               text37       002B80
__ptext38                               text38       00295E
__ptext39                               text39       002A98
__ptext4                                text4        002B28
__ptext40                               text40       002712
__ptext41                               text41       002AE6
__ptext5                                text5        002A6E
__ptext6                                text6        002134
__ptext7                                text7        0017F6
__ptext8                                text8        000E8A
__ptext9                                text9        0023D2
__ramtop                                ramtop       000E00
__smallconst                            smallconst   000E00
_abs                                    text24       0029A0
_card_response                          text6        002134
_collect_avg_readings                   text30       001610
_color_click_init                       text3        0029E0
_color_read_Blue                        text33       0028CA
_color_read_Green                       text32       00287A
_color_read_Red                         text31       00282A
_color_writetoaddr                      text4        002B28
_dbuf                                   bssBANK2     00023C
_determine_card                         text29       002618
_dtoa                                   text19       0011A0
_dtoa$2284                              cstackCOMRAM 00002E
_flags                                  bssBANK0     0000EA
_fputc                                  text22       00225A
_fputs                                  text21       00291A
_initDCmotorsPWM                        text2        00250A
_initUSART4                             text1        002B08
_main                                   text0        00141E
_make_master_closeness                  text15       0019D6
_motor_response                         text8        000E8A
_normalise_readings                     text7        0017F6
_pad                                    text20       002698
_prec                                   bssBANK0     0000E8
_putch                                  text23       002B8A
_reverseFullSpeed                       text12       00247E
_sendCharSerial4                        text28       002B48
_sendStringSerial4                      text27       002A14
_setMotorPWM                            text13       001D06
_sprintf                                text16       002786
_stop                                   text11       002592
_turnLeft45                             text10       002324
_turnRight45                            text9        0023D2
_vfpfcnvrt                              text18       001FD6
_vfprintf                               text17       0027D8
_width                                  bssBANK0     0000E6
abs@a                                   cstackCOMRAM 000013
card_response@blue_read                 cstackBANK0  000093
card_response@buf                       cstackBANK0  00008D
card_response@card                      cstackBANK0  0000E3
card_response@expected_values           cstackBANK0  000095
card_response@green_read                cstackBANK0  000091
card_response@mL                        cstackBANK0  000097
card_response@mR                        cstackBANK0  000099
card_response@master_closeness          cstackBANK0  0000D1
card_response@normalised_values         cstackBANK0  00009B
card_response@red_read                  cstackBANK0  00008F
collect_avg_readings@blue_read          cstackCOMRAM 000012
collect_avg_readings@green_read         cstackCOMRAM 000010
collect_avg_readings@i                  cstackCOMRAM 000016
collect_avg_readings@i_1538             cstackCOMRAM 000018
collect_avg_readings@i_1539             cstackCOMRAM 00001A
collect_avg_readings@i_1540             cstackCOMRAM 00001C
collect_avg_readings@red_read           cstackCOMRAM 00000E
color_read_Blue@tmp                     cstackCOMRAM 00000A
color_read_Green@tmp                    cstackCOMRAM 00000A
color_read_Red@tmp                      cstackCOMRAM 00000A
color_writetoaddr@address               cstackCOMRAM 000004
color_writetoaddr@value                 cstackCOMRAM 000003
determine_card@current_smallest         cstackCOMRAM 000007
determine_card@i                        cstackCOMRAM 00000A
determine_card@master_closeness         cstackCOMRAM 000001
determine_card@predicted_colour         cstackCOMRAM 000009
dtoa@d                                  cstackCOMRAM 00001E
dtoa@fp                                 cstackCOMRAM 00001C
dtoa@i                                  cstackCOMRAM 00003C
dtoa@n                                  cstackCOMRAM 000034
dtoa@p                                  cstackCOMRAM 000030
dtoa@s                                  cstackCOMRAM 00003E
dtoa@w                                  cstackCOMRAM 000032
end_of_initialization                   cinit        002A68
fputc@c                                 cstackCOMRAM 000001
fputc@fp                                cstackCOMRAM 000003
fputs@c                                 cstackCOMRAM 00000E
fputs@fp                                cstackCOMRAM 00000C
fputs@i                                 cstackCOMRAM 00000F
fputs@s                                 cstackCOMRAM 00000A
intlevel0                               text         000000
intlevel1                               text         000000
intlevel2                               text         000000
intlevel3                               text         000000
isa$std                                 (abs)        000001
isa$xinst                               (abs)        000000
main@PWMcycle                           cstackBANK1  0001CC
main@blue_read                          cstackBANK1  0001D1
main@buf                                cstackBANK1  000100
main@expected_values                    cstackBANK1  000196
main@green_read                         cstackBANK1  0001CF
main@i                                  cstackBANK1  0001D3
main@motorL                             cstackBANK1  0001D4
main@motorR                             cstackBANK1  0001DD
main@red_read                           cstackBANK1  0001CD
make_master_closeness@buf               cstackCOMRAM 000059
make_master_closeness@i                 cstackCOMRAM 00005F
make_master_closeness@master_closeness  cstackCOMRAM 00005D
make_master_closeness@normalised_values cstackCOMRAM 00005B
motor_response@card                     cstackCOMRAM 000022
motor_response@mL                       cstackCOMRAM 00001C
motor_response@mR                       cstackCOMRAM 00001E
normalise_readings@blue_read            cstackCOMRAM 00001D
normalise_readings@buf                  cstackCOMRAM 000017
normalise_readings@difference           cstackCOMRAM 000029
normalise_readings@expected_values      cstackCOMRAM 00001F
normalise_readings@green_read           cstackCOMRAM 00001B
normalise_readings@i                    cstackCOMRAM 00002B
normalise_readings@normalised_values    cstackCOMRAM 000021
normalise_readings@red_read             cstackCOMRAM 000019
pad@buf                                 cstackCOMRAM 000013
pad@fp                                  cstackCOMRAM 000011
pad@i                                   cstackCOMRAM 000018
pad@p                                   cstackCOMRAM 000015
pad@w                                   cstackCOMRAM 00001A
reverseFullSpeed@i                      cstackCOMRAM 000019
reverseFullSpeed@mL                     cstackCOMRAM 000014
reverseFullSpeed@mR                     cstackCOMRAM 000016
sendCharSerial4@charToSend              cstackCOMRAM 000001
sendStringSerial4@string                cstackCOMRAM 000002
setMotorPWM@m                           cstackCOMRAM 00000E
setMotorPWM@negDuty                     cstackCOMRAM 000013
setMotorPWM@posDuty                     cstackCOMRAM 000012
sprintf@ap                              cstackBANK0  00006C
sprintf@f                               cstackBANK0  00006E
sprintf@fmt                             cstackBANK0  000062
sprintf@s                               cstackBANK0  000060
stackhi                                 (abs)        000000
stacklo                                 (abs)        000000
start                                   init         000000
start_initialization                    cinit        002A44
stop@mL                                 cstackCOMRAM 000014
stop@mR                                 cstackCOMRAM 000016
turnLeft45@i                            cstackCOMRAM 00001A
turnLeft45@mL                           cstackCOMRAM 000014
turnLeft45@mR                           cstackCOMRAM 000016
turnRight45@i                           cstackCOMRAM 00001A
turnRight45@mL                          cstackCOMRAM 000014
turnRight45@mR                          cstackCOMRAM 000016
vfpfcnvrt@ap                            cstackCOMRAM 000043
vfpfcnvrt@convarg                       cstackCOMRAM 000047
vfpfcnvrt@cp                            cstackCOMRAM 00004F
vfpfcnvrt@fmt                           cstackCOMRAM 000041
vfpfcnvrt@fp                            cstackCOMRAM 00003F
vfprintf@ap                             cstackCOMRAM 000055
vfprintf@cfmt                           cstackCOMRAM 000057
vfprintf@fmt                            cstackCOMRAM 000053
vfprintf@fp                             cstackCOMRAM 000051


MODULE INFORMATION

Module		Function		Class		Link	Load	Size
C:\Program Files\Microchip\xc8\v2.40\pic\sources\c99\common\nf_fputc.c
		_fputc         		CODE           	225A	0000	202

C:\Program Files\Microchip\xc8\v2.40\pic\sources\c99\common\nf_fputc.c estimated size: 202

serial.c
		_sendStringSerial4		CODE           	2A14	0000	48
		_sendCharSerial4		CODE           	2B48	0000	24
		_initUSART4    		CODE           	2B08	0000	32

serial.c estimated size: 104

C:\Program Files\Microchip\xc8\v2.40\pic\sources\c99\common\nf_sprintf.c
		_sprintf       		CODE           	2786	0000	82

C:\Program Files\Microchip\xc8\v2.40\pic\sources\c99\common\nf_sprintf.c estimated size: 82

C:\Program Files\Microchip\xc8\v2.40\pic\sources\c99\common\lwdiv.c
		___lwdiv       		CODE           	2712	0000	116

C:\Program Files\Microchip\xc8\v2.40\pic\sources\c99\common\lwdiv.c estimated size: 116

color.c
		_color_writetoaddr		CODE           	2B28	0000	32
		_color_click_init		CODE           	29E0	0000	52
		_color_read_Green		CODE           	287A	0000	80
		_color_read_Red		CODE           	282A	0000	80
		_color_read_Blue		CODE           	28CA	0000	80

color.c estimated size: 324

C:\Program Files\Microchip\xc8\v2.40\pic\sources\c99\common\Umul16.c
		___wmul        		CODE           	2AC0	0000	38

C:\Program Files\Microchip\xc8\v2.40\pic\sources\c99\common\Umul16.c estimated size: 38

dc_motor.c
		_turnLeft45    		CODE           	2324	0000	174
		_stop          		CODE           	2592	0000	134
		_initDCmotorsPWM		CODE           	250A	0000	136
		_turnRight45   		CODE           	23D2	0000	172
		_setMotorPWM   		CODE           	1D06	0000	364
		_reverseFullSpeed		CODE           	247E	0000	140

dc_motor.c estimated size: 1120

C:\Program Files\Microchip\xc8\v2.40\pic\sources\c99\common\abs.c
		_abs           		CODE           	29A0	0000	64

C:\Program Files\Microchip\xc8\v2.40\pic\sources\c99\common\abs.c estimated size: 64

i2c.c
		_I2C_2_Master_Start		CODE           	2B76	0000	10
		_I2C_2_Master_Read		CODE           	295E	0000	66
		_I2C_2_Master_Idle		CODE           	2A98	0000	40
		_I2C_2_Master_Init		CODE           	2A6E	0000	42
		_I2C_2_Master_Stop		CODE           	2B6C	0000	10
		_I2C_2_Master_RepStart		CODE           	2B80	0000	10
		_I2C_2_Master_Write		CODE           	2B60	0000	12

i2c.c estimated size: 190

LEDsOn.c
		_LEDSon_init   		CODE           	2AE6	0000	34

LEDsOn.c estimated size: 34

C:\Program Files\Microchip\xc8\v2.40\pic\sources\c99\common\nf_fputs.c
		_fputs         		CODE           	291A	0000	68

C:\Program Files\Microchip\xc8\v2.40\pic\sources\c99\common\nf_fputs.c estimated size: 68

C:\Program Files\Microchip\xc8\v2.40\pic\sources\c99\common\aomod.c
		___aomod       		CODE           	1E72	0000	356

C:\Program Files\Microchip\xc8\v2.40\pic\sources\c99\common\aomod.c estimated size: 356

shared
		__initialization		CODE           	2A44	0000	36

shared estimated size: 36

C:\Program Files\Microchip\xc8\v2.40\pic\sources\c99\common\putch.c
		_putch         		CODE           	2B8A	0000	2

C:\Program Files\Microchip\xc8\v2.40\pic\sources\c99\common\putch.c estimated size: 2

C:\Program Files\Microchip\xc8\v2.40\pic\sources\c99\common\doprnt.c
		_vfpfcnvrt     		CODE           	1FD6	0000	350
		_pad           		CODE           	2698	0000	122
		_dtoa          		CODE           	11A0	0000	638
		_vfprintf      		CODE           	27D8	0000	82

C:\Program Files\Microchip\xc8\v2.40\pic\sources\c99\common\doprnt.c estimated size: 1192

colour_identify.c
		_motor_response		CODE           	0E8A	0000	790
		_collect_avg_readings		CODE           	1610	0000	486
		_determine_card		CODE           	2618	0000	128
		_normalise_readings		CODE           	17F6	0000	480
		_make_master_closeness		CODE           	19D6	0000	424
		_card_response 		CODE           	2134	0000	294

colour_identify.c estimated size: 2602

main.c
		_main          		CODE           	141E	0000	498

main.c estimated size: 498

C:\Program Files\Microchip\xc8\v2.40\pic\sources\c99\common\aodiv.c
		___aodiv       		CODE           	1B7E	0000	392

C:\Program Files\Microchip\xc8\v2.40\pic\sources\c99\common\aodiv.c estimated size: 392

