Microchip MPLAB XC8 Compiler V2.40

Linker command line:

-W-3 \
  --edf=C:\Program Files\Microchip\xc8\v2.40\pic\dat\20220703182018_en.msgs \
  -cn \
  -h+dist/default/production\final-project-darciea-matti.X.production.sym \
  --cmf=dist/default/production\final-project-darciea-matti.X.production.cmf \
  -z -Q18F67K40 -oC:\Users\Matti\AppData\Local\Temp\xcAs1028.4 \
  --defsym=__MPLAB_BUILD=1 --fixupoverflow=error \
  -Mdist/default/production/final-project-darciea-matti.X.production.map \
  --md=C:\Users\Matti\AppData\Local\Temp\xcAs1028.dat -E1 -ver=XC8 Compiler \
  --acfsm=1493 -ACODE=00h-01FFFFh -ACONST=00h-01FFFFh \
  -ASMALLCONST=0E00h-0EFFhx498 -AMEDIUMCONST=0E00h-0FFFFh,010E00h-01FFFFh \
  -ACOMRAM=01h-05Fh -AABS1=00h-0DE9h -ABIGRAM=01h-0DE9h \
  -ARAM=060h-0FFh,0100h-01FFhx12,0D00h-0DE9h -ABANK0=060h-0FFh \
  -ABANK1=0100h-01FFh -ABANK2=0200h-02FFh -ABANK3=0300h-03FFh \
  -ABANK4=0400h-04FFh -ABANK5=0500h-05FFh -ABANK6=0600h-06FFh \
  -ABANK7=0700h-07FFh -ABANK8=0800h-08FFh -ABANK9=0900h-09FFh \
  -ABANK10=0A00h-0AFFh -ABANK11=0B00h-0BFFh -ABANK12=0C00h-0CFFh \
  -ABANK13=0D00h-0DE9h \
  -ASFR=0DEFh-0DFFh,0E00h-0EFFh,0F00h-0F5Fh,0F60h-0FFFh \
  -ABIGSFR=0DEFh-0FFFh -ACONFIG=0300000h-030000Bh -AIDLOC=0200000h-020000Fh \
  -AEEDATA=0310000h-03103FFh -peeprom_data=EEDATA \
  -preset_vec=00h,intcode,intcodelo,powerup,init -pramtop=0E00h \
  -psmallconst=SMALLCONST -pmediumconst=MEDIUMCONST -pconst=CONST \
  -AFARRAM=00h-00h \
  -prdata=COMRAM,nvrram=COMRAM,nvbit=COMRAM,rbss=COMRAM,rbit=COMRAM \
  -pfarbss=FARRAM,fardata=FARRAM,nvFARRAM=FARRAM \
  -pintsave_regs=BIGRAM,bigbss=BIGRAM,bigdata=BIGRAM -pbss=RAM \
  -pidata=CODE,irdata=CODE,ibigdata=CODE,ifardata=CODE -prparam=COMRAM \
  C:\Users\Matti\AppData\Local\Temp\xcAs1028.o \
  dist/default/production\final-project-darciea-matti.X.production.o 

Object code version is 3.11

Machine type is 18F67K40



                Name                               Link     Load   Length Selector   Space Scale
C:\Users\Matti\AppData\Local\Temp\xcAs1028.o
                idloc                            200000   200000       10        0       5
                config                           300000   300000        C        0       4
                init                                  0        0        4        0       0
dist/default/production\final-project-darciea-matti.X.production.o
                idloc                            200000   200000       10        0       5
                config                           300000   300000        C        0       4
                smallconst                          E00      E00       7A      700       0
                text43                             2DC0     2DC0       22      73D       0
                text42                             2D72     2D72       28      73D       0
                text41                             2C62     2C62       42      73D       0
                text40                             2E7A     2E7A        A      73D       0
                text39                             2E70     2E70        A      73D       0
                text38                             2E66     2E66        A      73D       0
                text37                             2E5A     2E5A        C      73D       0
                text36                             2BCE     2BCE       50      73D       0
                text35                             2B7E     2B7E       50      73D       0
                text34                             2B2E     2B2E       50      73D       0
                text33                             2ADE     2ADE       50      73D       0
                text32                             16F2     16F2      27A      73D       0
                text31                             28C8     28C8       84      73D       0
                text30                             23FE     23FE      10C      73D       0
                text29                             29C6     29C6       74      73D       0
                text28                             2D9A     2D9A       26      73D       0
                text27                             1D62     1D62      16C      73D       0
                text26                             272E     272E       8C      73D       0
                text25                             2842     2842       86      73D       0
                text24                             25D4     25D4       AE      73D       0
                text23                             2682     2682       AC      73D       0
                text22                              E7A      E7A      316      73D       0
                text21                             2CA4     2CA4       40      73D       0
                text20                             1190     1190      2E4      73D       0
                text19                             2E42     2E42       18      73D       0
                text18                             2D18     2D18       30      73D       0
                text17                             1BDA     1BDA      188      73D       0
                text16                             1ECE     1ECE      164      73D       0
                text15                             2E84     2E84        2      73D       0
                text14                             250A     250A       CA      73D       0
                text13                             2C1E     2C1E       44      73D       0
                text12                             294C     294C       7A      73D       0
                text11                             1474     1474      27E      73D       0
                text10                             2032     2032      15E      73D       0
                text9                              2A8C     2A8C       52      73D       0
                text8                              2A3A     2A3A       52      73D       0
                text7                              2190     2190      14E      73D       0
                text6                              22DE     22DE      120      73D       0
                text5                              2D48     2D48       2A      73D       0
                text4                              2E22     2E22       20      73D       0
                text3                              2CE4     2CE4       34      73D       0
                text2                              27BA     27BA       88      73D       0
                text1                              2E02     2E02       20      73D       0
                text0                              196C     196C      26E      73D       0
                cstackCOMRAM                          1        1       5E        1       1
                cstackBANK0                          60       60       86       60       1
                cstackBANK1                         100      100       FC      100       1
                bssBANK2                            200      200       70      200       1
                bssBANK0                             E6       E6        8       60       1
                bssCOMRAM                            5F       5F        1        1       1
                cinit                              2DE2     2DE2       20      73D       0

TOTAL           Name                               Link     Load   Length     Space
        CLASS   CODE           
                init                                  0        0        4         0
                text43                             2DC0     2DC0       22         0
                text42                             2D72     2D72       28         0
                text41                             2C62     2C62       42         0
                text40                             2E7A     2E7A        A         0
                text39                             2E70     2E70        A         0
                text38                             2E66     2E66        A         0
                text37                             2E5A     2E5A        C         0
                text36                             2BCE     2BCE       50         0
                text35                             2B7E     2B7E       50         0
                text34                             2B2E     2B2E       50         0
                text33                             2ADE     2ADE       50         0
                text32                             16F2     16F2      27A         0
                text31                             28C8     28C8       84         0
                text30                             23FE     23FE      10C         0
                text29                             29C6     29C6       74         0
                text28                             2D9A     2D9A       26         0
                text27                             1D62     1D62      16C         0
                text26                             272E     272E       8C         0
                text25                             2842     2842       86         0
                text24                             25D4     25D4       AE         0
                text23                             2682     2682       AC         0
                text22                              E7A      E7A      316         0
                text21                             2CA4     2CA4       40         0
                text20                             1190     1190      2E4         0
                text19                             2E42     2E42       18         0
                text18                             2D18     2D18       30         0
                text17                             1BDA     1BDA      188         0
                text16                             1ECE     1ECE      164         0
                text15                             2E84     2E84        2         0
                text14                             250A     250A       CA         0
                text13                             2C1E     2C1E       44         0
                text12                             294C     294C       7A         0
                text11                             1474     1474      27E         0
                text10                             2032     2032      15E         0
                text9                              2A8C     2A8C       52         0
                text8                              2A3A     2A3A       52         0
                text7                              2190     2190      14E         0
                text6                              22DE     22DE      120         0
                text5                              2D48     2D48       2A         0
                text4                              2E22     2E22       20         0
                text3                              2CE4     2CE4       34         0
                text2                              27BA     27BA       88         0
                text1                              2E02     2E02       20         0
                text0                              196C     196C      26E         0
                cinit                              2DE2     2DE2       20         0

        CLASS   CONST          

        CLASS   SMALLCONST     
                smallconst                          E00      E00       7A         0

        CLASS   MEDIUMCONST    

        CLASS   COMRAM         
                cstackCOMRAM                          1        1       5E         1
                bssCOMRAM                            5F       5F        1         1

        CLASS   ABS1           

        CLASS   BIGRAM         

        CLASS   RAM            

        CLASS   BANK0          
                cstackBANK0                          60       60       86         1
                bssBANK0                             E6       E6        8         1

        CLASS   BANK1          
                cstackBANK1                         100      100       FC         1

        CLASS   BANK2          
                bssBANK2                            200      200       70         1

        CLASS   BANK3          

        CLASS   BANK4          

        CLASS   BANK5          

        CLASS   BANK6          

        CLASS   BANK7          

        CLASS   BANK8          

        CLASS   BANK9          

        CLASS   BANK10         

        CLASS   BANK11         

        CLASS   BANK12         

        CLASS   BANK13         

        CLASS   SFR            

        CLASS   BIGSFR         

        CLASS   CONFIG         
                config                           300000   300000        C         4

        CLASS   IDLOC          
                idloc                            200000   200000       10         5

        CLASS   EEDATA         

        CLASS   FARRAM         

        CLASS   HEAP           

        CLASS   STACK          



SEGMENTS        Name                           Load    Length   Top    Selector   Space  Class

                reset_vec                      000000  000004  000004         0       0  CODE    
                cstackCOMRAM                   000001  00005F  000060         1       1  COMRAM  
                cstackBANK0                    000060  00008E  0000EE        60       1  BANK0   
                cstackBANK1                    000100  0000FC  0001FC       100       1  BANK1   
                bssBANK2                       000200  000070  000270       200       1  BANK2   
                smallconst                     000E00  00007A  000E7A       700       0  SMALLCON
                text22                         000E7A  00200C  002E86       73D       0  CODE    


UNUSED ADDRESS RANGES

        Name                Unused          Largest block    Delta
        BANK0            0000EE-0000FF               12
        BANK1            0001FC-0001FF                4
        BANK10           000A00-000AFF              100
        BANK11           000B00-000BFF              100
        BANK12           000C00-000CFF              100
        BANK13           000D00-000DE9               EA
        BANK2            000270-0002FF               90
        BANK3            000300-0003FF              100
        BANK4            000400-0004FF              100
        BANK5            000500-0005FF              100
        BANK6            000600-0006FF              100
        BANK7            000700-0007FF              100
        BANK8            000800-0008FF              100
        BANK9            000900-0009FF              100
        BIGRAM           0000EE-0000FF               12
                         0001FC-0001FF                4
                         000270-000DE9              B7A
        BIGSFR           000DEF-000FFF              211
        CODE             000004-000DFF              DFC
                         002E86-01FFFF            1D17A
        CONST            000004-000DFF              DFC
                         002E86-01FFFF            1D17A
        EEDATA           310000-3103FF              400
        MEDIUMCONST      002E86-00FFFF             D17A
                         010E00-01FFFF             F200
        RAM              0000EE-0000FF               12
                         0001FC-0001FF                4
                         000270-000DE9              100
        SFR              000DEF-000FFF              100
        SMALLCONST       002E86-01FFFF              100

                                  Symbol Table

?___aodiv                               cstackCOMRAM 000001
?___aomod                               cstackCOMRAM 000001
?___lwdiv                               cstackCOMRAM 000007
?___wmul                                cstackCOMRAM 000001
?_abs                                   cstackCOMRAM 000013
?_color_read_Blue                       cstackCOMRAM 000005
?_color_read_Clear                      cstackCOMRAM 000005
?_color_read_Green                      cstackCOMRAM 000005
?_color_read_Red                        cstackCOMRAM 000005
?_sprintf                               cstackBANK0  000060
?_vfprintf                              cstackCOMRAM 000051
I2C_2_Master_Read@ack                   cstackCOMRAM 000003
I2C_2_Master_Read@tmp                   cstackCOMRAM 000004
I2C_2_Master_Write@data_byte            cstackCOMRAM 000002
_ANSELDbits                             (abs)        000EA7
_ANSELFbits                             (abs)        000EB4
_BAUD4CONbits                           (abs)        000EE9
_CCP1CONbits                            (abs)        000FAB
_CCP2CONbits                            (abs)        000FA7
_CCP3CONbits                            (abs)        000F26
_CCP4CONbits                            (abs)        000F22
_CCPR1H                                 (abs)        000FAA
_CCPR2H                                 (abs)        000FA6
_CCPR3H                                 (abs)        000F25
_CCPR4H                                 (abs)        000F21
_CCPTMRS0bits                           (abs)        000FAD
_EUSART4RXbuf                           bssBANK2     00023C
_EUSART4TXbuf                           bssBANK2     000200
_I2C_2_Master_Idle                      text42       002D72
_I2C_2_Master_Init                      text5        002D48
_I2C_2_Master_Read                      text41       002C62
_I2C_2_Master_RepStart                  text40       002E7A
_I2C_2_Master_Start                     text39       002E70
_I2C_2_Master_Stop                      text38       002E66
_I2C_2_Master_Write                     text37       002E5A
_LATAbits                               (abs)        000F79
_LATDbits                               (abs)        000F7C
_LATFbits                               (abs)        000F7E
_LATGbits                               (abs)        000F7F
_LATHbits                               (abs)        000F80
_LEDSon_init                            text43       002DC0
_PIE4bits                               (abs)        000E2D
_PIR4bits                               (abs)        000E37
_PORTFbits                              (abs)        000F8E
_RC0PPS                                 (abs)        000E62
_RC4REG                                 (abs)        000EE3
_RC4STAbits                             (abs)        000EE7
_RC7PPS                                 (abs)        000E69
_RD5PPS                                 (abs)        000E6F
_RD6PPS                                 (abs)        000E70
_RE2PPS                                 (abs)        000E74
_RE4PPS                                 (abs)        000E76
_RG6PPS                                 (abs)        000E88
_RX4PPS                                 (abs)        000E15
_RxBufReadCnt                           bssBANK0     0000EC
_RxBufWriteCnt                          bssBANK0     0000ED
_SP4BRGH                                (abs)        000EE6
_SP4BRGL                                (abs)        000EE5
_SSP2ADD                                (abs)        000ED6
_SSP2BUF                                (abs)        000ED5
_SSP2CLKPPS                             (abs)        000E1C
_SSP2CON1bits                           (abs)        000ED9
_SSP2CON2                               (abs)        000EDA
_SSP2CON2bits                           (abs)        000EDA
_SSP2DATPPS                             (abs)        000E1D
_SSP2STAT                               (abs)        000ED8
_T2CLKCONbits                           (abs)        000FBF
_T2CONbits                              (abs)        000FBD
_T2HLTbits                              (abs)        000FBE
_T2PR                                   (abs)        000FBC
_TRISAbits                              (abs)        000F81
_TRISCbits                              (abs)        000F83
_TRISDbits                              (abs)        000F84
_TRISEbits                              (abs)        000F85
_TRISFbits                              (abs)        000F86
_TRISGbits                              (abs)        000F87
_TRISHbits                              (abs)        000F88
_TX4REG                                 (abs)        000EE4
_TX4STAbits                             (abs)        000EE8
_TxBufReadCnt                           bssBANK0     0000EB
_TxBufWriteCnt                          bssCOMRAM    00005F
__HRAM                                  (abs)        000000
__Habs1                                 abs1         000000
__Hbank0                                bank0        000000
__Hbank1                                bank1        000000
__Hbank10                               bank10       000000
__Hbank11                               bank11       000000
__Hbank12                               bank12       000000
__Hbank13                               bank13       000000
__Hbank2                                bank2        000000
__Hbank3                                bank3        000000
__Hbank4                                bank4        000000
__Hbank5                                bank5        000000
__Hbank6                                bank6        000000
__Hbank7                                bank7        000000
__Hbank8                                bank8        000000
__Hbank9                                bank9        000000
__Hbigbss                               bigbss       000000
__Hbigdata                              bigdata      000000
__Hbigram                               bigram       000000
__Hbigsfr                               bigsfr       000000
__Hbss                                  bss          000000
__HbssBANK0                             bssBANK0     000000
__HbssBANK2                             bssBANK2     000000
__HbssCOMRAM                            bssCOMRAM    000000
__Hcinit                                cinit        000000
__Hclrtext                              clrtext      000000
__Hcomram                               comram       000000
__Hconfig                               config       30000C
__Hconst                                const        000000
__HcstackBANK0                          cstackBANK0  000000
__HcstackBANK1                          cstackBANK1  000000
__HcstackCOMRAM                         cstackCOMRAM 000000
__Hdata                                 data         000000
__Heeprom_data                          eeprom_data  000000
__Hfarbss                               farbss       000000
__Hfardata                              fardata      000000
__Hheap                                 heap         000000
__Hibigdata                             ibigdata     000000
__Hidata                                idata        000000
__Hidloc                                idloc        200010
__Hifardata                             ifardata     000000
__Hinit                                 init         000004
__Hintcode                              intcode      000000
__Hintcode_body                         intcode_body 000000
__Hintcodelo                            intcodelo    000000
__Hintentry                             intentry     000000
__Hintret                               intret       000000
__Hintsave_regs                         intsave_regs 000000
__Hirdata                               irdata       000000
__Hmediumconst                          mediumconst  000000
__HnvFARRAM                             nvFARRAM     000000
__Hnvbit                                nvbit        000000
__Hnvrram                               nvrram       000000
__Hparam                                rparam       000000
__Hpowerup                              powerup      000000
__Hram                                  ram          000000
__Hramtop                               ramtop       000E00
__Hrbit                                 rbit         000000
__Hrbss                                 rbss         000000
__Hrdata                                rdata        000000
__Hreset_vec                            reset_vec    000000
__Hrparam                               rparam       000000
__Hsfr                                  sfr          000000
__Hsmallconst                           smallconst   000E7A
__Hspace_0                              (abs)        002E86
__Hspace_1                              (abs)        000270
__Hspace_2                              (abs)        000000
__Hspace_4                              (abs)        60000C
__Hstack                                stack        000000
__Hstruct                               struct       000000
__Htemp                                 temp         000000
__Htext                                 text         000000
__Htext0                                text0        000000
__Htext1                                text1        000000
__Htext10                               text10       000000
__Htext11                               text11       000000
__Htext12                               text12       000000
__Htext13                               text13       000000
__Htext14                               text14       000000
__Htext15                               text15       000000
__Htext16                               text16       000000
__Htext17                               text17       000000
__Htext18                               text18       000000
__Htext19                               text19       000000
__Htext2                                text2        000000
__Htext20                               text20       000000
__Htext21                               text21       000000
__Htext22                               text22       000000
__Htext23                               text23       000000
__Htext24                               text24       000000
__Htext25                               text25       000000
__Htext26                               text26       000000
__Htext27                               text27       000000
__Htext28                               text28       000000
__Htext29                               text29       000000
__Htext3                                text3        000000
__Htext30                               text30       000000
__Htext31                               text31       000000
__Htext32                               text32       000000
__Htext33                               text33       000000
__Htext34                               text34       000000
__Htext35                               text35       000000
__Htext36                               text36       000000
__Htext37                               text37       000000
__Htext38                               text38       000000
__Htext39                               text39       000000
__Htext4                                text4        000000
__Htext40                               text40       000000
__Htext41                               text41       000000
__Htext42                               text42       000000
__Htext43                               text43       000000
__Htext5                                text5        000000
__Htext6                                text6        000000
__Htext7                                text7        000000
__Htext8                                text8        000000
__Htext9                                text9        000000
__LRAM                                  (abs)        000001
__Labs1                                 abs1         000000
__Lbank0                                bank0        000000
__Lbank1                                bank1        000000
__Lbank10                               bank10       000000
__Lbank11                               bank11       000000
__Lbank12                               bank12       000000
__Lbank13                               bank13       000000
__Lbank2                                bank2        000000
__Lbank3                                bank3        000000
__Lbank4                                bank4        000000
__Lbank5                                bank5        000000
__Lbank6                                bank6        000000
__Lbank7                                bank7        000000
__Lbank8                                bank8        000000
__Lbank9                                bank9        000000
__Lbigbss                               bigbss       000000
__Lbigdata                              bigdata      000000
__Lbigram                               bigram       000000
__Lbigsfr                               bigsfr       000000
__Lbss                                  bss          000000
__LbssBANK0                             bssBANK0     000000
__LbssBANK2                             bssBANK2     000000
__LbssCOMRAM                            bssCOMRAM    000000
__Lcinit                                cinit        000000
__Lclrtext                              clrtext      000000
__Lcomram                               comram       000000
__Lconfig                               config       000000
__Lconst                                const        000000
__LcstackBANK0                          cstackBANK0  000000
__LcstackBANK1                          cstackBANK1  000000
__LcstackCOMRAM                         cstackCOMRAM 000000
__Ldata                                 data         000000
__Leeprom_data                          eeprom_data  000000
__Lfarbss                               farbss       000000
__Lfardata                              fardata      000000
__Lheap                                 heap         000000
__Libigdata                             ibigdata     000000
__Lidata                                idata        000000
__Lidloc                                idloc        000000
__Lifardata                             ifardata     000000
__Linit                                 init         000000
__Lintcode                              intcode      000000
__Lintcode_body                         intcode_body 000000
__Lintcodelo                            intcodelo    000000
__Lintentry                             intentry     000000
__Lintret                               intret       000000
__Lintsave_regs                         intsave_regs 000000
__Lirdata                               irdata       000000
__Lmediumconst                          mediumconst  000000
__LnvFARRAM                             nvFARRAM     000000
__Lnvbit                                nvbit        000000
__Lnvrram                               nvrram       000000
__Lparam                                rparam       000000
__Lpowerup                              powerup      000000
__Lram                                  ram          000000
__Lramtop                               ramtop       000E00
__Lrbit                                 rbit         000000
__Lrbss                                 rbss         000000
__Lrdata                                rdata        000000
__Lreset_vec                            reset_vec    000000
__Lrparam                               rparam       000000
__Lsfr                                  sfr          000000
__Lsmallconst                           smallconst   000E00
__Lspace_0                              (abs)        000000
__Lspace_1                              (abs)        000000
__Lspace_2                              (abs)        000000
__Lspace_4                              (abs)        000000
__Lstack                                stack        000000
__Lstruct                               struct       000000
__Ltemp                                 temp         000000
__Ltext                                 text         000000
__Ltext0                                text0        000000
__Ltext1                                text1        000000
__Ltext10                               text10       000000
__Ltext11                               text11       000000
__Ltext12                               text12       000000
__Ltext13                               text13       000000
__Ltext14                               text14       000000
__Ltext15                               text15       000000
__Ltext16                               text16       000000
__Ltext17                               text17       000000
__Ltext18                               text18       000000
__Ltext19                               text19       000000
__Ltext2                                text2        000000
__Ltext20                               text20       000000
__Ltext21                               text21       000000
__Ltext22                               text22       000000
__Ltext23                               text23       000000
__Ltext24                               text24       000000
__Ltext25                               text25       000000
__Ltext26                               text26       000000
__Ltext27                               text27       000000
__Ltext28                               text28       000000
__Ltext29                               text29       000000
__Ltext3                                text3        000000
__Ltext30                               text30       000000
__Ltext31                               text31       000000
__Ltext32                               text32       000000
__Ltext33                               text33       000000
__Ltext34                               text34       000000
__Ltext35                               text35       000000
__Ltext36                               text36       000000
__Ltext37                               text37       000000
__Ltext38                               text38       000000
__Ltext39                               text39       000000
__Ltext4                                text4        000000
__Ltext40                               text40       000000
__Ltext41                               text41       000000
__Ltext42                               text42       000000
__Ltext43                               text43       000000
__Ltext5                                text5        000000
__Ltext6                                text6        000000
__Ltext7                                text7        000000
__Ltext8                                text8        000000
__Ltext9                                text9        000000
__S0                                    (abs)        002E86
__S1                                    (abs)        000270
__S4                                    (abs)        000000
__S5                                    (abs)        000000
___aodiv                                text17       001BDA
___aodiv@counter                        cstackCOMRAM 000011
___aodiv@dividend                       cstackCOMRAM 000001
___aodiv@divisor                        cstackCOMRAM 000009
___aodiv@quotient                       cstackCOMRAM 000013
___aodiv@sign                           cstackCOMRAM 000012
___aomod                                text16       001ECE
___aomod@counter                        cstackCOMRAM 000011
___aomod@dividend                       cstackCOMRAM 000001
___aomod@divisor                        cstackCOMRAM 000009
___aomod@sign                           cstackCOMRAM 000012
___heap_hi                              (abs)        000000
___heap_lo                              (abs)        000000
___inthi_sp                             stack        000000
___intlo_sp                             stack        000000
___lwdiv                                text29       0029C6
___lwdiv@counter                        cstackCOMRAM 00000D
___lwdiv@dividend                       cstackCOMRAM 000007
___lwdiv@divisor                        cstackCOMRAM 000009
___lwdiv@quotient                       cstackCOMRAM 00000B
___param_bank                           (abs)        000000
___rparam_used                          (abs)        000001
___sp                                   stack        000000
___wmul                                 text28       002D9A
___wmul@multiplicand                    cstackCOMRAM 000003
___wmul@multiplier                      cstackCOMRAM 000001
___wmul@product                         cstackCOMRAM 000005
__accesstop                             (abs)        000060
__activetblptr                          (abs)        000003
__end_of_I2C_2_Master_Idle              text42       002D9A
__end_of_I2C_2_Master_Init              text5        002D72
__end_of_I2C_2_Master_Read              text41       002CA4
__end_of_I2C_2_Master_RepStart          text40       002E84
__end_of_I2C_2_Master_Start             text39       002E7A
__end_of_I2C_2_Master_Stop              text38       002E70
__end_of_I2C_2_Master_Write             text37       002E66
__end_of_LEDSon_init                    text43       002DE2
__end_of___aodiv                        text17       001D62
__end_of___aomod                        text16       002032
__end_of___lwdiv                        text29       002A3A
__end_of___wmul                         text28       002DC0
__end_of__initialization                cinit        002DFC
__end_of_abs                            text21       002CE4
__end_of_card_response                  text7        0022DE
__end_of_clear_read_calibration         text6        0023FE
__end_of_collect_avg_readings           text32       00196C
__end_of_color_click_init               text3        002D18
__end_of_color_read_Blue                text36       002C1E
__end_of_color_read_Clear               text35       002BCE
__end_of_color_read_Green               text34       002B7E
__end_of_color_read_Red                 text33       002B2E
__end_of_color_writetoaddr              text4        002E42
__end_of_determine_card                 text31       00294C
__end_of_dtoa                           text11       0016F2
__end_of_fputc                          text14       0025D4
__end_of_fputs                          text13       002C62
__end_of_initDCmotorsPWM                text2        002842
__end_of_initUSART4                     text1        002E22
__end_of_main                           text0        001BDA
__end_of_make_master_closeness          text30       00250A
__end_of_motor_response                 text22       001190
__end_of_normalise_readings             text20       001474
__end_of_pad                            text12       0029C6
__end_of_putch                          text15       002E86
__end_of_reverseFullSpeed               text26       0027BA
__end_of_sendCharSerial4                text19       002E5A
__end_of_sendStringSerial4              text18       002D48
__end_of_setMotorPWM                    text27       001ECE
__end_of_sprintf                        text8        002A8C
__end_of_stop                           text25       0028C8
__end_of_turnLeft45                     text24       002682
__end_of_turnRight45                    text23       00272E
__end_of_vfpfcnvrt                      text10       002190
__end_of_vfprintf                       text9        002ADE
__initialization                        cinit        002DE2
__mediumconst                           mediumconst  000000
__pbssBANK0                             bssBANK0     0000E6
__pbssBANK2                             bssBANK2     000200
__pbssCOMRAM                            bssCOMRAM    00005F
__pcinit                                cinit        002DE2
__pcstackBANK0                          cstackBANK0  000060
__pcstackBANK1                          cstackBANK1  000100
__pcstackCOMRAM                         cstackCOMRAM 000001
__psmallconst                           smallconst   000E00
__ptext0                                text0        00196C
__ptext1                                text1        002E02
__ptext10                               text10       002032
__ptext11                               text11       001474
__ptext12                               text12       00294C
__ptext13                               text13       002C1E
__ptext14                               text14       00250A
__ptext15                               text15       002E84
__ptext16                               text16       001ECE
__ptext17                               text17       001BDA
__ptext18                               text18       002D18
__ptext19                               text19       002E42
__ptext2                                text2        0027BA
__ptext20                               text20       001190
__ptext21                               text21       002CA4
__ptext22                               text22       000E7A
__ptext23                               text23       002682
__ptext24                               text24       0025D4
__ptext25                               text25       002842
__ptext26                               text26       00272E
__ptext27                               text27       001D62
__ptext28                               text28       002D9A
__ptext29                               text29       0029C6
__ptext3                                text3        002CE4
__ptext30                               text30       0023FE
__ptext31                               text31       0028C8
__ptext32                               text32       0016F2
__ptext33                               text33       002ADE
__ptext34                               text34       002B2E
__ptext35                               text35       002B7E
__ptext36                               text36       002BCE
__ptext37                               text37       002E5A
__ptext38                               text38       002E66
__ptext39                               text39       002E70
__ptext4                                text4        002E22
__ptext40                               text40       002E7A
__ptext41                               text41       002C62
__ptext42                               text42       002D72
__ptext43                               text43       002DC0
__ptext5                                text5        002D48
__ptext6                                text6        0022DE
__ptext7                                text7        002190
__ptext8                                text8        002A3A
__ptext9                                text9        002A8C
__ramtop                                ramtop       000E00
__smallconst                            smallconst   000E00
_abs                                    text21       002CA4
_card_response                          text7        002190
_clear_read_calibration                 text6        0022DE
_collect_avg_readings                   text32       0016F2
_color_click_init                       text3        002CE4
_color_read_Blue                        text36       002BCE
_color_read_Clear                       text35       002B7E
_color_read_Green                       text34       002B2E
_color_read_Red                         text33       002ADE
_color_writetoaddr                      text4        002E22
_dbuf                                   bssBANK2     000250
_determine_card                         text31       0028C8
_dtoa                                   text11       001474
_dtoa$2309                              cstackCOMRAM 00002E
_flags                                  bssBANK0     0000EA
_fputc                                  text14       00250A
_fputs                                  text13       002C1E
_initDCmotorsPWM                        text2        0027BA
_initUSART4                             text1        002E02
_main                                   text0        00196C
_make_master_closeness                  text30       0023FE
_motor_response                         text22       000E7A
_normalise_readings                     text20       001190
_pad                                    text12       00294C
_prec                                   bssBANK0     0000E8
_putch                                  text15       002E84
_reverseFullSpeed                       text26       00272E
_sendCharSerial4                        text19       002E42
_sendStringSerial4                      text18       002D18
_setMotorPWM                            text27       001D62
_sprintf                                text8        002A3A
_stop                                   text25       002842
_turnLeft45                             text24       0025D4
_turnRight45                            text23       002682
_vfpfcnvrt                              text10       002032
_vfprintf                               text9        002A8C
_width                                  bssBANK0     0000E6
abs@a                                   cstackCOMRAM 000013
card_response@blue_read                 cstackBANK0  000083
card_response@buf                       cstackBANK0  00007B
card_response@card                      cstackBANK0  0000E5
card_response@clear_read                cstackBANK0  00007D
card_response@expected_values           cstackBANK0  000085
card_response@green_read                cstackBANK0  000081
card_response@mL                        cstackBANK0  000087
card_response@mR                        cstackBANK0  000089
card_response@master_closeness          cstackBANK0  0000D3
card_response@normalised_values         cstackBANK0  00008B
card_response@red_read                  cstackBANK0  00007F
clear_read_calibration@buf              cstackBANK0  00007B
clear_read_calibration@clear_read       cstackBANK0  00007D
clear_read_calibration@clear_read_check cstackBANK0  00007F
clear_read_calibration@i                cstackBANK0  000081
clear_read_calibration@i_1550           cstackBANK0  000083
collect_avg_readings@blue_read          cstackCOMRAM 000012
collect_avg_readings@clear_read         cstackCOMRAM 00000C
collect_avg_readings@green_read         cstackCOMRAM 000010
collect_avg_readings@i                  cstackCOMRAM 000016
collect_avg_readings@i_1561             cstackCOMRAM 000018
collect_avg_readings@i_1562             cstackCOMRAM 00001A
collect_avg_readings@i_1563             cstackCOMRAM 00001C
collect_avg_readings@i_1564             cstackCOMRAM 00001E
collect_avg_readings@red_read           cstackCOMRAM 00000E
color_read_Blue@tmp                     cstackCOMRAM 00000A
color_read_Clear@tmp                    cstackCOMRAM 00000A
color_read_Green@tmp                    cstackCOMRAM 00000A
color_read_Red@tmp                      cstackCOMRAM 00000A
color_writetoaddr@address               cstackCOMRAM 000004
color_writetoaddr@value                 cstackCOMRAM 000003
determine_card@current_smallest         cstackCOMRAM 000007
determine_card@i                        cstackCOMRAM 00000A
determine_card@master_closeness         cstackCOMRAM 000001
determine_card@predicted_colour         cstackCOMRAM 000009
dtoa@d                                  cstackCOMRAM 00001E
dtoa@fp                                 cstackCOMRAM 00001C
dtoa@i                                  cstackCOMRAM 00003C
dtoa@n                                  cstackCOMRAM 000034
dtoa@p                                  cstackCOMRAM 000030
dtoa@s                                  cstackCOMRAM 00003E
dtoa@w                                  cstackCOMRAM 000032
end_of_initialization                   cinit        002DFC
fputc@c                                 cstackCOMRAM 000001
fputc@fp                                cstackCOMRAM 000003
fputs@c                                 cstackCOMRAM 00000E
fputs@fp                                cstackCOMRAM 00000C
fputs@i                                 cstackCOMRAM 00000F
fputs@s                                 cstackCOMRAM 00000A
intlevel0                               text         000000
intlevel1                               text         000000
intlevel2                               text         000000
intlevel3                               text         000000
isa$std                                 (abs)        000001
isa$xinst                               (abs)        000000
main@PWMcycle                           cstackBANK1  0001E0
main@blue_read                          cstackBANK1  0001E5
main@buf                                cstackBANK1  000100
main@clear_read                         cstackBANK1  0001E8
main@clear_read_check                   cstackBANK1  0001DE
main@expected_values                    cstackBANK1  000196
main@green_read                         cstackBANK1  0001E3
main@i                                  cstackBANK1  0001E7
main@motorL                             cstackBANK1  0001EA
main@motorR                             cstackBANK1  0001F3
main@red_read                           cstackBANK1  0001E1
make_master_closeness@buf               cstackCOMRAM 000001
make_master_closeness@i                 cstackCOMRAM 000025
make_master_closeness@master_closeness  cstackCOMRAM 000005
make_master_closeness@normalised_values cstackCOMRAM 000003
motor_response@card                     cstackCOMRAM 000022
motor_response@mL                       cstackCOMRAM 00001C
motor_response@mR                       cstackCOMRAM 00001E
normalise_readings@blue_read            cstackCOMRAM 00001F
normalise_readings@buf                  cstackCOMRAM 000017
normalise_readings@clear_read           cstackCOMRAM 000019
normalise_readings@difference           cstackCOMRAM 00002D
normalise_readings@expected_values      cstackCOMRAM 000021
normalise_readings@green_read           cstackCOMRAM 00001D
normalise_readings@i                    cstackCOMRAM 00002F
normalise_readings@normalised_values    cstackCOMRAM 000023
normalise_readings@red_read             cstackCOMRAM 00001B
pad@buf                                 cstackCOMRAM 000013
pad@fp                                  cstackCOMRAM 000011
pad@i                                   cstackCOMRAM 000018
pad@p                                   cstackCOMRAM 000015
pad@w                                   cstackCOMRAM 00001A
reverseFullSpeed@i                      cstackCOMRAM 000019
reverseFullSpeed@mL                     cstackCOMRAM 000014
reverseFullSpeed@mR                     cstackCOMRAM 000016
sendCharSerial4@charToSend              cstackCOMRAM 000001
sendStringSerial4@string                cstackCOMRAM 000002
setMotorPWM@m                           cstackCOMRAM 00000E
setMotorPWM@negDuty                     cstackCOMRAM 000013
setMotorPWM@posDuty                     cstackCOMRAM 000012
sprintf@ap                              cstackBANK0  00006E
sprintf@f                               cstackBANK0  000070
sprintf@fmt                             cstackBANK0  000062
sprintf@s                               cstackBANK0  000060
stackhi                                 (abs)        000000
stacklo                                 (abs)        000000
start                                   init         000000
start_initialization                    cinit        002DE2
stop@mL                                 cstackCOMRAM 000014
stop@mR                                 cstackCOMRAM 000016
turnLeft45@i                            cstackCOMRAM 00001A
turnLeft45@mL                           cstackCOMRAM 000014
turnLeft45@mR                           cstackCOMRAM 000016
turnRight45@i                           cstackCOMRAM 00001A
turnRight45@mL                          cstackCOMRAM 000014
turnRight45@mR                          cstackCOMRAM 000016
vfpfcnvrt@ap                            cstackCOMRAM 000043
vfpfcnvrt@convarg                       cstackCOMRAM 000047
vfpfcnvrt@cp                            cstackCOMRAM 00004F
vfpfcnvrt@fmt                           cstackCOMRAM 000041
vfpfcnvrt@fp                            cstackCOMRAM 00003F
vfprintf@ap                             cstackCOMRAM 000055
vfprintf@cfmt                           cstackCOMRAM 000057
vfprintf@fmt                            cstackCOMRAM 000053
vfprintf@fp                             cstackCOMRAM 000051


MODULE INFORMATION

Module		Function		Class		Link	Load	Size
C:\Program Files\Microchip\xc8\v2.40\pic\sources\c99\common\nf_fputc.c
		_fputc         		CODE           	250A	0000	202

C:\Program Files\Microchip\xc8\v2.40\pic\sources\c99\common\nf_fputc.c estimated size: 202

serial.c
		_sendStringSerial4		CODE           	2D18	0000	48
		_sendCharSerial4		CODE           	2E42	0000	24
		_initUSART4    		CODE           	2E02	0000	32

serial.c estimated size: 104

C:\Program Files\Microchip\xc8\v2.40\pic\sources\c99\common\nf_sprintf.c
		_sprintf       		CODE           	2A3A	0000	82

C:\Program Files\Microchip\xc8\v2.40\pic\sources\c99\common\nf_sprintf.c estimated size: 82

C:\Program Files\Microchip\xc8\v2.40\pic\sources\c99\common\lwdiv.c
		___lwdiv       		CODE           	29C6	0000	116

C:\Program Files\Microchip\xc8\v2.40\pic\sources\c99\common\lwdiv.c estimated size: 116

color.c
		_color_writetoaddr		CODE           	2E22	0000	32
		_color_click_init		CODE           	2CE4	0000	52
		_color_read_Green		CODE           	2B2E	0000	80
		_color_read_Clear		CODE           	2B7E	0000	80
		_color_read_Red		CODE           	2ADE	0000	80
		_color_read_Blue		CODE           	2BCE	0000	80

color.c estimated size: 404

C:\Program Files\Microchip\xc8\v2.40\pic\sources\c99\common\Umul16.c
		___wmul        		CODE           	2D9A	0000	38

C:\Program Files\Microchip\xc8\v2.40\pic\sources\c99\common\Umul16.c estimated size: 38

dc_motor.c
		_turnLeft45    		CODE           	25D4	0000	174
		_stop          		CODE           	2842	0000	134
		_initDCmotorsPWM		CODE           	27BA	0000	136
		_turnRight45   		CODE           	2682	0000	172
		_setMotorPWM   		CODE           	1D62	0000	364
		_reverseFullSpeed		CODE           	272E	0000	140

dc_motor.c estimated size: 1120

C:\Program Files\Microchip\xc8\v2.40\pic\sources\c99\common\abs.c
		_abs           		CODE           	2CA4	0000	64

C:\Program Files\Microchip\xc8\v2.40\pic\sources\c99\common\abs.c estimated size: 64

i2c.c
		_I2C_2_Master_Start		CODE           	2E70	0000	10
		_I2C_2_Master_Read		CODE           	2C62	0000	66
		_I2C_2_Master_Idle		CODE           	2D72	0000	40
		_I2C_2_Master_Init		CODE           	2D48	0000	42
		_I2C_2_Master_Stop		CODE           	2E66	0000	10
		_I2C_2_Master_RepStart		CODE           	2E7A	0000	10
		_I2C_2_Master_Write		CODE           	2E5A	0000	12

i2c.c estimated size: 190

LEDsOn.c
		_LEDSon_init   		CODE           	2DC0	0000	34

LEDsOn.c estimated size: 34

C:\Program Files\Microchip\xc8\v2.40\pic\sources\c99\common\nf_fputs.c
		_fputs         		CODE           	2C1E	0000	68

C:\Program Files\Microchip\xc8\v2.40\pic\sources\c99\common\nf_fputs.c estimated size: 68

C:\Program Files\Microchip\xc8\v2.40\pic\sources\c99\common\aomod.c
		___aomod       		CODE           	1ECE	0000	356

C:\Program Files\Microchip\xc8\v2.40\pic\sources\c99\common\aomod.c estimated size: 356

shared
		__initialization		CODE           	2DE2	0000	26

shared estimated size: 26

C:\Program Files\Microchip\xc8\v2.40\pic\sources\c99\common\putch.c
		_putch         		CODE           	2E84	0000	2

C:\Program Files\Microchip\xc8\v2.40\pic\sources\c99\common\putch.c estimated size: 2

C:\Program Files\Microchip\xc8\v2.40\pic\sources\c99\common\doprnt.c
		_vfpfcnvrt     		CODE           	2032	0000	350
		_pad           		CODE           	294C	0000	122
		_dtoa          		CODE           	1474	0000	638
		_vfprintf      		CODE           	2A8C	0000	82

C:\Program Files\Microchip\xc8\v2.40\pic\sources\c99\common\doprnt.c estimated size: 1192

colour_identify.c
		_motor_response		CODE           	0E7A	0000	790
		_clear_read_calibration		CODE           	22DE	0000	288
		_collect_avg_readings		CODE           	16F2	0000	634
		_determine_card		CODE           	28C8	0000	132
		_normalise_readings		CODE           	1190	0000	740
		_make_master_closeness		CODE           	23FE	0000	268
		_card_response 		CODE           	2190	0000	334

colour_identify.c estimated size: 3186

main.c
		_main          		CODE           	196C	0000	622

main.c estimated size: 622

C:\Program Files\Microchip\xc8\v2.40\pic\sources\c99\common\aodiv.c
		___aodiv       		CODE           	1BDA	0000	392

C:\Program Files\Microchip\xc8\v2.40\pic\sources\c99\common\aodiv.c estimated size: 392

