Microchip MPLAB XC8 Compiler V2.40

Linker command line:

-W-3 \
  --edf=C:\Program Files\Microchip\xc8\v2.40\pic\dat\20220703182018_en.msgs \
  -cn \
  -h+dist/default/production\final-project-darciea-matti.X.production.sym \
  --cmf=dist/default/production\final-project-darciea-matti.X.production.cmf \
  -z -Q18F67K40 -oC:\Users\Matti\AppData\Local\Temp\xcAsoes.4 \
  --defsym=__MPLAB_BUILD=1 --fixupoverflow=error \
  -Mdist/default/production/final-project-darciea-matti.X.production.map \
  --md=C:\Users\Matti\AppData\Local\Temp\xcAsoes.dat -E1 -ver=XC8 Compiler \
  --acfsm=1493 -ACODE=00h-01FFFFh -ACONST=00h-01FFFFh \
  -ASMALLCONST=0E00h-0EFFhx498 -AMEDIUMCONST=0E00h-0FFFFh,010E00h-01FFFFh \
  -ACOMRAM=01h-05Fh -AABS1=00h-0DE9h -ABIGRAM=01h-0DE9h \
  -ARAM=060h-0FFh,0100h-01FFhx12,0D00h-0DE9h -ABANK0=060h-0FFh \
  -ABANK1=0100h-01FFh -ABANK2=0200h-02FFh -ABANK3=0300h-03FFh \
  -ABANK4=0400h-04FFh -ABANK5=0500h-05FFh -ABANK6=0600h-06FFh \
  -ABANK7=0700h-07FFh -ABANK8=0800h-08FFh -ABANK9=0900h-09FFh \
  -ABANK10=0A00h-0AFFh -ABANK11=0B00h-0BFFh -ABANK12=0C00h-0CFFh \
  -ABANK13=0D00h-0DE9h \
  -ASFR=0DEFh-0DFFh,0E00h-0EFFh,0F00h-0F5Fh,0F60h-0FFFh \
  -ABIGSFR=0DEFh-0FFFh -ACONFIG=0300000h-030000Bh -AIDLOC=0200000h-020000Fh \
  -AEEDATA=0310000h-03103FFh -peeprom_data=EEDATA \
  -preset_vec=00h,intcode,intcodelo=018h,powerup,init -pramtop=0E00h \
  -psmallconst=SMALLCONST -pmediumconst=MEDIUMCONST -pconst=CONST \
  -AFARRAM=00h-00h \
  -prdata=COMRAM,nvrram=COMRAM,nvbit=COMRAM,rbss=COMRAM,rbit=COMRAM \
  -pfarbss=FARRAM,fardata=FARRAM,nvFARRAM=FARRAM \
  -pintsave_regs=BIGRAM,bigbss=BIGRAM,bigdata=BIGRAM -pbss=RAM \
  -pidata=CODE,irdata=CODE,ibigdata=CODE,ifardata=CODE -prparam=COMRAM \
  C:\Users\Matti\AppData\Local\Temp\xcAsoes.o \
  dist/default/production\final-project-darciea-matti.X.production.o 

Object code version is 3.11

Machine type is 18F67K40



                Name                               Link     Load   Length Selector   Space Scale
C:\Users\Matti\AppData\Local\Temp\xcAsoes.o
                idloc                            200000   200000       10        0       5
                config                           300000   300000        C        0       4
                init                                 9A       9A        4        C       0
                reset_vec                             0        0        4        0       0
dist/default/production\final-project-darciea-matti.X.production.o
                intcodelo                            18       18       82        C       0
                idloc                            200000   200000       10        0       5
                config                           300000   300000        C        0       4
                temp                                 57       57        1        1       1
                text14                              42A      42A       30        C       0
                text13                              4D2      4D2       22        C       0
                text12                              45A      45A       2A        C       0
                text11                              484      484       28        C       0
                text10                              55C      55C        A        C       0
                text9                               552      552        A        C       0
                text8                               546      546        C        C       0
                text7                               514      514       20        C       0
                text6                               3F6      3F6       34        C       0
                text5                               2B8      2B8       88        C       0
                text4                               4F4      4F4       20        C       0
                text3                               340      340       74        C       0
                text2                               4AC      4AC       26        C       0
                text1                                9E       9E      16C        C       0
                text0                               20A      20A       AE        C       0
                cstackCOMRAM                          1        1       3C        1       1
                dataBANK0                            9C       9C       12       60       1
                bssBANK0                             60       60       3C       60       1
                bssCOMRAM                            3D       3D       1A        1       1
                cinit                               3B4      3B4       42        C       0
                idataBANK0                          534      534       12        C       0

TOTAL           Name                               Link     Load   Length     Space
        CLASS   CODE           
                intcodelo                            18       18       82         0
                init                                 9A       9A        4         0
                reset_vec                             0        0        4         0
                text14                              42A      42A       30         0
                text13                              4D2      4D2       22         0
                text12                              45A      45A       2A         0
                text11                              484      484       28         0
                text10                              55C      55C        A         0
                text9                               552      552        A         0
                text8                               546      546        C         0
                text7                               514      514       20         0
                text6                               3F6      3F6       34         0
                text5                               2B8      2B8       88         0
                text4                               4F4      4F4       20         0
                text3                               340      340       74         0
                text2                               4AC      4AC       26         0
                text1                                9E       9E      16C         0
                text0                               20A      20A       AE         0
                cinit                               3B4      3B4       42         0
                idataBANK0                          534      534       12         0

        CLASS   CONST          

        CLASS   SMALLCONST     

        CLASS   MEDIUMCONST    

        CLASS   COMRAM         
                temp                                 57       57        1         1
                cstackCOMRAM                          1        1       3C         1
                bssCOMRAM                            3D       3D       1A         1

        CLASS   ABS1           

        CLASS   BIGRAM         

        CLASS   RAM            

        CLASS   BANK0          
                dataBANK0                            9C       9C       12         1
                bssBANK0                             60       60       3C         1

        CLASS   BANK1          

        CLASS   BANK2          

        CLASS   BANK3          

        CLASS   BANK4          

        CLASS   BANK5          

        CLASS   BANK6          

        CLASS   BANK7          

        CLASS   BANK8          

        CLASS   BANK9          

        CLASS   BANK10         

        CLASS   BANK11         

        CLASS   BANK12         

        CLASS   BANK13         

        CLASS   SFR            

        CLASS   BIGSFR         

        CLASS   CONFIG         
                config                           300000   300000        C         4

        CLASS   IDLOC          
                idloc                            200000   200000       10         5

        CLASS   EEDATA         

        CLASS   FARRAM         

        CLASS   HEAP           

        CLASS   STACK          



SEGMENTS        Name                           Load    Length   Top    Selector   Space  Class

                reset_vec                      000000  000004  000004         0       0  CODE    
                cstackCOMRAM                   000001  000057  000058         1       1  COMRAM  
                intcodelo                      000018  00054E  000566         C       0  CODE    
                bssBANK0                       000060  00004E  0000AE        60       1  BANK0   


UNUSED ADDRESS RANGES

        Name                Unused          Largest block    Delta
        BANK0            0000AE-0000FF               52
        BANK1            000100-0001FF              100
        BANK10           000A00-000AFF              100
        BANK11           000B00-000BFF              100
        BANK12           000C00-000CFF              100
        BANK13           000D00-000DE9               EA
        BANK2            000200-0002FF              100
        BANK3            000300-0003FF              100
        BANK4            000400-0004FF              100
        BANK5            000500-0005FF              100
        BANK6            000600-0006FF              100
        BANK7            000700-0007FF              100
        BANK8            000800-0008FF              100
        BANK9            000900-0009FF              100
        BIGRAM           000058-00005F                8
                         0000AE-000DE9              D3C
        BIGSFR           000DEF-000FFF              211
        CODE             000004-000017               14
                         000566-01FFFF            1FA9A
        COMRAM           000058-00005F                8
        CONST            000004-000017               14
                         000566-01FFFF            1FA9A
        EEDATA           310000-3103FF              400
        MEDIUMCONST      000E00-00FFFF             F200
                         010E00-01FFFF             F200
        RAM              0000AE-000DE9              100
        SFR              000DEF-000FFF              100
        SMALLCONST       000E00-01FFFF              100

                                  Symbol Table

?___lwdiv                    cstackCOMRAM 00000B
?___wmul                     cstackCOMRAM 000005
I2C_2_Master_Write@data_byte cstackCOMRAM 000006
_ANSELDbits                  (abs)        000EA7
_BAUD4CONbits                (abs)        000EE9
_CCP1CONbits                 (abs)        000FAB
_CCP2CONbits                 (abs)        000FA7
_CCP3CONbits                 (abs)        000F26
_CCP4CONbits                 (abs)        000F22
_CCPR1H                      (abs)        000FAA
_CCPR2H                      (abs)        000FA6
_CCPR3H                      (abs)        000F25
_CCPR4H                      (abs)        000F21
_CCPTMRS0bits                (abs)        000FAD
_EUSART4RXbuf                bssCOMRAM    00003D
_EUSART4TXbuf                bssBANK0     000060
_I2C_2_Master_Idle           text11       000484
_I2C_2_Master_Init           text12       00045A
_I2C_2_Master_Start          text10       00055C
_I2C_2_Master_Stop           text9        000552
_I2C_2_Master_Write          text8        000546
_INTCONbits                  (abs)        000FF2
_Interrupts_init             text14       00042A
_LATAbits                    (abs)        000F79
_LATDbits                    (abs)        000F7C
_LATFbits                    (abs)        000F7E
_LATGbits                    (abs)        000F7F
_LATHbits                    (abs)        000F80
_LEDSon_init                 text13       0004D2
_LowISR                      intcodelo    000018
_PIE4bits                    (abs)        000E2D
_PIR4bits                    (abs)        000E37
_PORTFbits                   (abs)        000F8E
_RC0PPS                      (abs)        000E62
_RC4REG                      (abs)        000EE3
_RC4STAbits                  (abs)        000EE7
_RC7PPS                      (abs)        000E69
_RD5PPS                      (abs)        000E6F
_RD6PPS                      (abs)        000E70
_RE2PPS                      (abs)        000E74
_RE4PPS                      (abs)        000E76
_RG6PPS                      (abs)        000E88
_RX4PPS                      (abs)        000E15
_RxBufReadCnt                bssCOMRAM    000055
_RxBufWriteCnt               bssCOMRAM    000056
_SP4BRGH                     (abs)        000EE6
_SP4BRGL                     (abs)        000EE5
_SSP2ADD                     (abs)        000ED6
_SSP2BUF                     (abs)        000ED5
_SSP2CLKPPS                  (abs)        000E1C
_SSP2CON1bits                (abs)        000ED9
_SSP2CON2                    (abs)        000EDA
_SSP2CON2bits                (abs)        000EDA
_SSP2DATPPS                  (abs)        000E1D
_SSP2STAT                    (abs)        000ED8
_T0CON0bits                  (abs)        000FD5
_T0CON1bits                  (abs)        000FD6
_T2CLKCONbits                (abs)        000FBF
_T2CONbits                   (abs)        000FBD
_T2HLTbits                   (abs)        000FBE
_T2PR                        (abs)        000FBC
_TMR0H                       (abs)        000FD4
_TMR0IE                      (abs)        00714D
_TMR0IF                      (abs)        00719D
_TMR0L                       (abs)        000FD3
_TRISAbits                   (abs)        000F81
_TRISCbits                   (abs)        000F83
_TRISDbits                   (abs)        000F84
_TRISEbits                   (abs)        000F85
_TRISFbits                   (abs)        000F86
_TRISGbits                   (abs)        000F87
_TRISHbits                   (abs)        000F88
_TX4REG                      (abs)        000EE4
_TX4STAbits                  (abs)        000EE8
_TxBufReadCnt                bssCOMRAM    000053
_TxBufWriteCnt               bssCOMRAM    000054
__HRAM                       (abs)        000000
__Habs1                      abs1         000000
__Hbank0                     bank0        000000
__Hbank1                     bank1        000000
__Hbank10                    bank10       000000
__Hbank11                    bank11       000000
__Hbank12                    bank12       000000
__Hbank13                    bank13       000000
__Hbank2                     bank2        000000
__Hbank3                     bank3        000000
__Hbank4                     bank4        000000
__Hbank5                     bank5        000000
__Hbank6                     bank6        000000
__Hbank7                     bank7        000000
__Hbank8                     bank8        000000
__Hbank9                     bank9        000000
__Hbigbss                    bigbss       000000
__Hbigdata                   bigdata      000000
__Hbigram                    bigram       000000
__Hbigsfr                    bigsfr       000000
__Hbss                       bss          000000
__HbssBANK0                  bssBANK0     000000
__HbssCOMRAM                 bssCOMRAM    000000
__Hcinit                     cinit        000000
__Hclrtext                   clrtext      000000
__Hcomram                    comram       000000
__Hconfig                    config       30000C
__Hconst                     const        000000
__HcstackCOMRAM              cstackCOMRAM 000000
__Hdata                      data         000000
__HdataBANK0                 dataBANK0    000000
__Heeprom_data               eeprom_data  000000
__Hfarbss                    farbss       000000
__Hfardata                   fardata      000000
__Hheap                      heap         000000
__Hibigdata                  ibigdata     000000
__Hidata                     idata        000000
__HidataBANK0                idataBANK0   000000
__Hidloc                     idloc        200010
__Hifardata                  ifardata     000000
__Hinit                      init         00009E
__Hintcode                   intcode      000004
__Hintcode_body              intcode_body 000000
__Hintcodelo                 intcodelo    00009A
__Hintentry                  intentry     000000
__Hintret                    intret       000000
__Hintsave_regs              intsave_regs 000000
__Hirdata                    irdata       000000
__Hmediumconst               mediumconst  000000
__HnvFARRAM                  nvFARRAM     000000
__Hnvbit                     nvbit        000000
__Hnvrram                    nvrram       000000
__Hparam                     rparam       000000
__Hpowerup                   powerup      00009A
__Hram                       ram          000000
__Hramtop                    ramtop       000E00
__Hrbit                      rbit         000000
__Hrbss                      rbss         000000
__Hrdata                     rdata        000000
__Hreset_vec                 reset_vec    000004
__Hrparam                    rparam       000000
__Hsfr                       sfr          000000
__Hsmallconst                smallconst   000000
__Hspace_0                   (abs)        000E00
__Hspace_1                   (abs)        0000AE
__Hspace_2                   (abs)        000000
__Hspace_4                   (abs)        60000C
__Hstack                     stack        000000
__Hstruct                    struct       000000
__Htemp                      temp         000058
__Htext                      text         000000
__Htext0                     text0        000000
__Htext1                     text1        000000
__Htext10                    text10       000000
__Htext11                    text11       000000
__Htext12                    text12       000000
__Htext13                    text13       000000
__Htext14                    text14       000000
__Htext2                     text2        000000
__Htext3                     text3        000000
__Htext4                     text4        000000
__Htext5                     text5        000000
__Htext6                     text6        000000
__Htext7                     text7        000000
__Htext8                     text8        000000
__Htext9                     text9        000000
__LRAM                       (abs)        000001
__Labs1                      abs1         000000
__Lbank0                     bank0        000000
__Lbank1                     bank1        000000
__Lbank10                    bank10       000000
__Lbank11                    bank11       000000
__Lbank12                    bank12       000000
__Lbank13                    bank13       000000
__Lbank2                     bank2        000000
__Lbank3                     bank3        000000
__Lbank4                     bank4        000000
__Lbank5                     bank5        000000
__Lbank6                     bank6        000000
__Lbank7                     bank7        000000
__Lbank8                     bank8        000000
__Lbank9                     bank9        000000
__Lbigbss                    bigbss       000000
__Lbigdata                   bigdata      000000
__Lbigram                    bigram       000000
__Lbigsfr                    bigsfr       000000
__Lbss                       bss          000000
__LbssBANK0                  bssBANK0     000000
__LbssCOMRAM                 bssCOMRAM    000000
__Lcinit                     cinit        000000
__Lclrtext                   clrtext      000000
__Lcomram                    comram       000000
__Lconfig                    config       000000
__Lconst                     const        000000
__LcstackCOMRAM              cstackCOMRAM 000000
__Ldata                      data         000000
__LdataBANK0                 dataBANK0    000000
__Leeprom_data               eeprom_data  000000
__Lfarbss                    farbss       000000
__Lfardata                   fardata      000000
__Lheap                      heap         000000
__Libigdata                  ibigdata     000000
__Lidata                     idata        000000
__LidataBANK0                idataBANK0   000000
__Lidloc                     idloc        000000
__Lifardata                  ifardata     000000
__Linit                      init         00009A
__Lintcode                   intcode      000004
__Lintcode_body              intcode_body 000000
__Lintcodelo                 intcodelo    000018
__Lintentry                  intentry     000000
__Lintret                    intret       000000
__Lintsave_regs              intsave_regs 000000
__Lirdata                    irdata       000000
__Lmediumconst               mediumconst  000000
__LnvFARRAM                  nvFARRAM     000000
__Lnvbit                     nvbit        000000
__Lnvrram                    nvrram       000000
__Lparam                     rparam       000000
__Lpowerup                   powerup      00009A
__Lram                       ram          000000
__Lramtop                    ramtop       000E00
__Lrbit                      rbit         000000
__Lrbss                      rbss         000000
__Lrdata                     rdata        000000
__Lreset_vec                 reset_vec    000000
__Lrparam                    rparam       000000
__Lsfr                       sfr          000000
__Lsmallconst                smallconst   000000
__Lspace_0                   (abs)        000000
__Lspace_1                   (abs)        000000
__Lspace_2                   (abs)        000000
__Lspace_4                   (abs)        000000
__Lstack                     stack        000000
__Lstruct                    struct       000000
__Ltemp                      temp         000057
__Ltext                      text         000000
__Ltext0                     text0        000000
__Ltext1                     text1        000000
__Ltext10                    text10       000000
__Ltext11                    text11       000000
__Ltext12                    text12       000000
__Ltext13                    text13       000000
__Ltext14                    text14       000000
__Ltext2                     text2        000000
__Ltext3                     text3        000000
__Ltext4                     text4        000000
__Ltext5                     text5        000000
__Ltext6                     text6        000000
__Ltext7                     text7        000000
__Ltext8                     text8        000000
__Ltext9                     text9        000000
__S0                         (abs)        000566
__S1                         (abs)        0000AE
__S4                         (abs)        000000
__S5                         (abs)        000000
___heap_hi                   (abs)        000000
___heap_lo                   (abs)        000000
___inthi_sp                  stack        000000
___intlo_sp                  stack        000000
___lwdiv                     text3        000340
___lwdiv@counter             cstackCOMRAM 000011
___lwdiv@dividend            cstackCOMRAM 00000B
___lwdiv@divisor             cstackCOMRAM 00000D
___lwdiv@quotient            cstackCOMRAM 00000F
___param_bank                (abs)        000000
___rparam_used               (abs)        000001
___sp                        stack        000000
___wmul                      text2        0004AC
___wmul@multiplicand         cstackCOMRAM 000007
___wmul@multiplier           cstackCOMRAM 000005
___wmul@product              cstackCOMRAM 000009
__accesstop                  (abs)        000060
__activetblptr               (abs)        000003
__end_of_I2C_2_Master_Idle   text11       0004AC
__end_of_I2C_2_Master_Init   text12       000484
__end_of_I2C_2_Master_Start  text10       000566
__end_of_I2C_2_Master_Stop   text9        00055C
__end_of_I2C_2_Master_Write  text8        000552
__end_of_Interrupts_init     text14       00045A
__end_of_LEDSon_init         text13       0004F4
__end_of_LowISR              intcodelo    00009A
__end_of___lwdiv             text3        0003B4
__end_of___wmul              text2        0004D2
__end_of__initialization     cinit        0003EC
__end_of_color_click_init    text6        00042A
__end_of_color_writetoaddr   text7        000534
__end_of_initDCmotorsPWM     text5        000340
__end_of_initUSART4          text4        000514
__end_of_main                text0        0002B8
__end_of_setMotorPWM         text1        00020A
__initialization             cinit        0003B4
__mediumconst                mediumconst  000000
__pbssBANK0                  bssBANK0     000060
__pbssCOMRAM                 bssCOMRAM    00003D
__pcinit                     cinit        0003B4
__pcstackCOMRAM              cstackCOMRAM 000001
__pdataBANK0                 dataBANK0    00009C
__pidataBANK0                idataBANK0   000534
__pintcodelo                 intcodelo    000018
__ptext0                     text0        00020A
__ptext1                     text1        00009E
__ptext10                    text10       00055C
__ptext11                    text11       000484
__ptext12                    text12       00045A
__ptext13                    text13       0004D2
__ptext14                    text14       00042A
__ptext2                     text2        0004AC
__ptext3                     text3        000340
__ptext4                     text4        0004F4
__ptext5                     text5        0002B8
__ptext6                     text6        0003F6
__ptext7                     text7        000514
__ptext8                     text8        000546
__ptext9                     text9        000552
__ramtop                     ramtop       000E00
__smallconst                 smallconst   000000
_color_click_init            text6        0003F6
_color_writetoaddr           text7        000514
_count                       bssCOMRAM    000051
_initDCmotorsPWM             text5        0002B8
_initUSART4                  text4        0004F4
_main                        text0        00020A
_setMotorPWM                 text1        00009E
btemp                        temp         000057
color_writetoaddr@address    cstackCOMRAM 000008
color_writetoaddr@value      cstackCOMRAM 000007
end_of_initialization        cinit        0003EC
int$flags                    temp         000057
intlevel0                    text         000000
intlevel1                    text         000000
intlevel2                    text         000000
intlevel3                    text         000000
isa$std                      (abs)        000001
isa$xinst                    (abs)        000000
main@F14642                  dataBANK0    00009C
main@PWMcycle                cstackCOMRAM 00002A
main@expected_values         cstackCOMRAM 000018
main@motorL                  cstackCOMRAM 00002B
main@motorR                  cstackCOMRAM 000034
setMotorPWM@m                cstackCOMRAM 000012
setMotorPWM@negDuty          cstackCOMRAM 000017
setMotorPWM@posDuty          cstackCOMRAM 000016
stackhi                      (abs)        000000
stacklo                      (abs)        000000
start                        init         00009A
start_initialization         cinit        0003B4
ttemp5                       temp         000058
ttemp6                       temp         00005B
ttemp7                       temp         00005F
wtemp8                       temp         000058


MODULE INFORMATION

Module		Function		Class		Link	Load	Size
serial.c
		_initUSART4    		CODE           	04F4	0000	32

serial.c estimated size: 32

C:\Program Files\Microchip\xc8\v2.40\pic\sources\c99\common\lwdiv.c
		___lwdiv       		CODE           	0340	0000	116

C:\Program Files\Microchip\xc8\v2.40\pic\sources\c99\common\lwdiv.c estimated size: 116

color.c
		_color_writetoaddr		CODE           	0514	0000	32
		_color_click_init		CODE           	03F6	0000	52

color.c estimated size: 84

C:\Program Files\Microchip\xc8\v2.40\pic\sources\c99\common\Umul16.c
		___wmul        		CODE           	04AC	0000	38

C:\Program Files\Microchip\xc8\v2.40\pic\sources\c99\common\Umul16.c estimated size: 38

dc_motor.c
		_initDCmotorsPWM		CODE           	02B8	0000	136
		_setMotorPWM   		CODE           	009E	0000	364

dc_motor.c estimated size: 500

interrupts.c
		_LowISR        		CODE           	0018	0000	130
		_Interrupts_init		CODE           	042A	0000	48

interrupts.c estimated size: 178

i2c.c
		_I2C_2_Master_Start		CODE           	055C	0000	10
		_I2C_2_Master_Idle		CODE           	0484	0000	40
		_I2C_2_Master_Init		CODE           	045A	0000	42
		_I2C_2_Master_Stop		CODE           	0552	0000	10
		_I2C_2_Master_Write		CODE           	0546	0000	12

i2c.c estimated size: 114

LEDsOn.c
		_LEDSon_init   		CODE           	04D2	0000	34

LEDsOn.c estimated size: 34

shared
		__initialization		CODE           	03B4	0000	56

shared estimated size: 56

main.c
		_main          		CODE           	020A	0000	174

main.c estimated size: 174

