Microchip MPLAB XC8 Compiler V2.40

Linker command line:

-W-3 \
  --edf=C:\Program Files\Microchip\xc8\v2.40\pic\dat\20220703182018_en.msgs \
  -cn \
  -h+dist/default/production\final-project-darciea-matti.X.production.sym \
  --cmf=dist/default/production\final-project-darciea-matti.X.production.cmf \
  -z -Q18F67K40 -oC:\Users\darci\AppData\Local\Temp\xcAsqco.4 \
  --defsym=__MPLAB_BUILD=1 --fixupoverflow=error \
  -Mdist/default/production/final-project-darciea-matti.X.production.map \
  --md=C:\Users\darci\AppData\Local\Temp\xcAsqco.dat -E1 -ver=XC8 Compiler \
  --acfsm=1493 -ACODE=00h-01FFFFh -ACONST=00h-01FFFFh \
  -ASMALLCONST=0E00h-0EFFhx498 -AMEDIUMCONST=0E00h-0FFFFh,010E00h-01FFFFh \
  -ACOMRAM=01h-05Fh -AABS1=00h-0DE9h -ABIGRAM=01h-0DE9h \
  -ARAM=060h-0FFh,0100h-01FFhx12,0D00h-0DE9h -ABANK0=060h-0FFh \
  -ABANK1=0100h-01FFh -ABANK2=0200h-02FFh -ABANK3=0300h-03FFh \
  -ABANK4=0400h-04FFh -ABANK5=0500h-05FFh -ABANK6=0600h-06FFh \
  -ABANK7=0700h-07FFh -ABANK8=0800h-08FFh -ABANK9=0900h-09FFh \
  -ABANK10=0A00h-0AFFh -ABANK11=0B00h-0BFFh -ABANK12=0C00h-0CFFh \
  -ABANK13=0D00h-0DE9h \
  -ASFR=0DEFh-0DFFh,0E00h-0EFFh,0F00h-0F5Fh,0F60h-0FFFh \
  -ABIGSFR=0DEFh-0FFFh -ACONFIG=0300000h-030000Bh -AIDLOC=0200000h-020000Fh \
  -AEEDATA=0310000h-03103FFh -peeprom_data=EEDATA \
  -preset_vec=00h,intcode=08h,intcodelo,powerup,init -pramtop=0E00h \
  -psmallconst=SMALLCONST -pmediumconst=MEDIUMCONST -pconst=CONST \
  -AFARRAM=00h-00h \
  -prdata=COMRAM,nvrram=COMRAM,nvbit=COMRAM,rbss=COMRAM,rbit=COMRAM \
  -pfarbss=FARRAM,fardata=FARRAM,nvFARRAM=FARRAM \
  -pintsave_regs=BIGRAM,bigbss=BIGRAM,bigdata=BIGRAM -pbss=RAM \
  -pidata=CODE,irdata=CODE,ibigdata=CODE,ifardata=CODE -prparam=COMRAM \
  C:\Users\darci\AppData\Local\Temp\xcAsqco.o \
  dist/default/production\final-project-darciea-matti.X.production.o 

Object code version is 3.11

Machine type is 18F67K40



                Name                               Link     Load   Length Selector   Space Scale
C:\Users\darci\AppData\Local\Temp\xcAsqco.o
                idloc                            200000   200000       10        0       5
                config                           300000   300000        C        0       4
                init                                 76       76        4        4       0
                reset_vec                             0        0        4        0       0
dist/default/production\final-project-darciea-matti.X.production.o
                intcode                               8        8       6E        4       0
                idloc                            200000   200000       10        0       5
                config                           300000   300000        C        0       4
                temp                                 5B       5B        1        1       1
                smallconst                          E00      E00       7C      700       0
                text44                             22F2     22F2       28      73E       0
                text43                             2436     2436        A      73E       0
                text42                             242C     242C        A      73E       0
                text41                             2402     2402        C      73E       0
                text40                             23D0     23D0       16      73E       0
                text38                             22CA     22CA       28      73E       0
                text37                             2422     2422        A      73E       0
                text36                             2418     2418        A      73E       0
                text35                             23F6     23F6        C      73E       0
                text34                             23BA     23BA       16      73E       0
                text33                             2382     2382       20      73E       0
                text32                             23E6     23E6       10      73E       0
                text31                             1EC0     1EC0       68      73E       0
                text30                             21D4     21D4       3E      73E       0
                text29                             2340     2340       22      73E       0
                text28                             2152     2152       42      73E       0
                text27                             240E     240E        A      73E       0
                text26                             20BE     20BE       50      73E       0
                text25                             23A2     23A2       18      73E       0
                text24                             2246     2246       30      73E       0
                text23                             15B0     15B0      188      73E       0
                text22                             18A4     18A4      164      73E       0
                text21                             2194     2194       40      73E       0
                text20                             2440     2440        2      73E       0
                text19                             1C80     1C80       CA      73E       0
                text18                             210E     210E       44      73E       0
                text17                             1DD2     1DD2       7A      73E       0
                text16                             114E     114E      27C      73E       0
                text15                             1A08     1A08      15E      73E       0
                text14                             1F28     1F28       54      73E       0
                text13                             1F7C     1F7C       52      73E       0
                text12                             1B66     1B66      11A      73E       0
                text11                             206E     206E       50      73E       0
                text10                             201E     201E       50      73E       0
                text9                              1FCE     1FCE       50      73E       0
                text8                              13CA     13CA      1E6      73E       0
                text7                              22A0     22A0       2A      73E       0
                text6                              2212     2212       34      73E       0
                text5                              1D4A     1D4A       88      73E       0
                text4                              2362     2362       20      73E       0
                text3                              1E4C     1E4C       74      73E       0
                text2                              231A     231A       26      73E       0
                text1                              1738     1738      16C      73E       0
                text0                               E7C      E7C      2D2      73E       0
                cstackCOMRAM                          1        1       56        1       1
                cstackBANK0                          9D       9D       2F       60       1
                cstackBANK1                         100      100       EA      100       1
                bssBANK2                            200      200       3C      200       1
                bssBANK0                             60       60       3D       60       1
                bssCOMRAM                            57       57        4        1       1
                cinit                              2276     2276       2A      73E       0

TOTAL           Name                               Link     Load   Length     Space
        CLASS   CODE           
                intcode                               8        8       6E         0
                init                                 76       76        4         0
                reset_vec                             0        0        4         0
                text44                             22F2     22F2       28         0
                text43                             2436     2436        A         0
                text42                             242C     242C        A         0
                text41                             2402     2402        C         0
                text40                             23D0     23D0       16         0
                text38                             22CA     22CA       28         0
                text37                             2422     2422        A         0
                text36                             2418     2418        A         0
                text35                             23F6     23F6        C         0
                text34                             23BA     23BA       16         0
                text33                             2382     2382       20         0
                text32                             23E6     23E6       10         0
                text31                             1EC0     1EC0       68         0
                text30                             21D4     21D4       3E         0
                text29                             2340     2340       22         0
                text28                             2152     2152       42         0
                text27                             240E     240E        A         0
                text26                             20BE     20BE       50         0
                text25                             23A2     23A2       18         0
                text24                             2246     2246       30         0
                text23                             15B0     15B0      188         0
                text22                             18A4     18A4      164         0
                text21                             2194     2194       40         0
                text20                             2440     2440        2         0
                text19                             1C80     1C80       CA         0
                text18                             210E     210E       44         0
                text17                             1DD2     1DD2       7A         0
                text16                             114E     114E      27C         0
                text15                             1A08     1A08      15E         0
                text14                             1F28     1F28       54         0
                text13                             1F7C     1F7C       52         0
                text12                             1B66     1B66      11A         0
                text11                             206E     206E       50         0
                text10                             201E     201E       50         0
                text9                              1FCE     1FCE       50         0
                text8                              13CA     13CA      1E6         0
                text7                              22A0     22A0       2A         0
                text6                              2212     2212       34         0
                text5                              1D4A     1D4A       88         0
                text4                              2362     2362       20         0
                text3                              1E4C     1E4C       74         0
                text2                              231A     231A       26         0
                text1                              1738     1738      16C         0
                text0                               E7C      E7C      2D2         0
                cinit                              2276     2276       2A         0

        CLASS   CONST          

        CLASS   SMALLCONST     
                smallconst                          E00      E00       7C         0

        CLASS   MEDIUMCONST    

        CLASS   COMRAM         
                temp                                 5B       5B        1         1
                cstackCOMRAM                          1        1       56         1
                bssCOMRAM                            57       57        4         1

        CLASS   ABS1           

        CLASS   BIGRAM         

        CLASS   RAM            

        CLASS   BANK0          
                cstackBANK0                          9D       9D       2F         1
                bssBANK0                             60       60       3D         1

        CLASS   BANK1          
                cstackBANK1                         100      100       EA         1

        CLASS   BANK2          
                bssBANK2                            200      200       3C         1

        CLASS   BANK3          

        CLASS   BANK4          

        CLASS   BANK5          

        CLASS   BANK6          

        CLASS   BANK7          

        CLASS   BANK8          

        CLASS   BANK9          

        CLASS   BANK10         

        CLASS   BANK11         

        CLASS   BANK12         

        CLASS   BANK13         

        CLASS   SFR            

        CLASS   BIGSFR         

        CLASS   CONFIG         
                config                           300000   300000        C         4

        CLASS   IDLOC          
                idloc                            200000   200000       10         5

        CLASS   EEDATA         

        CLASS   FARRAM         

        CLASS   HEAP           

        CLASS   STACK          



SEGMENTS        Name                           Load    Length   Top    Selector   Space  Class

                reset_vec                      000000  000004  000004         0       0  CODE    
                cstackCOMRAM                   000001  00005B  00005C         1       1  COMRAM  
                intcode                        000008  000072  00007A         4       0  CODE    
                bssBANK0                       000060  00006C  0000CC        60       1  BANK0   
                cstackBANK1                    000100  0000EA  0001EA       100       1  BANK1   
                bssBANK2                       000200  00003C  00023C       200       1  BANK2   
                smallconst                     000E00  00007C  000E7C       700       0  SMALLCON
                text0                          000E7C  0015C6  002442       73E       0  CODE    


UNUSED ADDRESS RANGES

        Name                Unused          Largest block    Delta
        BANK0            0000CC-0000FF               34
        BANK1            0001EA-0001FF               16
        BANK10           000A00-000AFF              100
        BANK11           000B00-000BFF              100
        BANK12           000C00-000CFF              100
        BANK13           000D00-000DE9               EA
        BANK2            00023C-0002FF               C4
        BANK3            000300-0003FF              100
        BANK4            000400-0004FF              100
        BANK5            000500-0005FF              100
        BANK6            000600-0006FF              100
        BANK7            000700-0007FF              100
        BANK8            000800-0008FF              100
        BANK9            000900-0009FF              100
        BIGRAM           00005C-00005F                4
                         0000CC-0000FF               34
                         0001EA-0001FF               16
                         00023C-000DE9              BAE
        BIGSFR           000DEF-000FFF              211
        CODE             000004-000007                4
                         00007A-000DFF              D86
                         002442-01FFFF            1DBBE
        COMRAM           00005C-00005F                4
        CONST            000004-000007                4
                         00007A-000DFF              D86
                         002442-01FFFF            1DBBE
        EEDATA           310000-3103FF              400
        MEDIUMCONST      002442-00FFFF             DBBE
                         010E00-01FFFF             F200
        RAM              0000CC-0000FF               34
                         0001EA-0001FF               16
                         00023C-000DE9              100
        SFR              000DEF-000FFF              100
        SMALLCONST       002442-01FFFF              100

                                  Symbol Table

?___aodiv                               cstackCOMRAM 000005
?___aomod                               cstackCOMRAM 000005
?___lwdiv                               cstackCOMRAM 00000B
?___wmul                                cstackCOMRAM 000005
?_abs                                   cstackCOMRAM 000017
?_color_read_Blue                       cstackCOMRAM 000009
?_color_read_Clear                      cstackCOMRAM 000009
?_color_read_Green                      cstackCOMRAM 000009
?_color_read_Red                        cstackCOMRAM 000009
?_sprintf                               cstackBANK0  0000A3
?_vfprintf                              cstackBANK0  00009D
I2C_2_Master_Read@ack                   cstackCOMRAM 000007
I2C_2_Master_Read@tmp                   cstackCOMRAM 000008
I2C_2_Master_Write@data_byte            cstackCOMRAM 000006
_ANSELBbits                             (abs)        000E9A
_ANSELDbits                             (abs)        000EA7
_ANSELFbits                             (abs)        000EB4
_BAUD4CONbits                           (abs)        000EE9
_CCP1CONbits                            (abs)        000FAB
_CCP2CONbits                            (abs)        000FA7
_CCP3CONbits                            (abs)        000F26
_CCP4CONbits                            (abs)        000F22
_CCPR1H                                 (abs)        000FAA
_CCPR2H                                 (abs)        000FA6
_CCPR3H                                 (abs)        000F25
_CCPR4H                                 (abs)        000F21
_CCPTMRS0bits                           (abs)        000FAD
_EUSART4RXbuf                           bssBANK0     000060
_EUSART4TXbuf                           bssBANK2     000200
_HighISR                                intcode      000008
_I2C_2_Master_Idle                      text38       0022CA
_I2C_2_Master_Init                      text7        0022A0
_I2C_2_Master_Read                      text28       002152
_I2C_2_Master_RepStart                  text27       00240E
_I2C_2_Master_Start                     text37       002422
_I2C_2_Master_Stop                      text36       002418
_I2C_2_Master_Write                     text35       0023F6
_INT1PPS                                (abs)        000DF1
_INTCONbits                             (abs)        000FF2
_IPR0bits                               (abs)        000E1F
_Interrupts_init                        text30       0021D4
_LATAbits                               (abs)        000F79
_LATDbits                               (abs)        000F7C
_LATFbits                               (abs)        000F7E
_LATGbits                               (abs)        000F7F
_LATHbits                               (abs)        000F80
_LEDSon_init                            text29       002340
_PIE0bits                               (abs)        000E29
_PIE4bits                               (abs)        000E2D
_PIR0bits                               (abs)        000E33
_PIR4bits                               (abs)        000E37
_PORTFbits                              (abs)        000F8E
_RC0PPS                                 (abs)        000E62
_RC4REG                                 (abs)        000EE3
_RC4STAbits                             (abs)        000EE7
_RC7PPS                                 (abs)        000E69
_RD5PPS                                 (abs)        000E6F
_RD6PPS                                 (abs)        000E70
_RE2PPS                                 (abs)        000E74
_RE4PPS                                 (abs)        000E76
_RG6PPS                                 (abs)        000E88
_RX4PPS                                 (abs)        000E15
_RxBufReadCnt                           bssCOMRAM    000059
_RxBufWriteCnt                          bssCOMRAM    00005A
_SP4BRGH                                (abs)        000EE6
_SP4BRGL                                (abs)        000EE5
_SSP2ADD                                (abs)        000ED6
_SSP2BUF                                (abs)        000ED5
_SSP2CLKPPS                             (abs)        000E1C
_SSP2CON1bits                           (abs)        000ED9
_SSP2CON2                               (abs)        000EDA
_SSP2CON2bits                           (abs)        000EDA
_SSP2DATPPS                             (abs)        000E1D
_SSP2STAT                               (abs)        000ED8
_T2CLKCONbits                           (abs)        000FBF
_T2CONbits                              (abs)        000FBD
_T2HLTbits                              (abs)        000FBE
_T2PR                                   (abs)        000FBC
_TRISAbits                              (abs)        000F81
_TRISBbits                              (abs)        000F82
_TRISCbits                              (abs)        000F83
_TRISDbits                              (abs)        000F84
_TRISEbits                              (abs)        000F85
_TRISFbits                              (abs)        000F86
_TRISGbits                              (abs)        000F87
_TRISHbits                              (abs)        000F88
_TX4REG                                 (abs)        000EE4
_TX4STAbits                             (abs)        000EE8
_TxBufReadCnt                           bssCOMRAM    000057
_TxBufWriteCnt                          bssCOMRAM    000058
__HRAM                                  (abs)        000000
__Habs1                                 abs1         000000
__Hbank0                                bank0        000000
__Hbank1                                bank1        000000
__Hbank10                               bank10       000000
__Hbank11                               bank11       000000
__Hbank12                               bank12       000000
__Hbank13                               bank13       000000
__Hbank2                                bank2        000000
__Hbank3                                bank3        000000
__Hbank4                                bank4        000000
__Hbank5                                bank5        000000
__Hbank6                                bank6        000000
__Hbank7                                bank7        000000
__Hbank8                                bank8        000000
__Hbank9                                bank9        000000
__Hbigbss                               bigbss       000000
__Hbigdata                              bigdata      000000
__Hbigram                               bigram       000000
__Hbigsfr                               bigsfr       000000
__Hbss                                  bss          000000
__HbssBANK0                             bssBANK0     000000
__HbssBANK2                             bssBANK2     000000
__HbssCOMRAM                            bssCOMRAM    000000
__Hcinit                                cinit        000000
__Hclrtext                              clrtext      000000
__Hcomram                               comram       000000
__Hconfig                               config       30000C
__Hconst                                const        000000
__HcstackBANK0                          cstackBANK0  000000
__HcstackBANK1                          cstackBANK1  000000
__HcstackCOMRAM                         cstackCOMRAM 000000
__Hdata                                 data         000000
__Heeprom_data                          eeprom_data  000000
__Hfarbss                               farbss       000000
__Hfardata                              fardata      000000
__Hheap                                 heap         000000
__Hibigdata                             ibigdata     000000
__Hidata                                idata        000000
__Hidloc                                idloc        200010
__Hifardata                             ifardata     000000
__Hinit                                 init         00007A
__Hintcode                              intcode      000076
__Hintcode_body                         intcode_body 000000
__Hintcodelo                            intcodelo    000076
__Hintentry                             intentry     000000
__Hintret                               intret       000000
__Hintsave_regs                         intsave_regs 000000
__Hirdata                               irdata       000000
__Hmediumconst                          mediumconst  000000
__HnvFARRAM                             nvFARRAM     000000
__Hnvbit                                nvbit        000000
__Hnvrram                               nvrram       000000
__Hparam                                rparam       000000
__Hpowerup                              powerup      000076
__Hram                                  ram          000000
__Hramtop                               ramtop       000E00
__Hrbit                                 rbit         000000
__Hrbss                                 rbss         000000
__Hrdata                                rdata        000000
__Hreset_vec                            reset_vec    000004
__Hrparam                               rparam       000000
__Hsfr                                  sfr          000000
__Hsmallconst                           smallconst   000E7C
__Hspace_0                              (abs)        002442
__Hspace_1                              (abs)        00023C
__Hspace_2                              (abs)        000000
__Hspace_4                              (abs)        60000C
__Hstack                                stack        000000
__Hstruct                               struct       000000
__Htemp                                 temp         00005C
__Htext                                 text         000000
__Htext0                                text0        000000
__Htext1                                text1        000000
__Htext10                               text10       000000
__Htext11                               text11       000000
__Htext12                               text12       000000
__Htext13                               text13       000000
__Htext14                               text14       000000
__Htext15                               text15       000000
__Htext16                               text16       000000
__Htext17                               text17       000000
__Htext18                               text18       000000
__Htext19                               text19       000000
__Htext2                                text2        000000
__Htext20                               text20       000000
__Htext21                               text21       000000
__Htext22                               text22       000000
__Htext23                               text23       000000
__Htext24                               text24       000000
__Htext25                               text25       000000
__Htext26                               text26       000000
__Htext27                               text27       000000
__Htext28                               text28       000000
__Htext29                               text29       000000
__Htext3                                text3        000000
__Htext30                               text30       000000
__Htext31                               text31       000000
__Htext32                               text32       000000
__Htext33                               text33       000000
__Htext34                               text34       000000
__Htext35                               text35       000000
__Htext36                               text36       000000
__Htext37                               text37       000000
__Htext38                               text38       000000
__Htext4                                text4        000000
__Htext40                               text40       000000
__Htext41                               text41       000000
__Htext42                               text42       000000
__Htext43                               text43       000000
__Htext44                               text44       000000
__Htext5                                text5        000000
__Htext6                                text6        000000
__Htext7                                text7        000000
__Htext8                                text8        000000
__Htext9                                text9        000000
__LRAM                                  (abs)        000001
__Labs1                                 abs1         000000
__Lbank0                                bank0        000000
__Lbank1                                bank1        000000
__Lbank10                               bank10       000000
__Lbank11                               bank11       000000
__Lbank12                               bank12       000000
__Lbank13                               bank13       000000
__Lbank2                                bank2        000000
__Lbank3                                bank3        000000
__Lbank4                                bank4        000000
__Lbank5                                bank5        000000
__Lbank6                                bank6        000000
__Lbank7                                bank7        000000
__Lbank8                                bank8        000000
__Lbank9                                bank9        000000
__Lbigbss                               bigbss       000000
__Lbigdata                              bigdata      000000
__Lbigram                               bigram       000000
__Lbigsfr                               bigsfr       000000
__Lbss                                  bss          000000
__LbssBANK0                             bssBANK0     000000
__LbssBANK2                             bssBANK2     000000
__LbssCOMRAM                            bssCOMRAM    000000
__Lcinit                                cinit        000000
__Lclrtext                              clrtext      000000
__Lcomram                               comram       000000
__Lconfig                               config       000000
__Lconst                                const        000000
__LcstackBANK0                          cstackBANK0  000000
__LcstackBANK1                          cstackBANK1  000000
__LcstackCOMRAM                         cstackCOMRAM 000000
__Ldata                                 data         000000
__Leeprom_data                          eeprom_data  000000
__Lfarbss                               farbss       000000
__Lfardata                              fardata      000000
__Lheap                                 heap         000000
__Libigdata                             ibigdata     000000
__Lidata                                idata        000000
__Lidloc                                idloc        000000
__Lifardata                             ifardata     000000
__Linit                                 init         000076
__Lintcode                              intcode      000008
__Lintcode_body                         intcode_body 000000
__Lintcodelo                            intcodelo    000076
__Lintentry                             intentry     000000
__Lintret                               intret       000000
__Lintsave_regs                         intsave_regs 000000
__Lirdata                               irdata       000000
__Lmediumconst                          mediumconst  000000
__LnvFARRAM                             nvFARRAM     000000
__Lnvbit                                nvbit        000000
__Lnvrram                               nvrram       000000
__Lparam                                rparam       000000
__Lpowerup                              powerup      000076
__Lram                                  ram          000000
__Lramtop                               ramtop       000E00
__Lrbit                                 rbit         000000
__Lrbss                                 rbss         000000
__Lrdata                                rdata        000000
__Lreset_vec                            reset_vec    000000
__Lrparam                               rparam       000000
__Lsfr                                  sfr          000000
__Lsmallconst                           smallconst   000E00
__Lspace_0                              (abs)        000000
__Lspace_1                              (abs)        000000
__Lspace_2                              (abs)        000000
__Lspace_4                              (abs)        000000
__Lstack                                stack        000000
__Lstruct                               struct       000000
__Ltemp                                 temp         00005B
__Ltext                                 text         000000
__Ltext0                                text0        000000
__Ltext1                                text1        000000
__Ltext10                               text10       000000
__Ltext11                               text11       000000
__Ltext12                               text12       000000
__Ltext13                               text13       000000
__Ltext14                               text14       000000
__Ltext15                               text15       000000
__Ltext16                               text16       000000
__Ltext17                               text17       000000
__Ltext18                               text18       000000
__Ltext19                               text19       000000
__Ltext2                                text2        000000
__Ltext20                               text20       000000
__Ltext21                               text21       000000
__Ltext22                               text22       000000
__Ltext23                               text23       000000
__Ltext24                               text24       000000
__Ltext25                               text25       000000
__Ltext26                               text26       000000
__Ltext27                               text27       000000
__Ltext28                               text28       000000
__Ltext29                               text29       000000
__Ltext3                                text3        000000
__Ltext30                               text30       000000
__Ltext31                               text31       000000
__Ltext32                               text32       000000
__Ltext33                               text33       000000
__Ltext34                               text34       000000
__Ltext35                               text35       000000
__Ltext36                               text36       000000
__Ltext37                               text37       000000
__Ltext38                               text38       000000
__Ltext4                                text4        000000
__Ltext40                               text40       000000
__Ltext41                               text41       000000
__Ltext42                               text42       000000
__Ltext43                               text43       000000
__Ltext44                               text44       000000
__Ltext5                                text5        000000
__Ltext6                                text6        000000
__Ltext7                                text7        000000
__Ltext8                                text8        000000
__Ltext9                                text9        000000
__S0                                    (abs)        002442
__S1                                    (abs)        00023C
__S4                                    (abs)        000000
__S5                                    (abs)        000000
___aodiv                                text23       0015B0
___aodiv@counter                        cstackCOMRAM 000015
___aodiv@dividend                       cstackCOMRAM 000005
___aodiv@divisor                        cstackCOMRAM 00000D
___aodiv@quotient                       cstackCOMRAM 000017
___aodiv@sign                           cstackCOMRAM 000016
___aomod                                text22       0018A4
___aomod@counter                        cstackCOMRAM 000015
___aomod@dividend                       cstackCOMRAM 000005
___aomod@divisor                        cstackCOMRAM 00000D
___aomod@sign                           cstackCOMRAM 000016
___heap_hi                              (abs)        000000
___heap_lo                              (abs)        000000
___inthi_sp                             stack        000000
___intlo_sp                             stack        000000
___lwdiv                                text3        001E4C
___lwdiv@counter                        cstackCOMRAM 000011
___lwdiv@dividend                       cstackCOMRAM 00000B
___lwdiv@divisor                        cstackCOMRAM 00000D
___lwdiv@quotient                       cstackCOMRAM 00000F
___param_bank                           (abs)        000000
___rparam_used                          (abs)        000001
___sp                                   stack        000000
___wmul                                 text2        00231A
___wmul@multiplicand                    cstackCOMRAM 000007
___wmul@multiplier                      cstackCOMRAM 000005
___wmul@product                         cstackCOMRAM 000009
__accesstop                             (abs)        000060
__activetblptr                          (abs)        000003
__end_of_HighISR                        intcode      000076
__end_of_I2C_2_Master_Idle              text38       0022F2
__end_of_I2C_2_Master_Init              text7        0022CA
__end_of_I2C_2_Master_Read              text28       002194
__end_of_I2C_2_Master_RepStart          text27       002418
__end_of_I2C_2_Master_Start             text37       00242C
__end_of_I2C_2_Master_Stop              text36       002422
__end_of_I2C_2_Master_Write             text35       002402
__end_of_Interrupts_init                text30       002212
__end_of_LEDSon_init                    text29       002362
__end_of___aodiv                        text23       001738
__end_of___aomod                        text22       001A08
__end_of___lwdiv                        text3        001EC0
__end_of___wmul                         text2        002340
__end_of__initialization                cinit        002296
__end_of_abs                            text21       0021D4
__end_of_clear_interrupt_flag           text34       0023D0
__end_of_clear_read_calibration         text12       001C80
__end_of_collect_avg_readings           text8        0015B0
__end_of_color_click_init               text6        002246
__end_of_color_read_Blue                text11       0020BE
__end_of_color_read_Clear               text26       00210E
__end_of_color_read_Green               text10       00206E
__end_of_color_read_Red                 text9        00201E
__end_of_color_writetoaddr              text33       0023A2
__end_of_dtoa                           text16       0013CA
__end_of_enable_color_interrupt         text32       0023F6
__end_of_fputc                          text19       001D4A
__end_of_fputs                          text18       002152
__end_of_initDCmotorsPWM                text5        001DD2
__end_of_initUSART4                     text4        002382
__end_of_main                           text0        00114E
__end_of_pad                            text17       001E4C
__end_of_putch                          text20       002442
__end_of_sendCharSerial4                text25       0023BA
__end_of_sendStringSerial4              text24       002276
__end_of_setMotorPWM                    text1        0018A4
__end_of_set_interrupt_threshold        text31       001F28
__end_of_sprintf                        text13       001FCE
__end_of_vfpfcnvrt                      text15       001B66
__end_of_vfprintf                       text14       001F7C
__end_ofi2_I2C_2_Master_Idle            text44       00231A
__end_ofi2_I2C_2_Master_Start           text43       002440
__end_ofi2_I2C_2_Master_Stop            text42       002436
__end_ofi2_I2C_2_Master_Write           text41       00240E
__end_ofi2_clear_interrupt_flag         text40       0023E6
__initialization                        cinit        002276
__mediumconst                           mediumconst  000000
__pbssBANK0                             bssBANK0     000060
__pbssBANK2                             bssBANK2     000200
__pbssCOMRAM                            bssCOMRAM    000057
__pcinit                                cinit        002276
__pcstackBANK0                          cstackBANK0  00009D
__pcstackBANK1                          cstackBANK1  000100
__pcstackCOMRAM                         cstackCOMRAM 000001
__pintcode                              intcode      000008
__psmallconst                           smallconst   000E00
__ptext0                                text0        000E7C
__ptext1                                text1        001738
__ptext10                               text10       00201E
__ptext11                               text11       00206E
__ptext12                               text12       001B66
__ptext13                               text13       001F7C
__ptext14                               text14       001F28
__ptext15                               text15       001A08
__ptext16                               text16       00114E
__ptext17                               text17       001DD2
__ptext18                               text18       00210E
__ptext19                               text19       001C80
__ptext2                                text2        00231A
__ptext20                               text20       002440
__ptext21                               text21       002194
__ptext22                               text22       0018A4
__ptext23                               text23       0015B0
__ptext24                               text24       002246
__ptext25                               text25       0023A2
__ptext26                               text26       0020BE
__ptext27                               text27       00240E
__ptext28                               text28       002152
__ptext29                               text29       002340
__ptext3                                text3        001E4C
__ptext30                               text30       0021D4
__ptext31                               text31       001EC0
__ptext32                               text32       0023E6
__ptext33                               text33       002382
__ptext34                               text34       0023BA
__ptext35                               text35       0023F6
__ptext36                               text36       002418
__ptext37                               text37       002422
__ptext38                               text38       0022CA
__ptext4                                text4        002362
__ptext40                               text40       0023D0
__ptext41                               text41       002402
__ptext42                               text42       00242C
__ptext43                               text43       002436
__ptext44                               text44       0022F2
__ptext5                                text5        001D4A
__ptext6                                text6        002212
__ptext7                                text7        0022A0
__ptext8                                text8        0013CA
__ptext9                                text9        001FCE
__ramtop                                ramtop       000E00
__smallconst                            smallconst   000E00
_abs                                    text21       002194
_card_detected                          bssBANK0     000078
_clear_interrupt_flag                   text34       0023BA
_clear_read_calibration                 text12       001B66
_collect_avg_readings                   text8        0013CA
_color_click_init                       text6        002212
_color_read_Blue                        text11       00206E
_color_read_Clear                       text26       0020BE
_color_read_Green                       text10       00201E
_color_read_Red                         text9        001FCE
_color_writetoaddr                      text33       002382
_dbuf                                   bssBANK0     00007D
_dtoa                                   text16       00114E
_dtoa$2563                              cstackCOMRAM 000032
_enable_color_interrupt                 text32       0023E6
_flags                                  bssBANK0     00007C
_fputc                                  text19       001C80
_fputs                                  text18       00210E
_initDCmotorsPWM                        text5        001D4A
_initUSART4                             text4        002362
_main                                   text0        000E7C
_pad                                    text17       001DD2
_prec                                   bssBANK0     000076
_putch                                  text20       002440
_response_in_progress                   bssBANK0     00007A
_sendCharSerial4                        text25       0023A2
_sendStringSerial4                      text24       002246
_setMotorPWM                            text1        001738
_set_interrupt_threshold                text31       001EC0
_set_interrupt_threshold$2044           cstackCOMRAM 00000F
_set_interrupt_threshold$2045           cstackCOMRAM 000010
_sprintf                                text13       001F7C
_vfpfcnvrt                              text15       001A08
_vfprintf                               text14       001F28
_width                                  bssBANK0     000074
abs@a                                   cstackCOMRAM 000017
btemp                                   temp         00005B
clear_read_calibration@buf              cstackBANK0  0000BC
clear_read_calibration@clear_read       cstackBANK0  0000BE
clear_read_calibration@clear_read_check cstackBANK0  0000C0
clear_read_calibration@i                cstackBANK0  0000C6
clear_read_calibration@i_1571           cstackBANK0  0000C8
collect_avg_readings@blue_read          cstackCOMRAM 000014
collect_avg_readings@green_read         cstackCOMRAM 000012
collect_avg_readings@i                  cstackCOMRAM 000018
collect_avg_readings@i_1578             cstackCOMRAM 00001A
collect_avg_readings@i_1579             cstackCOMRAM 00001C
collect_avg_readings@i_1580             cstackCOMRAM 00001E
collect_avg_readings@red_read           cstackCOMRAM 000010
color_read_Blue@tmp                     cstackCOMRAM 00000E
color_read_Clear@tmp                    cstackCOMRAM 00000E
color_read_Green@tmp                    cstackCOMRAM 00000E
color_read_Red@tmp                      cstackCOMRAM 00000E
color_writetoaddr@address               cstackCOMRAM 000008
color_writetoaddr@value                 cstackCOMRAM 000007
dtoa@d                                  cstackCOMRAM 000022
dtoa@fp                                 cstackCOMRAM 000020
dtoa@i                                  cstackCOMRAM 000041
dtoa@n                                  cstackCOMRAM 000038
dtoa@p                                  cstackCOMRAM 000034
dtoa@s                                  cstackCOMRAM 000040
dtoa@w                                  cstackCOMRAM 000036
end_of_initialization                   cinit        002296
fputc@c                                 cstackCOMRAM 000005
fputc@fp                                cstackCOMRAM 000007
fputs@c                                 cstackCOMRAM 000012
fputs@fp                                cstackCOMRAM 000010
fputs@i                                 cstackCOMRAM 000013
fputs@s                                 cstackCOMRAM 00000E
i2I2C_2_Master_Write@data_byte          cstackCOMRAM 000002
i2_I2C_2_Master_Idle                    text44       0022F2
i2_I2C_2_Master_Start                   text43       002436
i2_I2C_2_Master_Stop                    text42       00242C
i2_I2C_2_Master_Write                   text41       002402
i2_clear_interrupt_flag                 text40       0023D0
int$flags                               temp         00005B
intlevel0                               text         000000
intlevel1                               text         000000
intlevel2                               text         000000
intlevel3                               text         000000
isa$std                                 (abs)        000001
isa$xinst                               (abs)        000000
main@PWMcycle                           cstackBANK1  0001CC
main@blue_read                          cstackBANK1  0001D3
main@buf                                cstackBANK1  000100
main@clear_read                         cstackBANK1  0001D5
main@clear_read_check                   cstackBANK1  0001CD
main@expected_values                    cstackBANK1  000196
main@green_read                         cstackBANK1  0001D1
main@i                                  cstackBANK1  0001D7
main@motorL                             cstackBANK1  0001D8
main@motorR                             cstackBANK1  0001E1
main@red_read                           cstackBANK1  0001CF
pad@buf                                 cstackCOMRAM 000017
pad@fp                                  cstackCOMRAM 000015
pad@i                                   cstackCOMRAM 00001C
pad@p                                   cstackCOMRAM 000019
pad@w                                   cstackCOMRAM 00001E
sendCharSerial4@charToSend              cstackCOMRAM 000005
sendStringSerial4@string                cstackCOMRAM 000006
setMotorPWM@m                           cstackCOMRAM 000012
setMotorPWM@negDuty                     cstackCOMRAM 000017
setMotorPWM@posDuty                     cstackCOMRAM 000016
set_interrupt_threshold@AIHT            cstackCOMRAM 00000B
set_interrupt_threshold@AILT            cstackCOMRAM 000009
set_interrupt_threshold@persistence     cstackCOMRAM 00000D
sprintf@ap                              cstackBANK0  0000AF
sprintf@f                               cstackBANK0  0000B1
sprintf@fmt                             cstackBANK0  0000A5
sprintf@s                               cstackBANK0  0000A3
stackhi                                 (abs)        000000
stacklo                                 (abs)        000000
start                                   init         000076
start_initialization                    cinit        002276
ttemp5                                  temp         00005C
ttemp6                                  temp         00005F
ttemp7                                  temp         000063
vfpfcnvrt@ap                            cstackCOMRAM 000047
vfpfcnvrt@convarg                       cstackCOMRAM 00004B
vfpfcnvrt@cp                            cstackCOMRAM 000053
vfpfcnvrt@fmt                           cstackCOMRAM 000045
vfpfcnvrt@fp                            cstackCOMRAM 000043
vfprintf@ap                             cstackBANK0  0000A1
vfprintf@cfmt                           cstackCOMRAM 000055
vfprintf@fmt                            cstackBANK0  00009F
vfprintf@fp                             cstackBANK0  00009D
wtemp8                                  temp         00005C


MODULE INFORMATION

Module		Function		Class		Link	Load	Size
C:\Program Files\Microchip\xc8\v2.40\pic\sources\c99\common\nf_fputc.c
		_fputc         		CODE           	1C80	0000	202

C:\Program Files\Microchip\xc8\v2.40\pic\sources\c99\common\nf_fputc.c estimated size: 202

serial.c
		_sendStringSerial4		CODE           	2246	0000	48
		_sendCharSerial4		CODE           	23A2	0000	24
		_initUSART4    		CODE           	2362	0000	32

serial.c estimated size: 104

C:\Program Files\Microchip\xc8\v2.40\pic\sources\c99\common\lwdiv.c
		___lwdiv       		CODE           	1E4C	0000	116

C:\Program Files\Microchip\xc8\v2.40\pic\sources\c99\common\lwdiv.c estimated size: 116

C:\Program Files\Microchip\xc8\v2.40\pic\sources\c99\common\nf_sprintf.c
		_sprintf       		CODE           	1F7C	0000	82

C:\Program Files\Microchip\xc8\v2.40\pic\sources\c99\common\nf_sprintf.c estimated size: 82

color.c
		_color_writetoaddr		CODE           	2382	0000	32
		_color_click_init		CODE           	2212	0000	52
		_color_read_Green		CODE           	201E	0000	80
		_color_read_Clear		CODE           	20BE	0000	80
		_color_read_Red		CODE           	1FCE	0000	80
		_color_read_Blue		CODE           	206E	0000	80

color.c estimated size: 404

C:\Program Files\Microchip\xc8\v2.40\pic\sources\c99\common\Umul16.c
		___wmul        		CODE           	231A	0000	38

C:\Program Files\Microchip\xc8\v2.40\pic\sources\c99\common\Umul16.c estimated size: 38

dc_motor.c
		_initDCmotorsPWM		CODE           	1D4A	0000	136
		_setMotorPWM   		CODE           	1738	0000	364

dc_motor.c estimated size: 500

interrupts.c
		_clear_interrupt_flag		CODE           	23BA	0000	22
		_enable_color_interrupt		CODE           	23E6	0000	16
		_Interrupts_init		CODE           	21D4	0000	62
		_set_interrupt_threshold		CODE           	1EC0	0000	104
		_HighISR       		CODE           	0008	0000	110

interrupts.c estimated size: 314

C:\Program Files\Microchip\xc8\v2.40\pic\sources\c99\common\abs.c
		_abs           		CODE           	2194	0000	64

C:\Program Files\Microchip\xc8\v2.40\pic\sources\c99\common\abs.c estimated size: 64

i2c.c
		_I2C_2_Master_Start		CODE           	2422	0000	10
		_I2C_2_Master_Read		CODE           	2152	0000	66
		_I2C_2_Master_Idle		CODE           	22CA	0000	40
		_I2C_2_Master_Init		CODE           	22A0	0000	42
		_I2C_2_Master_Stop		CODE           	2418	0000	10
		_I2C_2_Master_RepStart		CODE           	240E	0000	10
		_I2C_2_Master_Write		CODE           	23F6	0000	12

i2c.c estimated size: 190

LEDsOn.c
		_LEDSon_init   		CODE           	2340	0000	34

LEDsOn.c estimated size: 34

C:\Program Files\Microchip\xc8\v2.40\pic\sources\c99\common\nf_fputs.c
		_fputs         		CODE           	210E	0000	68

C:\Program Files\Microchip\xc8\v2.40\pic\sources\c99\common\nf_fputs.c estimated size: 68

C:\Program Files\Microchip\xc8\v2.40\pic\sources\c99\common\aomod.c
		___aomod       		CODE           	18A4	0000	356

C:\Program Files\Microchip\xc8\v2.40\pic\sources\c99\common\aomod.c estimated size: 356

shared
		i2_I2C_2_Master_Stop		CODE           	242C	0000	10
		i2_I2C_2_Master_Idle		CODE           	22F2	0000	40
		__initialization		CODE           	2276	0000	32
		i2_clear_interrupt_flag		CODE           	23D0	0000	22
		i2_I2C_2_Master_Write		CODE           	2402	0000	12
		i2_I2C_2_Master_Start		CODE           	2436	0000	10

shared estimated size: 126

C:\Program Files\Microchip\xc8\v2.40\pic\sources\c99\common\putch.c
		_putch         		CODE           	2440	0000	2

C:\Program Files\Microchip\xc8\v2.40\pic\sources\c99\common\putch.c estimated size: 2

C:\Program Files\Microchip\xc8\v2.40\pic\sources\c99\common\doprnt.c
		_vfpfcnvrt     		CODE           	1A08	0000	350
		_pad           		CODE           	1DD2	0000	122
		_dtoa          		CODE           	114E	0000	636
		_vfprintf      		CODE           	1F28	0000	84

C:\Program Files\Microchip\xc8\v2.40\pic\sources\c99\common\doprnt.c estimated size: 1192

colour_identify.c
		_clear_read_calibration		CODE           	1B66	0000	282
		_collect_avg_readings		CODE           	13CA	0000	486

colour_identify.c estimated size: 768

main.c
		_main          		CODE           	0E7C	0000	722

main.c estimated size: 722

C:\Program Files\Microchip\xc8\v2.40\pic\sources\c99\common\aodiv.c
		___aodiv       		CODE           	15B0	0000	392

C:\Program Files\Microchip\xc8\v2.40\pic\sources\c99\common\aodiv.c estimated size: 392

